Component: ARM Compiler 5.05 update 1 (build 106) Tool: armlink [4d0efa]

==============================================================================

Section Cross References

    main.o(i.ADC_IRQHandler) refers to uidiv.o(.text) for __aeabi_uidivmod
    main.o(i.ADC_IRQHandler) refers to idiv.o(.text) for __aeabi_idivmod
    main.o(i.ADC_IRQHandler) refers to ble_bas.o(i.ble_bas_battery_level_update) for ble_bas_battery_level_update
    main.o(i.ADC_IRQHandler) refers to app_error.o(i.app_error_handler) for app_error_handler
    main.o(i.ADC_IRQHandler) refers to main.o(.bss) for .bss
    main.o(i.advertising_start) refers to pstorage.o(i.pstorage_access_status_get) for pstorage_access_status_get
    main.o(i.advertising_start) refers to app_error.o(i.app_error_handler) for app_error_handler
    main.o(i.advertising_start) refers to bsp.o(i.bsp_indication_set) for bsp_indication_set
    main.o(i.advertising_start) refers to main.o(.data) for .data
    main.o(i.app_timer_evt_get) refers to app_error.o(i.app_error_handler) for app_error_handler
    main.o(i.app_timer_evt_schedule) refers to app_scheduler.o(i.app_sched_event_put) for app_sched_event_put
    main.o(i.app_timer_evt_schedule) refers to main.o(i.app_timer_evt_get) for app_timer_evt_get
    main.o(i.assert_nrf_callback) refers to app_error.o(i.app_error_handler) for app_error_handler
    main.o(i.ble_evt_dispatch) refers to device_manager_peripheral.o(i.dm_ble_evt_handler) for dm_ble_evt_handler
    main.o(i.ble_evt_dispatch) refers to bsp.o(i.bsp_indication_set) for bsp_indication_set
    main.o(i.ble_evt_dispatch) refers to app_error.o(i.app_error_handler) for app_error_handler
    main.o(i.ble_evt_dispatch) refers to ads1291-2.o(i.ads1291_2_wake) for ads1291_2_wake
    main.o(i.ble_evt_dispatch) refers to app_timer.o(i.app_timer_start) for app_timer_start
    main.o(i.ble_evt_dispatch) refers to app_timer.o(i.app_timer_stop) for app_timer_stop
    main.o(i.ble_evt_dispatch) refers to ads1291-2.o(i.ads1291_2_standby) for ads1291_2_standby
    main.o(i.ble_evt_dispatch) refers to main.o(i.advertising_start) for advertising_start
    main.o(i.ble_evt_dispatch) refers to main.o(i.__ARM_common_memcpy1_6) for __ARM_common_memcpy1_6
    main.o(i.ble_evt_dispatch) refers to memcmp.o(.text) for memcmp
    main.o(i.ble_evt_dispatch) refers to bsp.o(i.bsp_buttons_enable) for bsp_buttons_enable
    main.o(i.ble_evt_dispatch) refers to ble_conn_params.o(i.ble_conn_params_on_ble_evt) for ble_conn_params_on_ble_evt
    main.o(i.ble_evt_dispatch) refers to ble_bms.o(i.ble_bms_on_ble_evt) for ble_bms_on_ble_evt
    main.o(i.ble_evt_dispatch) refers to ble_bas.o(i.ble_bas_on_ble_evt) for ble_bas_on_ble_evt
    main.o(i.ble_evt_dispatch) refers to ble_dfu.o(i.ble_dfu_on_ble_evt) for ble_dfu_on_ble_evt
    main.o(i.ble_evt_dispatch) refers to main.o(.data) for .data
    main.o(i.ble_evt_dispatch) refers to main.o(.bss) for .bss
    main.o(i.body_voltage_meas_timeout_handler) refers to ble_bms.o(i.ble_bms_body_voltage_measurement_send) for ble_bms_body_voltage_measurement_send
    main.o(i.body_voltage_meas_timeout_handler) refers to app_error.o(i.app_error_handler) for app_error_handler
    main.o(i.body_voltage_meas_timeout_handler) refers to main.o(.data) for .data
    main.o(i.body_voltage_meas_timeout_handler) refers to main.o(.bss) for .bss
    main.o(i.conn_params_error_handler) refers to app_error.o(i.app_error_handler) for app_error_handler
    main.o(i.device_manager_evt_handler) refers to app_error.o(i.app_error_handler) for app_error_handler
    main.o(i.device_manager_evt_handler) refers to device_manager_peripheral.o(i.dm_application_context_get) for dm_application_context_get
    main.o(i.device_manager_evt_handler) refers to device_manager_peripheral.o(i.dm_application_context_delete) for dm_application_context_delete
    main.o(i.device_manager_evt_handler) refers to main.o(.data) for .data
    main.o(i.main) refers to softdevice_handler.o(i.softdevice_handler_init) for softdevice_handler_init
    main.o(i.main) refers to app_error.o(i.app_error_handler) for app_error_handler
    main.o(i.main) refers to softdevice_handler.o(i.softdevice_ble_evt_handler_set) for softdevice_ble_evt_handler_set
    main.o(i.main) refers to softdevice_handler.o(i.softdevice_sys_evt_handler_set) for softdevice_sys_evt_handler_set
    main.o(i.main) refers to app_timer.o(i.app_timer_init) for app_timer_init
    main.o(i.main) refers to app_timer.o(i.app_timer_create) for app_timer_create
    main.o(i.main) refers to app_gpiote.o(i.app_gpiote_init) for app_gpiote_init
    main.o(i.main) refers to bsp.o(i.bsp_init) for bsp_init
    main.o(i.main) refers to bsp.o(i.bsp_buttons_enable) for bsp_buttons_enable
    main.o(i.main) refers to pstorage.o(i.pstorage_init) for pstorage_init
    main.o(i.main) refers to device_manager_peripheral.o(i.dm_init) for dm_init
    main.o(i.main) refers to main.o(i.__ARM_common_memclr1_5) for __ARM_common_memclr1_5
[...]
    Removing ads1291-2.o(i.ads1291_2_soft_stop_conversion), (30 bytes).
    Removing ads1291-2.o(i.ads1291_2_start_rdatac), (30 bytes).
    Removing bsp.o(.rev16_text), (4 bytes).
    Removing bsp.o(.revsh_text), (4 bytes).
    Removing bsp.o(i.bsp_button_is_pressed), (44 bytes).
    Removing bsp.o(i.bsp_buttons_state_get), (68 bytes).
    Removing bsp.o(i.bsp_event_to_button_assign), (24 bytes).
    Removing bsp.o(i.bsp_indication_text_set), (28 bytes).
    Removing system_nrf51.o(.rev16_text), (4 bytes).
    Removing system_nrf51.o(.revsh_text), (4 bytes).
    Removing system_nrf51.o(i.SystemCoreClockUpdate), (16 bytes).
    Removing ble_dfu.o(i.ble_dfu_bytes_rcvd_report), (112 bytes).
    Removing ble_dfu.o(i.ble_dfu_pkts_rcpt_notify), (108 bytes).
    Removing device_manager_peripheral.o(.rev16_text), (4 bytes).
    Removing device_manager_peripheral.o(.revsh_text), (4 bytes).
    Removing device_manager_peripheral.o(i.bond_data_load), (76 bytes).
    Removing device_manager_peripheral.o(i.dm_application_instance_set), (64 bytes).
    Removing device_manager_peripheral.o(i.dm_device_add), (8 bytes).
    Removing device_manager_peripheral.o(i.dm_device_delete), (176 bytes).
    Removing device_manager_peripheral.o(i.dm_device_delete_all), (164 bytes).
    Removing device_manager_peripheral.o(i.dm_handle_initialize), (28 bytes).
    Removing device_manager_peripheral.o(i.dm_peer_addr_set), (140 bytes).
    Removing device_manager_peripheral.o(i.dm_security_setup_req), (100 bytes).
    Removing device_manager_peripheral.o(i.dm_security_status_req), (124 bytes).
    Removing device_manager_peripheral.o(i.dm_service_context_delete), (96 bytes).
    Removing device_manager_peripheral.o(i.dm_service_context_get), (208 bytes).
    Removing device_manager_peripheral.o(i.dm_service_context_set), (180 bytes).
    Removing device_manager_peripheral.o(i.dm_whitelist_create), (208 bytes).
    Removing device_manager_peripheral.o(.constdata), (4 bytes).
    Removing ble_conn_params.o(i.ble_conn_params_change_conn_params), (96 bytes).
    Removing nrf_adc.o(.rev16_text), (4 bytes).
    Removing nrf_adc.o(.revsh_text), (4 bytes).
    Removing nrf_adc.o(i.nrf_adc_convert_single), (68 bytes).
    Removing nrf_delay.o(.rev16_text), (4 bytes).
    Removing nrf_delay.o(.revsh_text), (4 bytes).
    Removing app_uart.o(.rev16_text), (4 bytes).
    Removing app_uart.o(.revsh_text), (4 bytes).
    Removing app_uart.o(i.action_tx_stop), (40 bytes).
    Removing app_uart.o(i.app_uart_close), (48 bytes).
    Removing app_uart.o(i.app_uart_flush), (4 bytes).
    Removing app_uart.o(i.app_uart_get), (40 bytes).
    Removing app_uart.o(i.app_uart_get_connection_state), (20 bytes).
    Removing app_uart.o(i.app_uart_init), (456 bytes).
    Removing app_uart.o(i.app_uart_put), (36 bytes).
    Removing app_uart.o(i.gpiote_uart_event_handler), (64 bytes).
    Removing pstorage.o(.rev16_text), (4 bytes).
    Removing pstorage.o(.revsh_text), (4 bytes).
    Removing spi_master.o(.rev16_text), (4 bytes).
    Removing spi_master.o(.revsh_text), (4 bytes).
    Removing spi_master.o(i.spi_master_close), (192 bytes).
    Removing dfu_app_handler.o(.rev16_text), (4 bytes).
    Removing dfu_app_handler.o(.revsh_text), (4 bytes).
    Removing dfu_app_handler.o(.emb_text), (30 bytes).
    Removing dfu_app_handler.o(i.dfu_app_dm_appl_instance_set), (28 bytes).
    Removing app_button.o(.rev16_text), (4 bytes).
    Removing app_button.o(.revsh_text), (4 bytes).
    Removing app_button.o(i.app_button_disable), (36 bytes).
    Removing app_button.o(i.app_button_is_pushed), (92 bytes).
    Removing app_error.o(.rev16_text), (4 bytes).
    Removing app_error.o(.revsh_text), (4 bytes).
    Removing app_gpiote.o(.rev16_text), (4 bytes).
    Removing app_gpiote.o(.revsh_text), (4 bytes).
    Removing app_gpiote.o(i.app_gpiote_user_disable), (112 bytes).
    Removing app_scheduler.o(.rev16_text), (4 bytes).
    Removing app_scheduler.o(.revsh_text), (4 bytes).
    Removing app_timer.o(.rev16_text), (4 bytes).
    Removing app_timer.o(.revsh_text), (4 bytes).
    Removing app_timer.o(i.app_timer_cnt_diff_compute), (12 bytes).
    Removing app_timer.o(i.app_timer_cnt_get), (16 bytes).
    Removing app_timer.o(i.app_timer_stop_all), (180 bytes).
    Removing retarget.o(.rev16_text), (4 bytes).
    Removing retarget.o(.revsh_text), (4 bytes).
    Removing retarget.o(i.fgetc), (18 bytes).
    Removing retarget.o(i.fputc), (14 bytes).
    Removing retarget.o(.data), (4 bytes).
    Removing retarget.o(.data), (4 bytes).
    Removing sensorsim.o(i.sensorsim_init), (24 bytes).
    Removing sensorsim.o(i.sensorsim_measure), (56 bytes).
    Removing softdevice_handler.o(.rev16_text), (4 bytes).
    Removing softdevice_handler.o(.revsh_text), (4 bytes).
    Removing softdevice_handler.o(i.intern_softdevice_events_execute), (128 bytes).
    Removing softdevice_handler.o(i.softdevice_handler_sd_disable), (24 bytes).
    Removing spi_master.o(i.spi_master_get_state), (32 bytes).

97 unused section(s) (total 4378 bytes) removed from the image.

==============================================================================

Image Symbol Table

    Local Symbols

    Symbol Name                              Value     Ov Type        Size  Object(Section)

    ../clib/../cmprslib/zerorunl.c           0x00000000   Number         0  __dczerorl.o ABSOLUTE
    ../clib/microlib/division.c              0x00000000   Number         0  uidiv.o ABSOLUTE
    ../clib/microlib/division.c              0x00000000   Number         0  idiv.o ABSOLUTE
    ../clib/microlib/init/entry.s            0x00000000   Number         0  entry11b.o ABSOLUTE
    ../clib/microlib/init/entry.s            0x00000000   Number         0  entry11a.o ABSOLUTE
    ../clib/microlib/init/entry.s            0x00000000   Number         0  entry10b.o ABSOLUTE
    ../clib/microlib/init/entry.s            0x00000000   Number         0  entry7a.o ABSOLUTE
    ../clib/microlib/init/entry.s            0x00000000   Number         0  entry10a.o ABSOLUTE
    ../clib/microlib/init/entry.s            0x00000000   Number         0  entry9b.o ABSOLUTE
    ../clib/microlib/init/entry.s            0x00000000   Number         0  entry9a.o ABSOLUTE
    ../clib/microlib/init/entry.s            0x00000000   Number         0  entry2.o ABSOLUTE
    ../clib/microlib/init/entry.s            0x00000000   Number         0  entry8b.o ABSOLUTE
    ../clib/microlib/init/entry.s            0x00000000   Number         0  entry8a.o ABSOLUTE
    ../clib/microlib/init/entry.s            0x00000000   Number         0  entry5.o ABSOLUTE
    ../clib/microlib/init/entry.s            0x00000000   Number         0  entry7b.o ABSOLUTE
    ../clib/microlib/init/entry.s            0x00000000   Number         0  entry.o ABSOLUTE
    ../clib/microlib/malloc/malloc.c         0x00000000   Number         0  malloc.o ABSOLUTE
    ../clib/microlib/malloc/malloc.c         0x00000000   Number         0  mallocr.o ABSOLUTE
    ../clib/microlib/malloc/malloc.c         0x00000000   Number         0  malloca.o ABSOLUTE
    ../clib/microlib/malloc/malloc.c         0x00000000   Number         0  mallocra.o ABSOLUTE
    ../clib/microlib/malloc/mvars.c          0x00000000   Number         0  mvars.o ABSOLUTE
    ../clib/microlib/string/memcmp.c         0x00000000   Number         0  memcmp.o ABSOLUTE
    ../clib/microlib/string/memcpy.c         0x00000000   Number         0  memcpyb.o ABSOLUTE
    ../clib/microlib/string/memcpy.c         0x00000000   Number         0  memmoveb.o ABSOLUTE
    ../clib/microlib/string/memcpy.c         0x00000000   Number         0  memcpya.o ABSOLUTE
    ../clib/microlib/string/memcpy.c         0x00000000   Number         0  memmovea.o ABSOLUTE
    ../clib/microlib/string/memset.c         0x00000000   Number         0  memseta.o ABSOLUTE
    ../clib/microlib/string/strlen.c         0x00000000   Number         0  strlen.o ABSOLUTE
    ..\..\..\main.c                          0x00000000   Number         0  main.o ABSOLUTE
    ..\\..\\..\\main.c                       0x00000000   Number         0  main.o ABSOLUTE
    C:\Keil_v5\ARM\PACK\NordicSemiconductor\nRF_BLE\2.0.0\ble_services\ble_bas\ble_bas.c 0x00000000   Number         0  ble_bas.o ABSOLUTE
    C:\Keil_v5\ARM\PACK\NordicSemiconductor\nRF_BLE\2.0.0\ble_services\ble_dfu\ble_dfu.c 0x00000000   Number         0  ble_dfu.o ABSOLUTE
    C:\Keil_v5\ARM\PACK\NordicSemiconductor\nRF_BLE\2.0.0\ble_services\ble_dis\ble_dis.c 0x00000000   Number         0  ble_dis.o ABSOLUTE
    C:\Keil_v5\ARM\PACK\NordicSemiconductor\nRF_BLE\2.0.0\common\ble_srv_common.c 0x00000000   Number         0  ble_srv_common.o ABSOLUTE
    C:\Keil_v5\ARM\PACK\NordicSemiconductor\nRF_BLE\2.0.0\device_manager\device_manager_peripheral.c 0x00000000   Number         0  device_manager_peripheral.o ABSOLUTE
    C:\Keil_v5\ARM\PACK\NordicSemiconductor\nRF_Drivers\2.0.0\hal\nrf_adc.c 0x00000000   Number         0  nrf_adc.o ABSOLUTE
    C:\Keil_v5\ARM\PACK\NordicSemiconductor\nRF_Drivers\2.0.0\hal\nrf_delay.c 0x00000000   Number         0  nrf_delay.o ABSOLUTE
    C:\Keil_v5\ARM\PACK\NordicSemiconductor\nRF_Libraries\2.0.0\bootloader_dfu\bootloader_util_arm.c 0x00000000   Number         0  bootloader_util_arm.o ABSOLUTE
    C:\Keil_v5\ARM\PACK\NordicSemiconductor\nRF_Libraries\2.0.0\bootloader_dfu\dfu_app_handler.c 0x00000000   Number         0  dfu_app_handler.o ABSOLUTE
    C:\\Keil_v5\\ARM\\PACK\\NordicSemiconductor\\nRF_BLE\\2.0.0\\device_manager\\device_manager_peripheral.c 0x00000000   Number         0  device_manager_peripheral.o ABSOLUTE
    C:\\Keil_v5\\ARM\\PACK\\NordicSemiconductor\\nRF_Drivers\\2.0.0\\hal\\nrf_adc.c 0x00000000   Number         0  nrf_adc.o ABSOLUTE
    C:\\Keil_v5\\ARM\\PACK\\NordicSemiconductor\\nRF_Drivers\\2.0.0\\hal\\nrf_delay.c 0x00000000   Number         0  nrf_delay.o ABSOLUTE
    C:\\Keil_v5\\ARM\\PACK\\NordicSemiconductor\\nRF_Libraries\\2.0.0\\bootloader_dfu\\bootloader_util_arm.c 0x00000000   Number         0  bootloader_util_arm.o ABSOLUTE
    C:\\Keil_v5\\ARM\\PACK\\NordicSemiconductor\\nRF_Libraries\\2.0.0\\bootloader_dfu\\dfu_app_handler.c 0x00000000   Number         0  dfu_app_handler.o ABSOLUTE
    RTE\Board_Support\nRF51422_xxAC\bsp.c    0x00000000   Number         0  bsp.o ABSOLUTE
    RTE\Device\nRF51422_xxAC\arm_startup_nrf51.s 0x00000000   Number         0  arm_startup_nrf51.o ABSOLUTE
    RTE\Device\nRF51422_xxAC\system_nrf51.c  0x00000000   Number         0  system_nrf51.o ABSOLUTE
    RTE\\Board_Support\\nRF51422_xxAC\\bsp.c 0x00000000   Number         0  bsp.o ABSOLUTE
    RTE\\Device\\nRF51422_xxAC\\system_nrf51.c 0x00000000   Number         0  system_nrf51.o ABSOLUTE
    RTE\\nRF_Drivers\\nRF51422_xxAC\\app_uart.c 0x00000000   Number         0  app_uart.o ABSOLUTE
    RTE\\nRF_Drivers\\nRF51422_xxAC\\pstorage.c 0x00000000   Number         0  pstorage.o ABSOLUTE
    RTE\\nRF_Drivers\\nRF51422_xxAC\\spi_master.c 0x00000000   Number         0  spi_master.o ABSOLUTE
    RTE\\nRF_Libraries\\nRF51422_xxAC\\app_button.c 0x00000000   Number         0  app_button.o ABSOLUTE
    RTE\\nRF_Libraries\\nRF51422_xxAC\\app_error.c 0x00000000   Number         0  app_error.o ABSOLUTE
    RTE\\nRF_Libraries\\nRF51422_xxAC\\app_gpiote.c 0x00000000   Number         0  app_gpiote.o ABSOLUTE
    RTE\\nRF_Libraries\\nRF51422_xxAC\\app_scheduler.c 0x00000000   Number         0  app_scheduler.o ABSOLUTE
    RTE\\nRF_Libraries\\nRF51422_xxAC\\app_timer.c 0x00000000   Number         0  app_timer.o ABSOLUTE
    RTE\\nRF_Libraries\\nRF51422_xxAC\\retarget.c 0x00000000   Number         0  retarget.o ABSOLUTE
    RTE\\nRF_SoftDevice\\nRF51422_xxAC\\softdevice_handler.c 0x00000000   Number         0  softdevice_handler.o ABSOLUTE
    RTE\ble_bms.c                            0x00000000   Number         0  ble_bms.o ABSOLUTE
    RTE\nRF_BLE\nRF51422_xxAC\ble_advdata.c  0x00000000   Number         0  ble_advdata.o ABSOLUTE
    RTE\nRF_BLE\nRF51422_xxAC\ble_conn_params.c 0x00000000   Number         0  ble_conn_params.o ABSOLUTE
    RTE\nRF_Drivers\nRF51422_xxAC\app_uart.c 0x00000000   Number         0  app_uart.o ABSOLUTE
    RTE\nRF_Drivers\nRF51422_xxAC\pstorage.c 0x00000000   Number         0  pstorage.o ABSOLUTE
    RTE\nRF_Drivers\nRF51422_xxAC\spi_master.c 0x00000000   Number         0  spi_master.o ABSOLUTE
    RTE\nRF_Libraries\nRF51422_xxAC\app_button.c 0x00000000   Number         0  app_button.o ABSOLUTE
    RTE\nRF_Libraries\nRF51422_xxAC\app_error.c 0x00000000   Number         0  app_error.o ABSOLUTE
    RTE\nRF_Libraries\nRF51422_xxAC\app_gpiote.c 0x00000000   Number         0  app_gpiote.o ABSOLUTE
    RTE\nRF_Libraries\nRF51422_xxAC\app_scheduler.c 0x00000000   Number         0  app_scheduler.o ABSOLUTE
    RTE\nRF_Libraries\nRF51422_xxAC\app_timer.c 0x00000000   Number         0  app_timer.o ABSOLUTE
    RTE\nRF_Libraries\nRF51422_xxAC\app_trace.c 0x00000000   Number         0  app_trace.o ABSOLUTE
    RTE\nRF_Libraries\nRF51422_xxAC\nrf_assert.c 0x00000000   Number         0  nrf_assert.o ABSOLUTE
    RTE\nRF_Libraries\nRF51422_xxAC\retarget.c 0x00000000   Number         0  retarget.o ABSOLUTE
    RTE\nRF_Libraries\nRF51422_xxAC\sensorsim.c 0x00000000   Number         0  sensorsim.o ABSOLUTE
    RTE\nRF_SoftDevice\nRF51422_xxAC\softdevice_handler.c 0x00000000   Number         0  softdevice_handler.o ABSOLUTE
    ads1291-2.c                              0x00000000   Number         0  ads1291-2.o ABSOLUTE
    ads1291-2.c                              0x00000000   Number         0  ads1291-2.o ABSOLUTE
    dc.s                                     0x00000000   Number         0  dc.o ABSOLUTE
    handlers.s                               0x00000000   Number         0  handlers.o ABSOLUTE
    init.s                                   0x00000000   Number         0  init.o ABSOLUTE
    RESET                                    0x00018000   Section      192  arm_startup_nrf51.o(RESET)
    .ARM.Collect$$$$00000000                 0x000180c0   Section        0  entry.o(.ARM.Collect$$$$00000000)
    .ARM.Collect$$$$00000001                 0x000180c0   Section        4  entry2.o(.ARM.Collect$$$$00000001)
    .ARM.Collect$$$$00000004                 0x000180c4   Section        4  entry5.o(.ARM.Collect$$$$00000004)
    .ARM.Collect$$$$00000008                 0x000180c8   Section        0  entry7b.o(.ARM.Collect$$$$00000008)
    .ARM.Collect$$$$0000000A                 0x000180c8   Section        0  entry8b.o(.ARM.Collect$$$$0000000A)
    .ARM.Collect$$$$0000000B                 0x000180c8   Section        8  entry9a.o(.ARM.Collect$$$$0000000B)
    .ARM.Collect$$$$0000000D                 0x000180d0   Section        0  entry10a.o(.ARM.Collect$$$$0000000D)
    .ARM.Collect$$$$0000000F                 0x000180d0   Section        0  entry11a.o(.ARM.Collect$$$$0000000F)
    .ARM.Collect$$$$00002712                 0x000180d0   Section        4  entry2.o(.ARM.Collect$$$$00002712)
    __lit__00000000                          0x000180d0   Data           4  entry2.o(.ARM.Collect$$$$00002712)
    .emb_text                                0x000180d4   Section       30  nrf_delay.o(.emb_text)
    .emb_text                                0x000180f4   Section       68  bootloader_util_arm.o(.emb_text)
    .emb_text                                0x00018138   Section       30  app_timer.o(.emb_text)
    .text                                    0x00018158   Section       56  arm_startup_nrf51.o(.text)
    .text                                    0x00018190   Section        0  uidiv.o(.text)
    .text                                    0x000181bc   Section        0  idiv.o(.text)
    .text                                    0x000181e4   Section        0  memmovea.o(.text)
    .text                                    0x00018224   Section        0  memseta.o(.text)
    .text                                    0x00018248   Section        0  strlen.o(.text)
    .text                                    0x00018256   Section        0  memcmp.o(.text)
    .text                                    0x00018270   Section       36  init.o(.text)
    .text                                    0x00018294   Section        0  __dczerorl.o(.text)
    i.ADC_IRQHandler                         0x000182d0   Section        0  main.o(i.ADC_IRQHandler)
    i.GPIOTE_IRQHandler                      0x000183c0   Section        0  app_gpiote.o(i.GPIOTE_IRQHandler)
    i.RTC1_IRQHandler                        0x00018500   Section        0  app_timer.o(i.RTC1_IRQHandler)
    i.SPI0_TWI0_IRQHandler                   0x000185a4   Section        0  spi_master.o(i.SPI0_TWI0_IRQHandler)
    i.SWI0_IRQHandler                        0x0001868c   Section        0  app_timer.o(i.SWI0_IRQHandler)
    i.SWI2_IRQHandler                        0x00018694   Section        0  softdevice_handler.o(i.SWI2_IRQHandler)
    i.SystemInit                             0x0001872c   Section        0  system_nrf51.o(i.SystemInit)
    i.UART0_IRQHandler                       0x000187ac   Section        0  app_uart.o(i.UART0_IRQHandler)
    i.__ARM_common_memclr1_5                 0x0001882c   Section        0  main.o(i.__ARM_common_memclr1_5)
    i.__ARM_common_memclr1_6                 0x0001883a   Section        0  device_manager_peripheral.o(i.__ARM_common_memclr1_6)
    i.__ARM_common_memclr2_7                 0x0001884a   Section        0  device_manager_peripheral.o(i.__ARM_common_memclr2_7)
    i.__ARM_common_memcpy1_5                 0x00018856   Section        0  device_manager_peripheral.o(i.__ARM_common_memcpy1_5)
    i.__ARM_common_memcpy1_6                 0x0001886c   Section        0  main.o(i.__ARM_common_memcpy1_6)
    i.__scatterload_copy                     0x00018886   Section       14  handlers.o(i.__scatterload_copy)
    i.__scatterload_null                     0x00018894   Section        2  handlers.o(i.__scatterload_null)
    i.__scatterload_zeroinit                 0x00018896   Section       14  handlers.o(i.__scatterload_zeroinit)
    i.ads1291_2_init_regs                    0x000188a4   Section        0  ads1291-2.o(i.ads1291_2_init_regs)
    i.ads1291_2_powerdn                      0x000188f0   Section        0  ads1291-2.o(i.ads1291_2_powerdn)
    i.ads1291_2_powerup                      0x000188fc   Section        0  ads1291-2.o(i.ads1291_2_powerup)
    i.ads1291_2_rreg                         0x00018914   Section        0  ads1291-2.o(i.ads1291_2_rreg)
    i.ads1291_2_standby                      0x0001896c   Section        0  ads1291-2.o(i.ads1291_2_standby)
    i.ads1291_2_stop_rdatac                  0x0001898a   Section        0  ads1291-2.o(i.ads1291_2_stop_rdatac)
    i.ads1291_2_wake                         0x000189a8   Section        0  ads1291-2.o(i.ads1291_2_wake)
    i.ads1291_2_wreg                         0x000189d0   Section        0  ads1291-2.o(i.ads1291_2_wreg)
    i.adv_data_encode                        0x00018a2c   Section        0  ble_advdata.o(i.adv_data_encode)
    adv_data_encode                          0x00018a2d   Thumb Code   708  ble_advdata.o(i.adv_data_encode)
    i.advertising_start                      0x00018cf4   Section        0  main.o(i.advertising_start)
    advertising_start                        0x00018cf5   Thumb Code   104  main.o(i.advertising_start)
    i.alert_timer_handler                    0x00018d60   Section        0  bsp.o(i.alert_timer_handler)
    alert_timer_handler                      0x00018d61   Thumb Code    20  bsp.o(i.alert_timer_handler)
    i.app_button_enable                      0x00018d78   Section        0  app_button.o(i.app_button_enable)
    i.app_button_init                        0x00018d94   Section        0  app_button.o(i.app_button_init)
    i.app_error_handler                      0x00018e0c   Section        0  app_error.o(i.app_error_handler)
    i.app_gpiote_init                        0x00018e24   Section        0  app_gpiote.o(i.app_gpiote_init)
    i.app_gpiote_pins_state_get              0x00018e84   Section        0  app_gpiote.o(i.app_gpiote_pins_state_get)
    i.app_gpiote_user_enable                 0x00018eb8   Section        0  app_gpiote.o(i.app_gpiote_user_enable)
    i.app_gpiote_user_register               0x00018f58   Section        0  app_gpiote.o(i.app_gpiote_user_register)
    i.app_sched_event_put                    0x00018fd8   Section        0  app_scheduler.o(i.app_sched_event_put)
    i.app_sched_execute                      0x000190e8   Section        0  app_scheduler.o(i.app_sched_execute)
    i.app_sched_init                         0x00019150   Section        0  app_scheduler.o(i.app_sched_init)
    i.app_timer_create                       0x00019180   Section        0  app_timer.o(i.app_timer_create)
    i.app_timer_evt_get                      0x000191d8   Section        0  main.o(i.app_timer_evt_get)
    app_timer_evt_get                        0x000191d9   Thumb Code    26  main.o(i.app_timer_evt_get)
    i.app_timer_evt_schedule                 0x000191f4   Section        0  main.o(i.app_timer_evt_schedule)
    app_timer_evt_schedule                   0x000191f5   Thumb Code    22  main.o(i.app_timer_evt_schedule)
    i.app_timer_init                         0x00019210   Section        0  app_timer.o(i.app_timer_init)
    i.app_timer_start                        0x00019334   Section        0  app_timer.o(i.app_timer_start)
    i.app_timer_stop                         0x00019420   Section        0  app_timer.o(i.app_timer_stop)
    i.battery_level_meas_timeout_handler     0x000194e8   Section        0  main.o(i.battery_level_meas_timeout_handler)
    battery_level_meas_timeout_handler       0x000194e9   Thumb Code     8  main.o(i.battery_level_meas_timeout_handler)
    i.ble_advdata_set                        0x000194f4   Section        0  ble_advdata.o(i.ble_advdata_set)
    i.ble_bas_battery_level_update           0x00019550   Section        0  ble_bas.o(i.ble_bas_battery_level_update)
    i.ble_bas_init                           0x000195c0   Section        0  ble_bas.o(i.ble_bas_init)
    i.ble_bas_on_ble_evt                     0x00019718   Section        0  ble_bas.o(i.ble_bas_on_ble_evt)
    i.ble_bms_body_voltage_measurement_send  0x00019774   Section        0  ble_bms.o(i.ble_bms_body_voltage_measurement_send)
    i.ble_bms_bvm_add                        0x00019814   Section        0  ble_bms.o(i.ble_bms_bvm_add)
    i.ble_bms_init                           0x00019864   Section        0  ble_bms.o(i.ble_bms_init)
    i.ble_bms_on_ble_evt                     0x00019b30   Section        0  ble_bms.o(i.ble_bms_on_ble_evt)
    i.ble_conn_params_init                   0x00019bc4   Section        0  ble_conn_params.o(i.ble_conn_params_init)
    i.ble_conn_params_on_ble_evt             0x00019c30   Section        0  ble_conn_params.o(i.ble_conn_params_on_ble_evt)
    i.ble_conn_params_stop                   0x00019cdc   Section        0  ble_conn_params.o(i.ble_conn_params_stop)
    i.ble_dfu_init                           0x00019cec   Section        0  ble_dfu.o(i.ble_dfu_init)
    i.ble_dfu_on_ble_evt                     0x00019edc   Section        0  ble_dfu.o(i.ble_dfu_on_ble_evt)
    i.ble_dfu_response_send                  0x0001a05c   Section        0  ble_dfu.o(i.ble_dfu_response_send)
    i.ble_dis_init                           0x0001a0c4   Section        0  ble_dis.o(i.ble_dis_init)
    i.ble_evt_dispatch                       0x0001a27c   Section        0  main.o(i.ble_evt_dispatch)
    ble_evt_dispatch                         0x0001a27d   Thumb Code   342  main.o(i.ble_evt_dispatch)
    i.ble_srv_ascii_to_utf8                  0x0001a400   Section        0  ble_srv_common.o(i.ble_srv_ascii_to_utf8)
    i.ble_srv_report_ref_encode              0x0001a412   Section        0  ble_srv_common.o(i.ble_srv_report_ref_encode)
    i.body_voltage_meas_timeout_handler      0x0001a420   Section        0  main.o(i.body_voltage_meas_timeout_handler)
    body_voltage_meas_timeout_handler        0x0001a421   Thumb Code    46  main.o(i.body_voltage_meas_timeout_handler)
    i.bootloader_util_app_start              0x0001a460   Section        0  bootloader_util_arm.o(i.bootloader_util_app_start)
    i.bsp_button_event_handler               0x0001a468   Section        0  bsp.o(i.bsp_button_event_handler)
    bsp_button_event_handler                 0x0001a469   Thumb Code    54  bsp.o(i.bsp_button_event_handler)
    i.bsp_buttons_enable                     0x0001a4ac   Section        0  bsp.o(i.bsp_buttons_enable)
    i.bsp_indication_set                     0x0001a530   Section        0  bsp.o(i.bsp_indication_set)
    i.bsp_init                               0x0001a54c   Section        0  bsp.o(i.bsp_init)
    i.bsp_led_indication                     0x0001a5e8   Section        0  bsp.o(i.bsp_led_indication)
    bsp_led_indication                       0x0001a5e9   Thumb Code   710  bsp.o(i.bsp_led_indication)
    i.char_add                               0x0001a8bc   Section        0  ble_dis.o(i.char_add)
    char_add                                 0x0001a8bd   Thumb Code   146  ble_dis.o(i.char_add)
    i.cmd_process                            0x0001a954   Section        0  pstorage.o(i.cmd_process)
    cmd_process                              0x0001a955   Thumb Code   232  pstorage.o(i.cmd_process)
    i.cmd_queue_enqueue                      0x0001aa48   Section        0  pstorage.o(i.cmd_queue_enqueue)
    cmd_queue_enqueue                        0x0001aa49   Thumb Code    82  pstorage.o(i.cmd_queue_enqueue)
    i.conn_params_error_handler              0x0001aaa0   Section        0  main.o(i.conn_params_error_handler)
    conn_params_error_handler                0x0001aaa1   Thumb Code    12  main.o(i.conn_params_error_handler)
    i.conn_params_negotiation                0x0001aaac   Section        0  ble_conn_params.o(i.conn_params_negotiation)
    conn_params_negotiation                  0x0001aaad   Thumb Code    94  ble_conn_params.o(i.conn_params_negotiation)
    i.detection_delay_timeout_handler        0x0001ab1c   Section        0  app_button.o(i.detection_delay_timeout_handler)
    detection_delay_timeout_handler          0x0001ab1d   Thumb Code   102  app_button.o(i.detection_delay_timeout_handler)
    i.device_context_store                   0x0001ab8c   Section        0  device_manager_peripheral.o(i.device_context_store)
    device_context_store                     0x0001ab8d   Thumb Code   150  device_manager_peripheral.o(i.device_context_store)
    i.device_manager_evt_handler             0x0001ac48   Section        0  main.o(i.device_manager_evt_handler)
    device_manager_evt_handler               0x0001ac49   Thumb Code   132  main.o(i.device_manager_evt_handler)
    i.dfu_app_on_dfu_evt                     0x0001ace4   Section        0  dfu_app_handler.o(i.dfu_app_on_dfu_evt)
    i.dfu_app_reset_prepare                  0x0001ae44   Section        0  dfu_app_handler.o(i.dfu_app_reset_prepare)
    dfu_app_reset_prepare                    0x0001ae45   Thumb Code     2  dfu_app_handler.o(i.dfu_app_reset_prepare)
    i.dfu_app_reset_prepare_set              0x0001ae48   Section        0  dfu_app_handler.o(i.dfu_app_reset_prepare_set)
    i.dm_application_context_delete          0x0001ae54   Section        0  device_manager_peripheral.o(i.dm_application_context_delete)
    i.dm_application_context_get             0x0001ae5c   Section        0  device_manager_peripheral.o(i.dm_application_context_get)
    i.dm_application_context_set             0x0001ae64   Section        0  device_manager_peripheral.o(i.dm_application_context_set)
    i.dm_ble_evt_handler                     0x0001ae6c   Section        0  device_manager_peripheral.o(i.dm_ble_evt_handler)
    i.dm_distributed_keys_get                0x0001b360   Section        0  device_manager_peripheral.o(i.dm_distributed_keys_get)
    i.dm_handle_get                          0x0001b418   Section        0  device_manager_peripheral.o(i.dm_handle_get)
    i.dm_init                                0x0001b464   Section        0  device_manager_peripheral.o(i.dm_init)
    i.dm_peer_addr_get                       0x0001b578   Section        0  device_manager_peripheral.o(i.dm_peer_addr_get)
    i.dm_pstorage_cb_handler                 0x0001b604   Section        0  device_manager_peripheral.o(i.dm_pstorage_cb_handler)
    dm_pstorage_cb_handler                   0x0001b605   Thumb Code   346  device_manager_peripheral.o(i.dm_pstorage_cb_handler)
    i.dm_register                            0x0001b780   Section        0  device_manager_peripheral.o(i.dm_register)
    i.free                                   0x0001b7fc   Section        0  malloc.o(i.free)
    i.gattc_context_apply                    0x0001b850   Section        0  device_manager_peripheral.o(i.gattc_context_apply)
    gattc_context_apply                      0x0001b851   Thumb Code     4  device_manager_peripheral.o(i.gattc_context_apply)
    i.gattc_context_load                     0x0001b854   Section        0  device_manager_peripheral.o(i.gattc_context_load)
    gattc_context_load                       0x0001b855   Thumb Code     4  device_manager_peripheral.o(i.gattc_context_load)
    i.gattc_context_store                    0x0001b858   Section        0  device_manager_peripheral.o(i.gattc_context_store)
    gattc_context_store                      0x0001b859   Thumb Code     4  device_manager_peripheral.o(i.gattc_context_store)
    i.gatts_context_apply                    0x0001b85c   Section        0  device_manager_peripheral.o(i.gatts_context_apply)
    gatts_context_apply                      0x0001b85d   Thumb Code   158  device_manager_peripheral.o(i.gatts_context_apply)
    i.gatts_context_load                     0x0001b910   Section        0  device_manager_peripheral.o(i.gatts_context_load)
    gatts_context_load                       0x0001b911   Thumb Code    44  device_manager_peripheral.o(i.gatts_context_load)
    i.gatts_context_store                    0x0001b940   Section        0  device_manager_peripheral.o(i.gatts_context_store)
    gatts_context_store                      0x0001b941   Thumb Code   174  device_manager_peripheral.o(i.gatts_context_store)
    i.gattsc_context_apply                   0x0001ba00   Section        0  device_manager_peripheral.o(i.gattsc_context_apply)
    gattsc_context_apply                     0x0001ba01   Thumb Code     8  device_manager_peripheral.o(i.gattsc_context_apply)
    i.gattsc_context_load                    0x0001ba08   Section        0  device_manager_peripheral.o(i.gattsc_context_load)
    gattsc_context_load                      0x0001ba09   Thumb Code    44  device_manager_peripheral.o(i.gattsc_context_load)
    i.gattsc_context_store                   0x0001ba38   Section        0  device_manager_peripheral.o(i.gattsc_context_store)
    gattsc_context_store                     0x0001ba39   Thumb Code     8  device_manager_peripheral.o(i.gattsc_context_store)
    i.gpiote_event_handler                   0x0001ba40   Section        0  app_button.o(i.gpiote_event_handler)
    gpiote_event_handler                     0x0001ba41   Thumb Code    38  app_button.o(i.gpiote_event_handler)
    i.leds_timer_handler                     0x0001ba70   Section        0  bsp.o(i.leds_timer_handler)
    leds_timer_handler                       0x0001ba71   Thumb Code    18  bsp.o(i.leds_timer_handler)
    i.main                                   0x0001ba88   Section        0  main.o(i.main)
    i.malloc                                 0x0001bf9c   Section        0  malloc.o(i.malloc)
    i.no_service_context_apply               0x0001c008   Section        0  device_manager_peripheral.o(i.no_service_context_apply)
    no_service_context_apply                 0x0001c009   Thumb Code     4  device_manager_peripheral.o(i.no_service_context_apply)
    i.no_service_context_load                0x0001c00c   Section        0  device_manager_peripheral.o(i.no_service_context_load)
    no_service_context_load                  0x0001c00d   Thumb Code     4  device_manager_peripheral.o(i.no_service_context_load)
    i.no_service_context_store               0x0001c010   Section        0  device_manager_peripheral.o(i.no_service_context_store)
    no_service_context_store                 0x0001c011   Thumb Code     4  device_manager_peripheral.o(i.no_service_context_store)
    i.nrf_adc_configure                      0x0001c014   Section        0  nrf_adc.o(i.nrf_adc_configure)
    i.nrf_delay_ms                           0x0001c05c   Section        0  nrf_delay.o(i.nrf_delay_ms)
    i.on_bas_evt                             0x0001c080   Section        0  main.o(i.on_bas_evt)
    on_bas_evt                               0x0001c081   Thumb Code    50  main.o(i.on_bas_evt)
    i.on_bms_evt                             0x0001c0b8   Section        0  main.o(i.on_bms_evt)
    on_bms_evt                               0x0001c0b9   Thumb Code   330  main.o(i.on_bms_evt)
    i.on_conn_params_evt                     0x0001c20c   Section        0  main.o(i.on_conn_params_evt)
    on_conn_params_evt                       0x0001c20d   Thumb Code    30  main.o(i.on_conn_params_evt)
    i.on_uart_event                          0x0001c230   Section        0  app_uart.o(i.on_uart_event)
    on_uart_event                            0x0001c231   Thumb Code   150  app_uart.o(i.on_uart_event)
    i.pstorage_access_status_get             0x0001c2d4   Section        0  pstorage.o(i.pstorage_access_status_get)
    i.pstorage_block_identifier_get          0x0001c2fc   Section        0  pstorage.o(i.pstorage_block_identifier_get)
    i.pstorage_clear                         0x0001c350   Section        0  pstorage.o(i.pstorage_clear)
    i.pstorage_init                          0x0001c3bc   Section        0  pstorage.o(i.pstorage_init)
    i.pstorage_load                          0x0001c468   Section        0  pstorage.o(i.pstorage_load)
    i.pstorage_register                      0x0001c4f4   Section        0  pstorage.o(i.pstorage_register)
    i.pstorage_store                         0x0001c5ec   Section        0  pstorage.o(i.pstorage_store)
    i.pstorage_sys_event_handler             0x0001c664   Section        0  pstorage.o(i.pstorage_sys_event_handler)
    i.pstorage_update                        0x0001c824   Section        0  pstorage.o(i.pstorage_update)
    i.reset_prepare                          0x0001c89c   Section        0  main.o(i.reset_prepare)
    reset_prepare                            0x0001c89d   Thumb Code    90  main.o(i.reset_prepare)
    i.sampling_timer_timeout_handler         0x0001c900   Section        0  main.o(i.sampling_timer_timeout_handler)
    sampling_timer_timeout_handler           0x0001c901   Thumb Code    68  main.o(i.sampling_timer_timeout_handler)
    i.softdevice_assertion_handler           0x0001c954   Section        0  softdevice_handler.o(i.softdevice_assertion_handler)
    i.softdevice_ble_evt_handler_set         0x0001c960   Section        0  softdevice_handler.o(i.softdevice_ble_evt_handler_set)
    i.softdevice_handler_init                0x0001c974   Section        0  softdevice_handler.o(i.softdevice_handler_init)
    i.softdevice_sys_evt_handler_set         0x0001c9ac   Section        0  softdevice_handler.o(i.softdevice_sys_evt_handler_set)
    i.spi_master_0_event_handler             0x0001c9c0   Section        0  main.o(i.spi_master_0_event_handler)
    i.spi_master_evt_handler_reg             0x0001c9c4   Section        0  spi_master.o(i.spi_master_evt_handler_reg)
    i.spi_master_open                        0x0001c9e4   Section        0  spi_master.o(i.spi_master_open)
    i.spi_master_send_recv                   0x0001cb1c   Section        0  spi_master.o(i.spi_master_send_recv)
    i.storage_operation_dummy_handler        0x0001cccc   Section        0  device_manager_peripheral.o(i.storage_operation_dummy_handler)
    storage_operation_dummy_handler          0x0001cccd   Thumb Code     4  device_manager_peripheral.o(i.storage_operation_dummy_handler)
    i.swap_state_process                     0x0001ccd0   Section        0  pstorage.o(i.swap_state_process)
    swap_state_process                       0x0001ccd1   Thumb Code   408  pstorage.o(i.swap_state_process)
    i.sys_evt_dispatch                       0x0001ce70   Section        0  main.o(i.sys_evt_dispatch)
    sys_evt_dispatch                         0x0001ce71   Thumb Code    34  main.o(i.sys_evt_dispatch)
    i.timer_list_handler                     0x0001ce98   Section        0  app_timer.o(i.timer_list_handler)
    timer_list_handler                       0x0001ce99   Thumb Code   976  app_timer.o(i.timer_list_handler)
    i.update_timeout_handler                 0x0001d298   Section        0  ble_conn_params.o(i.update_timeout_handler)
    update_timeout_handler                   0x0001d299   Thumb Code    86  ble_conn_params.o(i.update_timeout_handler)
    i.uuid_list_encode                       0x0001d300   Section        0  ble_advdata.o(i.uuid_list_encode)
    uuid_list_encode                         0x0001d301   Thumb Code   328  ble_advdata.o(i.uuid_list_encode)
    .constdata                               0x0001d448   Section       48  main.o(.constdata)
    .constdata                               0x0001d478   Section       16  ble_bms.o(.constdata)
    .constdata                               0x0001d488   Section       48  bsp.o(.constdata)
    m_buttons_list                           0x0001d488   Data          16  bsp.o(.constdata)
    app_buttons                              0x0001d498   Data          32  bsp.o(.constdata)
    .constdata                               0x0001d4b8   Section       16  ble_dfu.o(.constdata)
    .constdata                               0x0001d4c8   Section       48  device_manager_peripheral.o(.constdata)
    .constdata                               0x0001d4f8   Section        4  spi_master.o(.constdata)
    .data                                    0x20002000   Section       60  main.o(.data)
    m_memory_access_in_progress              0x20002000   Data           1  main.o(.data)
    m_app_handle                             0x20002001   Data           1  main.o(.data)
    m_conn_handle                            0x20002002   Data           2  main.o(.data)
    cnt                                      0x20002004   Data           4  main.o(.data)
    context_data                             0x20002008   Data           4  main.o(.data)
    m_battery_timer_id                       0x2000200c   Data           4  main.o(.data)
    m_bvm_send_timer_id                      0x20002010   Data           4  main.o(.data)
    m_sampling_timer_id                      0x20002014   Data           4  main.o(.data)
    m_sec_params                             0x20002018   Data           5  main.o(.data)
    m_auth_status                            0x2000201d   Data           6  main.o(.data)
    m_keys                                   0x20002024   Data          24  main.o(.data)
    .data                                    0x2000203c   Section       11  ads1291-2.o(.data)
    .data                                    0x20002048   Section       28  bsp.o(.data)
    m_stable_state                           0x20002048   Data           1  bsp.o(.data)
    m_app_ticks_per_100ms                    0x2000204c   Data           4  bsp.o(.data)
    m_indication_type                        0x20002050   Data           4  bsp.o(.data)
    m_registered_callback                    0x20002054   Data           4  bsp.o(.data)
    m_events_list                            0x20002058   Data           4  bsp.o(.data)
    m_leds_timer_id                          0x2000205c   Data           4  bsp.o(.data)
    m_alert_timer_id                         0x20002060   Data           4  bsp.o(.data)
    .data                                    0x20002064   Section        4  system_nrf51.o(.data)
    __tagsym$$used                           0x20002064   Number         0  system_nrf51.o(.data)
    .data                                    0x20002068   Section        8  ble_dfu.o(.data)
    m_is_dfu_service_initialized             0x20002068   Data           1  ble_dfu.o(.data)
    m_notif_buffer                           0x20002069   Data           7  ble_dfu.o(.data)
    .data                                    0x20002070   Section       74  ble_dis.o(.data)
    service_handle                           0x20002070   Data           2  ble_dis.o(.data)
    manufact_name_handles                    0x20002072   Data           8  ble_dis.o(.data)
    model_num_handles                        0x2000207a   Data           8  ble_dis.o(.data)
    serial_num_handles                       0x20002082   Data           8  ble_dis.o(.data)
    hw_rev_handles                           0x2000208a   Data           8  ble_dis.o(.data)
    fw_rev_handles                           0x20002092   Data           8  ble_dis.o(.data)
    sw_rev_handles                           0x2000209a   Data           8  ble_dis.o(.data)
    sys_id_handles                           0x200020a2   Data           8  ble_dis.o(.data)
    reg_cert_data_list_handles               0x200020aa   Data           8  ble_dis.o(.data)
    pnp_id_handles                           0x200020b2   Data           8  ble_dis.o(.data)
    .data                                    0x200020bc   Section       24  device_manager_peripheral.o(.data)
    m_module_initialized                     0x200020bc   Data           1  device_manager_peripheral.o(.data)
    m_peer_addr_update                       0x200020c0   Data           4  device_manager_peripheral.o(.data)
    m_irk_index_table                        0x200020c4   Data           7  device_manager_peripheral.o(.data)
    m_storage_handle                         0x200020cc   Data           8  device_manager_peripheral.o(.data)
    .data                                    0x200020d4   Section       24  ble_conn_params.o(.data)
    m_change_param                           0x200020d4   Data           1  ble_conn_params.o(.data)
    m_update_count                           0x200020d5   Data           1  ble_conn_params.o(.data)
    m_conn_handle                            0x200020d6   Data           2  ble_conn_params.o(.data)
    m_conn_params_timer_id                   0x200020d8   Data           4  ble_conn_params.o(.data)
    m_preferred_conn_params                  0x200020dc   Data           8  ble_conn_params.o(.data)
    m_current_conn_params                    0x200020e4   Data           8  ble_conn_params.o(.data)
    .data                                    0x200020ec   Section       16  app_uart.o(.data)
    m_instance_counter                       0x200020ec   Data           1  app_uart.o(.data)
    m_current_state                          0x200020ed   Data           1  app_uart.o(.data)
    m_tx_byte                                0x200020ee   Data           1  app_uart.o(.data)
    m_gpiote_uid                             0x200020ef   Data           1  app_uart.o(.data)
    m_rx_byte                                0x200020f0   Data           2  app_uart.o(.data)
    m_pin_cts_mask                           0x200020f4   Data           4  app_uart.o(.data)
    m_event_handler                          0x200020f8   Data           4  app_uart.o(.data)
    .data                                    0x200020fc   Section       12  pstorage.o(.data)
    m_module_initialized                     0x200020fc   Data           1  pstorage.o(.data)
    m_swap_state                             0x200020fd   Data           1  pstorage.o(.data)
    m_next_app_instance                      0x200020fe   Data           2  pstorage.o(.data)
    m_round_val                              0x20002100   Data           2  pstorage.o(.data)
    m_next_page_addr                         0x20002104   Data           4  pstorage.o(.data)
    .data                                    0x20002108   Section        8  dfu_app_handler.o(.data)
    m_reset_prepare                          0x20002108   Data           4  dfu_app_handler.o(.data)
    m_dm_handle                              0x2000210c   Data           4  dfu_app_handler.o(.data)
    .data                                    0x20002110   Section       24  app_button.o(.data)
    m_button_count                           0x20002110   Data           1  app_button.o(.data)
    m_gpiote_user_id                         0x20002111   Data           1  app_button.o(.data)
    mp_buttons                               0x20002114   Data           4  app_button.o(.data)
    m_detection_delay                        0x20002118   Data           4  app_button.o(.data)
    m_detection_delay_timer_id               0x2000211c   Data           4  app_button.o(.data)
    m_pin_transition                         0x20002120   Data           8  app_button.o(.data)
    .data                                    0x20002128   Section       12  app_gpiote.o(.data)
    m_user_array_size                        0x20002128   Data           1  app_gpiote.o(.data)
    m_user_count                             0x20002129   Data           1  app_gpiote.o(.data)
    mp_users                                 0x2000212c   Data           4  app_gpiote.o(.data)
    m_enabled_users_mask                     0x20002130   Data           4  app_gpiote.o(.data)
    .data                                    0x20002134   Section       16  app_scheduler.o(.data)
    m_queue_start_index                      0x20002134   Data           1  app_scheduler.o(.data)
    m_queue_end_index                        0x20002135   Data           1  app_scheduler.o(.data)
    m_queue_event_size                       0x20002136   Data           2  app_scheduler.o(.data)
    m_queue_size                             0x20002138   Data           2  app_scheduler.o(.data)
    m_queue_event_headers                    0x2000213c   Data           4  app_scheduler.o(.data)
    m_queue_event_data                       0x20002140   Data           4  app_scheduler.o(.data)
    .data                                    0x20002144   Section       36  app_timer.o(.data)
    m_node_array_size                        0x20002144   Data           1  app_timer.o(.data)
    m_user_array_size                        0x20002145   Data           1  app_timer.o(.data)
    m_ticks_elapsed_q_read_ind               0x20002146   Data           1  app_timer.o(.data)
    m_ticks_elapsed_q_write_ind              0x20002147   Data           1  app_timer.o(.data)
    m_rtc1_running                           0x20002148   Data           1  app_timer.o(.data)
    m_rtc1_reset                             0x20002149   Data           1  app_timer.o(.data)
    mp_nodes                                 0x2000214c   Data           4  app_timer.o(.data)
    mp_users                                 0x20002150   Data           4  app_timer.o(.data)
    m_timer_id_head                          0x20002154   Data           4  app_timer.o(.data)
    m_ticks_latest                           0x20002158   Data           4  app_timer.o(.data)
    m_evt_schedule_func                      0x2000215c   Data           4  app_timer.o(.data)
    m_ticks_elapsed                          0x20002160   Data           8  app_timer.o(.data)
    .data                                    0x20002168   Section       20  softdevice_handler.o(.data)
    m_softdevice_enabled                     0x20002168   Data           1  softdevice_handler.o(.data)
    m_ble_evt_buffer_size                    0x2000216a   Data           2  softdevice_handler.o(.data)
    m_evt_schedule_func                      0x2000216c   Data           4  softdevice_handler.o(.data)
    mp_ble_evt_buffer                        0x20002170   Data           4  softdevice_handler.o(.data)
    m_ble_evt_handler                        0x20002174   Data           4  softdevice_handler.o(.data)
    m_sys_evt_handler                        0x20002178   Data           4  softdevice_handler.o(.data)
    .data                                    0x2000217c   Section        4  mvars.o(.data)
    .data                                    0x20002180   Section        4  mvars.o(.data)
    .bss                                     0x20002184   Section     1352  main.o(.bss)
    APP_TIMER_BUF                            0x20002184   Data         776  main.o(.bss)
    m_enc_key                                0x2000248c   Data          28  main.o(.bss)
    m_id_key                                 0x200024a8   Data          23  main.o(.bss)
    m_sign_key                               0x200024bf   Data          16  main.o(.bss)
    BLE_EVT_BUFFER                           0x200024d0   Data          72  main.o(.bss)
    APP_SCHED_BUF                            0x20002518   Data         176  main.o(.bss)
    app_gpiote_buf                           0x200025c8   Data          60  main.o(.bss)
    m_bms                                    0x20002604   Data         108  main.o(.bss)
    m_bas                                    0x20002670   Data          24  main.o(.bss)
    m_dfus                                   0x20002688   Data          48  main.o(.bss)
    m_tx_data_spi                            0x200026b8   Data          10  main.o(.bss)
    m_rx_data_spi                            0x200026c2   Data          10  main.o(.bss)
    .bss                                     0x200026cc   Section      307  device_manager_peripheral.o(.bss)
    m_peer_table                             0x200026cc   Data         196  device_manager_peripheral.o(.bss)
    m_bond_table                             0x20002790   Data          28  device_manager_peripheral.o(.bss)
    m_gatts_table                            0x200027ac   Data          36  device_manager_peripheral.o(.bss)
    m_connection_table                       0x200027d0   Data          12  device_manager_peripheral.o(.bss)
    m_application_table                      0x200027dc   Data          12  device_manager_peripheral.o(.bss)
    m_local_id_info                          0x200027e8   Data          23  device_manager_peripheral.o(.bss)
    .bss                                     0x20002800   Section       28  ble_conn_params.o(.bss)
    m_conn_params_config                     0x20002800   Data          28  ble_conn_params.o(.bss)
    .bss                                     0x2000281c   Section      220  pstorage.o(.bss)
    m_cmd_queue                              0x2000281c   Data         204  pstorage.o(.bss)
    m_app_table                              0x200028e8   Data          16  pstorage.o(.bss)
    .bss                                     0x200028f8   Section       40  spi_master.o(.bss)
    m_spi_master_instances                   0x200028f8   Data          40  spi_master.o(.bss)
    .bss                                     0x20002920   Section       60  dfu_app_handler.o(.bss)
    m_peer_data                              0x20002920   Data          60  dfu_app_handler.o(.bss)
    HEAP                                     0x20002960   Section     2048  arm_startup_nrf51.o(HEAP)
    STACK                                    0x20003160   Section     2048  arm_startup_nrf51.o(STACK)

    Global Symbols

    Symbol Name                              Value     Ov Type        Size  Object(Section)

    BuildAttributes$$THM_ISAv3M$S$PE$A:L22$X:L11$S22$IEEE1$IW$USESV6$~STKCKD$USESV7$~SHL$OTIME$EBA8$MICROLIB$REQ8$PRES8$EABIv2 0x00000000   Number         0  anon$$obj.o ABSOLUTE
    __ARM_use_no_argv                        0x00000000   Number         0  main.o ABSOLUTE
    __cpp_initialize__aeabi_                  - Undefined Weak Reference
    __cxa_finalize                            - Undefined Weak Reference
    _clock_init                               - Undefined Weak Reference
    _microlib_exit                            - Undefined Weak Reference
    __Vectors_Size                           0x000000c0   Number         0  arm_startup_nrf51.o ABSOLUTE
    __Vectors                                0x00018000   Data           4  arm_startup_nrf51.o(RESET)
    __Vectors_End                            0x000180c0   Data           0  arm_startup_nrf51.o(RESET)
    __main                                   0x000180c1   Thumb Code     0  entry.o(.ARM.Collect$$$$00000000)
    _main_stk                                0x000180c1   Thumb Code     0  entry2.o(.ARM.Collect$$$$00000001)
    _main_scatterload                        0x000180c5   Thumb Code     0  entry5.o(.ARM.Collect$$$$00000004)
    __main_after_scatterload                 0x000180c9   Thumb Code     0  entry5.o(.ARM.Collect$$$$00000004)
    _main_clock                              0x000180c9   Thumb Code     0  entry7b.o(.ARM.Collect$$$$00000008)
    _main_cpp_init                           0x000180c9   Thumb Code     0  entry8b.o(.ARM.Collect$$$$0000000A)
    _main_init                               0x000180c9   Thumb Code     0  entry9a.o(.ARM.Collect$$$$0000000B)
    __rt_final_cpp                           0x000180d1   Thumb Code     0  entry10a.o(.ARM.Collect$$$$0000000D)
    __rt_final_exit                          0x000180d1   Thumb Code     0  entry11a.o(.ARM.Collect$$$$0000000F)
    __asm___11_nrf_delay_c_532987f3__nrf_delay_us 0x000180d5   Thumb Code    30  nrf_delay.o(.emb_text)
    __asm___21_bootloader_util_arm_c_c13d365c__bootloader_util_reset 0x000180f5   Thumb Code    52  bootloader_util_arm.o(.emb_text)
    __asm___11_app_timer_c_cd27f9c3__nrf_delay_us 0x00018139   Thumb Code    30  app_timer.o(.emb_text)
    Reset_Handler                            0x00018159   Thumb Code    26  arm_startup_nrf51.o(.text)
    NMI_Handler                              0x00018173   Thumb Code     2  arm_startup_nrf51.o(.text)
    HardFault_Handler                        0x00018175   Thumb Code     2  arm_startup_nrf51.o(.text)
    SVC_Handler                              0x00018177   Thumb Code     2  arm_startup_nrf51.o(.text)
    PendSV_Handler                           0x00018179   Thumb Code     2  arm_startup_nrf51.o(.text)
    SysTick_Handler                          0x0001817b   Thumb Code     2  arm_startup_nrf51.o(.text)
    CCM_AAR_IRQHandler                       0x0001817d   Thumb Code     0  arm_startup_nrf51.o(.text)
    ECB_IRQHandler                           0x0001817d   Thumb Code     0  arm_startup_nrf51.o(.text)
    LPCOMP_IRQHandler                        0x0001817d   Thumb Code     0  arm_startup_nrf51.o(.text)
    POWER_CLOCK_IRQHandler                   0x0001817d   Thumb Code     0  arm_startup_nrf51.o(.text)
    QDEC_IRQHandler                          0x0001817d   Thumb Code     0  arm_startup_nrf51.o(.text)
    RADIO_IRQHandler                         0x0001817d   Thumb Code     0  arm_startup_nrf51.o(.text)
    RNG_IRQHandler                           0x0001817d   Thumb Code     0  arm_startup_nrf51.o(.text)
    RTC0_IRQHandler                          0x0001817d   Thumb Code     0  arm_startup_nrf51.o(.text)
    SPI1_TWI1_IRQHandler                     0x0001817d   Thumb Code     0  arm_startup_nrf51.o(.text)
    SWI1_IRQHandler                          0x0001817d   Thumb Code     0  arm_startup_nrf51.o(.text)
    SWI3_IRQHandler                          0x0001817d   Thumb Code     0  arm_startup_nrf51.o(.text)
    SWI4_IRQHandler                          0x0001817d   Thumb Code     0  arm_startup_nrf51.o(.text)
    SWI5_IRQHandler                          0x0001817d   Thumb Code     0  arm_startup_nrf51.o(.text)
    TEMP_IRQHandler                          0x0001817d   Thumb Code     0  arm_startup_nrf51.o(.text)
    TIMER0_IRQHandler                        0x0001817d   Thumb Code     0  arm_startup_nrf51.o(.text)
    TIMER1_IRQHandler                        0x0001817d   Thumb Code     0  arm_startup_nrf51.o(.text)
    TIMER2_IRQHandler                        0x0001817d   Thumb Code     0  arm_startup_nrf51.o(.text)
    WDT_IRQHandler                           0x0001817d   Thumb Code     0  arm_startup_nrf51.o(.text)
    __aeabi_uidiv                            0x00018191   Thumb Code     0  uidiv.o(.text)
    __aeabi_uidivmod                         0x00018191   Thumb Code    44  uidiv.o(.text)
    __aeabi_idiv                             0x000181bd   Thumb Code     0  idiv.o(.text)
    __aeabi_idivmod                          0x000181bd   Thumb Code    40  idiv.o(.text)
    ___aeabi_memcpy8$move                    0x000181e5   Thumb Code     0  memmovea.o(.text)
    __aeabi_memcpy                           0x000181e5   Thumb Code    64  memmovea.o(.text)
    __aeabi_memcpy4                          0x000181e5   Thumb Code     0  memmovea.o(.text)
    __aeabi_memmove                          0x000181e5   Thumb Code     0  memmovea.o(.text)
    __aeabi_memmove4                         0x000181e5   Thumb Code     0  memmovea.o(.text)
    __aeabi_memmove8                         0x000181e5   Thumb Code     0  memmovea.o(.text)
    __aeabi_memset                           0x00018225   Thumb Code    14  memseta.o(.text)
    __aeabi_memset4                          0x00018225   Thumb Code     0  memseta.o(.text)
    __aeabi_memset8                          0x00018225   Thumb Code     0  memseta.o(.text)
    __aeabi_memclr                           0x00018233   Thumb Code     4  memseta.o(.text)
    __aeabi_memclr4                          0x00018233   Thumb Code     0  memseta.o(.text)
    __aeabi_memclr8                          0x00018233   Thumb Code     0  memseta.o(.text)
    _memset$wrapper                          0x00018237   Thumb Code    18  memseta.o(.text)
    strlen                                   0x00018249   Thumb Code    14  strlen.o(.text)
    memcmp                                   0x00018257   Thumb Code    26  memcmp.o(.text)
    __scatterload                            0x00018271   Thumb Code    28  init.o(.text)
    __scatterload_rt2                        0x00018271   Thumb Code     0  init.o(.text)
    __decompress                             0x00018295   Thumb Code     0  __dczerorl.o(.text)
    __decompress0                            0x00018295   Thumb Code    58  __dczerorl.o(.text)
    ADC_IRQHandler                           0x000182d1   Thumb Code   200  main.o(i.ADC_IRQHandler)
    GPIOTE_IRQHandler                        0x000183c1   Thumb Code   302  app_gpiote.o(i.GPIOTE_IRQHandler)
    RTC1_IRQHandler                          0x00018501   Thumb Code   138  app_timer.o(i.RTC1_IRQHandler)
    SPI0_TWI0_IRQHandler                     0x000185a5   Thumb Code   210  spi_master.o(i.SPI0_TWI0_IRQHandler)
    SWI0_IRQHandler                          0x0001868d   Thumb Code     8  app_timer.o(i.SWI0_IRQHandler)
    SWI2_IRQHandler                          0x00018695   Thumb Code   146  softdevice_handler.o(i.SWI2_IRQHandler)
    SystemInit                               0x0001872d   Thumb Code   108  system_nrf51.o(i.SystemInit)
    UART0_IRQHandler                         0x000187ad   Thumb Code   106  app_uart.o(i.UART0_IRQHandler)
    __ARM_common_memclr1_5                   0x0001882d   Thumb Code    14  main.o(i.__ARM_common_memclr1_5)
    __ARM_common_memclr1_6                   0x0001883b   Thumb Code    16  device_manager_peripheral.o(i.__ARM_common_memclr1_6)
    __ARM_common_memclr2_7                   0x0001884b   Thumb Code    12  device_manager_peripheral.o(i.__ARM_common_memclr2_7)
    __ARM_common_memcpy1_5                   0x00018857   Thumb Code    22  device_manager_peripheral.o(i.__ARM_common_memcpy1_5)
    __ARM_common_memcpy1_6                   0x0001886d   Thumb Code    26  main.o(i.__ARM_common_memcpy1_6)
    __scatterload_copy                       0x00018887   Thumb Code    14  handlers.o(i.__scatterload_copy)
    __scatterload_null                       0x00018895   Thumb Code     2  handlers.o(i.__scatterload_null)
    __scatterload_zeroinit                   0x00018897   Thumb Code    14  handlers.o(i.__scatterload_zeroinit)
    ads1291_2_init_regs                      0x000188a5   Thumb Code    72  ads1291-2.o(i.ads1291_2_init_regs)
    ads1291_2_powerdn                        0x000188f1   Thumb Code     8  ads1291-2.o(i.ads1291_2_powerdn)
    ads1291_2_powerup                        0x000188fd   Thumb Code    18  ads1291-2.o(i.ads1291_2_powerup)
    ads1291_2_rreg                           0x00018915   Thumb Code    88  ads1291-2.o(i.ads1291_2_rreg)
    ads1291_2_standby                        0x0001896d   Thumb Code    30  ads1291-2.o(i.ads1291_2_standby)
    ads1291_2_stop_rdatac                    0x0001898b   Thumb Code    30  ads1291-2.o(i.ads1291_2_stop_rdatac)
    ads1291_2_wake                           0x000189a9   Thumb Code    40  ads1291-2.o(i.ads1291_2_wake)
    ads1291_2_wreg                           0x000189d1   Thumb Code    90  ads1291-2.o(i.ads1291_2_wreg)
    app_button_enable                        0x00018d79   Thumb Code    22  app_button.o(i.app_button_enable)
    app_button_init                          0x00018d95   Thumb Code    94  app_button.o(i.app_button_init)
    app_error_handler                        0x00018e0d   Thumb Code    16  app_error.o(i.app_error_handler)
    app_gpiote_init                          0x00018e25   Thumb Code    76  app_gpiote.o(i.app_gpiote_init)
    app_gpiote_pins_state_get                0x00018e85   Thumb Code    42  app_gpiote.o(i.app_gpiote_pins_state_get)
    app_gpiote_user_enable                   0x00018eb9   Thumb Code   138  app_gpiote.o(i.app_gpiote_user_enable)
    app_gpiote_user_register                 0x00018f59   Thumb Code   118  app_gpiote.o(i.app_gpiote_user_register)
    app_sched_event_put                      0x00018fd9   Thumb Code   256  app_scheduler.o(i.app_sched_event_put)
    app_sched_execute                        0x000190e9   Thumb Code    98  app_scheduler.o(i.app_sched_execute)
    app_sched_init                           0x00019151   Thumb Code    42  app_scheduler.o(i.app_sched_init)
    app_timer_create                         0x00019181   Thumb Code    82  app_timer.o(i.app_timer_create)
    app_timer_init                           0x00019211   Thumb Code   252  app_timer.o(i.app_timer_init)
    app_timer_start                          0x00019335   Thumb Code   216  app_timer.o(i.app_timer_start)
    app_timer_stop                           0x00019421   Thumb Code   184  app_timer.o(i.app_timer_stop)
    ble_advdata_set                          0x000194f5   Thumb Code    92  ble_advdata.o(i.ble_advdata_set)
    ble_bas_battery_level_update             0x00019551   Thumb Code   108  ble_bas.o(i.ble_bas_battery_level_update)
    ble_bas_init                             0x000195c1   Thumb Code   330  ble_bas.o(i.ble_bas_init)
    ble_bas_on_ble_evt                       0x00019719   Thumb Code    90  ble_bas.o(i.ble_bas_on_ble_evt)
    ble_bms_body_voltage_measurement_send    0x00019775   Thumb Code   154  ble_bms.o(i.ble_bms_body_voltage_measurement_send)
    ble_bms_bvm_add                          0x00019815   Thumb Code    78  ble_bms.o(i.ble_bms_bvm_add)
    ble_bms_init                             0x00019865   Thumb Code   690  ble_bms.o(i.ble_bms_init)
    ble_bms_on_ble_evt                       0x00019b31   Thumb Code   148  ble_bms.o(i.ble_bms_on_ble_evt)
    ble_conn_params_init                     0x00019bc5   Thumb Code    88  ble_conn_params.o(i.ble_conn_params_init)
    ble_conn_params_on_ble_evt               0x00019c31   Thumb Code   164  ble_conn_params.o(i.ble_conn_params_on_ble_evt)
    ble_conn_params_stop                     0x00019cdd   Thumb Code    12  ble_conn_params.o(i.ble_conn_params_stop)
    ble_dfu_init                             0x00019ced   Thumb Code   470  ble_dfu.o(i.ble_dfu_init)
    ble_dfu_on_ble_evt                       0x00019edd   Thumb Code   382  ble_dfu.o(i.ble_dfu_on_ble_evt)
    ble_dfu_response_send                    0x0001a05d   Thumb Code    90  ble_dfu.o(i.ble_dfu_response_send)
    ble_dis_init                             0x0001a0c5   Thumb Code   358  ble_dis.o(i.ble_dis_init)
    ble_srv_ascii_to_utf8                    0x0001a401   Thumb Code    18  ble_srv_common.o(i.ble_srv_ascii_to_utf8)
    ble_srv_report_ref_encode                0x0001a413   Thumb Code    12  ble_srv_common.o(i.ble_srv_report_ref_encode)
    bootloader_util_app_start                0x0001a461   Thumb Code     8  bootloader_util_arm.o(i.bootloader_util_app_start)
    bsp_buttons_enable                       0x0001a4ad   Thumb Code   112  bsp.o(i.bsp_buttons_enable)
    bsp_indication_set                       0x0001a531   Thumb Code    22  bsp.o(i.bsp_indication_set)
    bsp_init                                 0x0001a54d   Thumb Code   122  bsp.o(i.bsp_init)
    dfu_app_on_dfu_evt                       0x0001ace5   Thumb Code   306  dfu_app_handler.o(i.dfu_app_on_dfu_evt)
    dfu_app_reset_prepare_set                0x0001ae49   Thumb Code     6  dfu_app_handler.o(i.dfu_app_reset_prepare_set)
    dm_application_context_delete            0x0001ae55   Thumb Code     4  device_manager_peripheral.o(i.dm_application_context_delete)
    dm_application_context_get               0x0001ae5d   Thumb Code     4  device_manager_peripheral.o(i.dm_application_context_get)
    dm_application_context_set               0x0001ae65   Thumb Code     4  device_manager_peripheral.o(i.dm_application_context_set)
    dm_ble_evt_handler                       0x0001ae6d   Thumb Code  1248  device_manager_peripheral.o(i.dm_ble_evt_handler)
    dm_distributed_keys_get                  0x0001b361   Thumb Code   156  device_manager_peripheral.o(i.dm_distributed_keys_get)
    dm_handle_get                            0x0001b419   Thumb Code    60  device_manager_peripheral.o(i.dm_handle_get)
    dm_init                                  0x0001b465   Thumb Code   236  device_manager_peripheral.o(i.dm_init)
    dm_peer_addr_get                         0x0001b579   Thumb Code   114  device_manager_peripheral.o(i.dm_peer_addr_get)
    dm_register                              0x0001b781   Thumb Code    98  device_manager_peripheral.o(i.dm_register)
    free                                     0x0001b7fd   Thumb Code    80  malloc.o(i.free)
    main                                     0x0001ba89   Thumb Code  1286  main.o(i.main)
    malloc                                   0x0001bf9d   Thumb Code    92  malloc.o(i.malloc)
    nrf_adc_configure                        0x0001c015   Thumb Code    66  nrf_adc.o(i.nrf_adc_configure)
    nrf_delay_ms                             0x0001c05d   Thumb Code    30  nrf_delay.o(i.nrf_delay_ms)
    pstorage_access_status_get               0x0001c2d5   Thumb Code    30  pstorage.o(i.pstorage_access_status_get)
    pstorage_block_identifier_get            0x0001c2fd   Thumb Code    76  pstorage.o(i.pstorage_block_identifier_get)
    pstorage_clear                           0x0001c351   Thumb Code   100  pstorage.o(i.pstorage_clear)
    pstorage_init                            0x0001c3bd   Thumb Code   152  pstorage.o(i.pstorage_init)
    pstorage_load                            0x0001c469   Thumb Code   130  pstorage.o(i.pstorage_load)
    pstorage_register                        0x0001c4f5   Thumb Code   236  pstorage.o(i.pstorage_register)
    pstorage_store                           0x0001c5ed   Thumb Code   110  pstorage.o(i.pstorage_store)
    pstorage_sys_event_handler               0x0001c665   Thumb Code   436  pstorage.o(i.pstorage_sys_event_handler)
    pstorage_update                          0x0001c825   Thumb Code   110  pstorage.o(i.pstorage_update)
    softdevice_assertion_handler             0x0001c955   Thumb Code    12  softdevice_handler.o(i.softdevice_assertion_handler)
    softdevice_ble_evt_handler_set           0x0001c961   Thumb Code    16  softdevice_handler.o(i.softdevice_ble_evt_handler_set)
    softdevice_handler_init                  0x0001c975   Thumb Code    48  softdevice_handler.o(i.softdevice_handler_init)
    softdevice_sys_evt_handler_set           0x0001c9ad   Thumb Code    16  softdevice_handler.o(i.softdevice_sys_evt_handler_set)
    spi_master_0_event_handler               0x0001c9c1   Thumb Code     2  main.o(i.spi_master_0_event_handler)
    spi_master_evt_handler_reg               0x0001c9c5   Thumb Code    28  spi_master.o(i.spi_master_evt_handler_reg)
    spi_master_open                          0x0001c9e5   Thumb Code   296  spi_master.o(i.spi_master_open)
    spi_master_send_recv                     0x0001cb1d   Thumb Code   424  spi_master.o(i.spi_master_send_recv)
    m_service_context_store                  0x0001d4c8   Data          16  device_manager_peripheral.o(.constdata)
    m_service_context_load                   0x0001d4d8   Data          16  device_manager_peripheral.o(.constdata)
    m_service_context_apply                  0x0001d4e8   Data          16  device_manager_peripheral.o(.constdata)
    Region$$Table$$Base                      0x0001d4fc   Number         0  anon$$obj.o(Region$$Table)
    Region$$Table$$Limit                     0x0001d51c   Number         0  anon$$obj.o(Region$$Table)
    ads1291_2_default_regs                   0x2000203c   Data          11  ads1291-2.o(.data)
    SystemCoreClock                          0x20002064   Data           4  system_nrf51.o(.data)
    __microlib_freelist                      0x2000217c   Data           4  mvars.o(.data)
    __microlib_freelist_initialised          0x20002180   Data           4  mvars.o(.data)
    __heap_base                              0x20002960   Data           0  arm_startup_nrf51.o(HEAP)
    __heap_limit                             0x20003160   Data           0  arm_startup_nrf51.o(HEAP)
    __initial_sp                             0x20003960   Data           0  arm_startup_nrf51.o(STACK)



==============================================================================

Memory Map of the image

  Image Entry point : 0x000180c1

  Load Region LR_IROM1 (Base: 0x00018000, Size: 0x000056a0, Max: 0x00028000, ABSOLUTE, COMPRESSED[0x00005548])

    Execution Region ER_IROM1 (Base: 0x00018000, Size: 0x0000551c, Max: 0x00028000, ABSOLUTE)

    Base Addr    Size         Type   Attr      Idx    E Section Name        Object

    0x00018000   0x000000c0   Data   RO          597    RESET               arm_startup_nrf51.o
    0x000180c0   0x00000000   Code   RO         1831  * .ARM.Collect$$$$00000000  mc_p.l(entry.o)
    0x000180c0   0x00000004   Code   RO         1880    .ARM.Collect$$$$00000001  mc_p.l(entry2.o)
    0x000180c4   0x00000004   Code   RO         1883    .ARM.Collect$$$$00000004  mc_p.l(entry5.o)
    0x000180c8   0x00000000   Code   RO         1885    .ARM.Collect$$$$00000008  mc_p.l(entry7b.o)
    0x000180c8   0x00000000   Code   RO         1887    .ARM.Collect$$$$0000000A  mc_p.l(entry8b.o)
    0x000180c8   0x00000008   Code   RO         1888    .ARM.Collect$$$$0000000B  mc_p.l(entry9a.o)
    0x000180d0   0x00000000   Code   RO         1890    .ARM.Collect$$$$0000000D  mc_p.l(entry10a.o)
    0x000180d0   0x00000000   Code   RO         1892    .ARM.Collect$$$$0000000F  mc_p.l(entry11a.o)
    0x000180d0   0x00000004   Code   RO         1881    .ARM.Collect$$$$00002712  mc_p.l(entry2.o)
    0x000180d4   0x0000001e   Code   RO         1090    .emb_text           nrf_delay.o
    0x000180f2   0x00000002   PAD
    0x000180f4   0x00000044   Code   RO         1356    .emb_text           bootloader_util_arm.o
    0x00018138   0x0000001e   Code   RO         1610    .emb_text           app_timer.o
    0x00018156   0x00000002   PAD
    0x00018158   0x00000038   Code   RO          598    .text               arm_startup_nrf51.o
    0x00018190   0x0000002c   Code   RO         1834    .text               mc_p.l(uidiv.o)
    0x000181bc   0x00000028   Code   RO         1836    .text               mc_p.l(idiv.o)
    0x000181e4   0x00000040   Code   RO         1840    .text               mc_p.l(memmovea.o)
    0x00018224   0x00000024   Code   RO         1842    .text               mc_p.l(memseta.o)
    0x00018248   0x0000000e   Code   RO         1844    .text               mc_p.l(strlen.o)
    0x00018256   0x0000001a   Code   RO         1846    .text               mc_p.l(memcmp.o)
    0x00018270   0x00000024   Code   RO         1896    .text               mc_p.l(init.o)
    0x00018294   0x0000003a   Code   RO         1906    .text               mc_p.l(__dczerorl.o)
    0x000182ce   0x00000002   PAD
    0x000182d0   0x000000f0   Code   RO            4    i.ADC_IRQHandler    main.o
    0x000183c0   0x00000140   Code   RO         1515    i.GPIOTE_IRQHandler  app_gpiote.o
    0x00018500   0x000000a4   Code   RO         1611    i.RTC1_IRQHandler   app_timer.o
    0x000185a4   0x000000e8   Code   RO         1299    i.SPI0_TWI0_IRQHandler  spi_master.o
    0x0001868c   0x00000008   Code   RO         1612    i.SWI0_IRQHandler   app_timer.o
    0x00018694   0x00000098   Code   RO         1775    i.SWI2_IRQHandler   softdevice_handler.o
    0x0001872c   0x00000080   Code   RO          605    i.SystemInit        system_nrf51.o
    0x000187ac   0x00000080   Code   RO         1118    i.UART0_IRQHandler  app_uart.o
    0x0001882c   0x0000000e   Code   RO          115    i.__ARM_common_memclr1_5  main.o
    0x0001883a   0x00000010   Code   RO          970    i.__ARM_common_memclr1_6  device_manager_peripheral.o
    0x0001884a   0x0000000c   Code   RO          972    i.__ARM_common_memclr2_7  device_manager_peripheral.o
    0x00018856   0x00000016   Code   RO          968    i.__ARM_common_memcpy1_5  device_manager_peripheral.o
    0x0001886c   0x0000001a   Code   RO          117    i.__ARM_common_memcpy1_6  main.o
    0x00018886   0x0000000e   Code   RO         1900    i.__scatterload_copy  mc_p.l(handlers.o)
    0x00018894   0x00000002   Code   RO         1901    i.__scatterload_null  mc_p.l(handlers.o)
    0x00018896   0x0000000e   Code   RO         1902    i.__scatterload_zeroinit  mc_p.l(handlers.o)
    0x000188a4   0x0000004c   Code   RO          395    i.ads1291_2_init_regs  ads1291-2.o
    0x000188f0   0x0000000c   Code   RO          396    i.ads1291_2_powerdn  ads1291-2.o
    0x000188fc   0x00000018   Code   RO          397    i.ads1291_2_powerup  ads1291-2.o
    0x00018914   0x00000058   Code   RO          398    i.ads1291_2_rreg    ads1291-2.o
    0x0001896c   0x0000001e   Code   RO          402    i.ads1291_2_standby  ads1291-2.o
    0x0001898a   0x0000001e   Code   RO          404    i.ads1291_2_stop_rdatac  ads1291-2.o
    0x000189a8   0x00000028   Code   RO          405    i.ads1291_2_wake    ads1291-2.o
    0x000189d0   0x0000005a   Code   RO          406    i.ads1291_2_wreg    ads1291-2.o
    0x00018a2a   0x00000002   PAD
    0x00018a2c   0x000002c8   Code   RO          984    i.adv_data_encode   ble_advdata.o
    0x00018cf4   0x0000006c   Code   RO            5    i.advertising_start  main.o
    0x00018d60   0x00000018   Code   RO          497    i.alert_timer_handler  bsp.o
    0x00018d78   0x0000001c   Code   RO         1428    i.app_button_enable  app_button.o
    0x00018d94   0x00000078   Code   RO         1429    i.app_button_init   app_button.o
    0x00018e0c   0x00000018   Code   RO         1492    i.app_error_handler  app_error.o
    0x00018e24   0x00000060   Code   RO         1516    i.app_gpiote_init   app_gpiote.o
    0x00018e84   0x00000034   Code   RO         1517    i.app_gpiote_pins_state_get  app_gpiote.o
    0x00018eb8   0x000000a0   Code   RO         1519    i.app_gpiote_user_enable  app_gpiote.o
    0x00018f58   0x00000080   Code   RO         1520    i.app_gpiote_user_register  app_gpiote.o
    0x00018fd8   0x00000110   Code   RO         1567    i.app_sched_event_put  app_scheduler.o
    0x000190e8   0x00000068   Code   RO         1568    i.app_sched_execute  app_scheduler.o
    0x00019150   0x00000030   Code   RO         1569    i.app_sched_init    app_scheduler.o
    0x00019180   0x00000058   Code   RO         1615    i.app_timer_create  app_timer.o
    0x000191d8   0x0000001a   Code   RO            6    i.app_timer_evt_get  main.o
    0x000191f2   0x00000002   PAD
    0x000191f4   0x0000001c   Code   RO            7    i.app_timer_evt_schedule  main.o
    0x00019210   0x00000124   Code   RO         1616    i.app_timer_init    app_timer.o
    0x00019334   0x000000ec   Code   RO         1617    i.app_timer_start   app_timer.o
    0x00019420   0x000000c8   Code   RO         1618    i.app_timer_stop    app_timer.o
    0x000194e8   0x0000000c   Code   RO            9    i.battery_level_meas_timeout_handler  main.o
    0x000194f4   0x0000005c   Code   RO          985    i.ble_advdata_set   ble_advdata.o
    0x00019550   0x00000070   Code   RO          634    i.ble_bas_battery_level_update  ble_bas.o
    0x000195c0   0x00000158   Code   RO          635    i.ble_bas_init      ble_bas.o
    0x00019718   0x0000005a   Code   RO          636    i.ble_bas_on_ble_evt  ble_bas.o
    0x00019772   0x00000002   PAD
    0x00019774   0x000000a0   Code   RO          322    i.ble_bms_body_voltage_measurement_send  ble_bms.o
    0x00019814   0x0000004e   Code   RO          323    i.ble_bms_bvm_add   ble_bms.o
    0x00019862   0x00000002   PAD
    0x00019864   0x000002cc   Code   RO          326    i.ble_bms_init      ble_bms.o
    0x00019b30   0x00000094   Code   RO          327    i.ble_bms_on_ble_evt  ble_bms.o
    0x00019bc4   0x0000006c   Code   RO         1010    i.ble_conn_params_init  ble_conn_params.o
    0x00019c30   0x000000ac   Code   RO         1011    i.ble_conn_params_on_ble_evt  ble_conn_params.o
    0x00019cdc   0x00000010   Code   RO         1012    i.ble_conn_params_stop  ble_conn_params.o
    0x00019cec   0x000001f0   Code   RO          662    i.ble_dfu_init      ble_dfu.o
    0x00019edc   0x0000017e   Code   RO          663    i.ble_dfu_on_ble_evt  ble_dfu.o
    0x0001a05a   0x00000002   PAD
    0x0001a05c   0x00000068   Code   RO          665    i.ble_dfu_response_send  ble_dfu.o
    0x0001a0c4   0x000001b8   Code   RO          706    i.ble_dis_init      ble_dis.o
    0x0001a27c   0x00000184   Code   RO           10    i.ble_evt_dispatch  main.o
    0x0001a400   0x00000012   Code   RO          728    i.ble_srv_ascii_to_utf8  ble_srv_common.o
    0x0001a412   0x0000000c   Code   RO          729    i.ble_srv_report_ref_encode  ble_srv_common.o
    0x0001a41e   0x00000002   PAD
    0x0001a420   0x00000040   Code   RO           11    i.body_voltage_meas_timeout_handler  main.o
    0x0001a460   0x00000008   Code   RO         1357    i.bootloader_util_app_start  bootloader_util_arm.o
    0x0001a468   0x00000044   Code   RO          498    i.bsp_button_event_handler  bsp.o
    0x0001a4ac   0x00000084   Code   RO          500    i.bsp_buttons_enable  bsp.o
    0x0001a530   0x0000001c   Code   RO          503    i.bsp_indication_set  bsp.o
    0x0001a54c   0x0000009c   Code   RO          505    i.bsp_init          bsp.o
    0x0001a5e8   0x000002d4   Code   RO          506    i.bsp_led_indication  bsp.o
    0x0001a8bc   0x00000098   Code   RO          707    i.char_add          ble_dis.o
    0x0001a954   0x000000f4   Code   RO         1204    i.cmd_process       pstorage.o
    0x0001aa48   0x00000058   Code   RO         1205    i.cmd_queue_enqueue  pstorage.o
    0x0001aaa0   0x0000000c   Code   RO           12    i.conn_params_error_handler  main.o
    0x0001aaac   0x00000070   Code   RO         1013    i.conn_params_negotiation  ble_conn_params.o
    0x0001ab1c   0x00000070   Code   RO         1431    i.detection_delay_timeout_handler  app_button.o
    0x0001ab8c   0x000000bc   Code   RO          749    i.device_context_store  device_manager_peripheral.o
    0x0001ac48   0x0000009c   Code   RO           13    i.device_manager_evt_handler  main.o
    0x0001ace4   0x00000160   Code   RO         1379    i.dfu_app_on_dfu_evt  dfu_app_handler.o
    0x0001ae44   0x00000002   Code   RO         1380    i.dfu_app_reset_prepare  dfu_app_handler.o
    0x0001ae46   0x00000002   PAD
    0x0001ae48   0x0000000c   Code   RO         1381    i.dfu_app_reset_prepare_set  dfu_app_handler.o
    0x0001ae54   0x00000008   Code   RO          750    i.dm_application_context_delete  device_manager_peripheral.o
    0x0001ae5c   0x00000008   Code   RO          751    i.dm_application_context_get  device_manager_peripheral.o
    0x0001ae64   0x00000008   Code   RO          752    i.dm_application_context_set  device_manager_peripheral.o
    0x0001ae6c   0x000004f4   Code   RO          754    i.dm_ble_evt_handler  device_manager_peripheral.o
    0x0001b360   0x000000b8   Code   RO          758    i.dm_distributed_keys_get  device_manager_peripheral.o
    0x0001b418   0x0000004c   Code   RO          759    i.dm_handle_get     device_manager_peripheral.o
    0x0001b464   0x00000114   Code   RO          761    i.dm_init           device_manager_peripheral.o
    0x0001b578   0x0000008c   Code   RO          762    i.dm_peer_addr_get  device_manager_peripheral.o
    0x0001b604   0x0000017c   Code   RO          764    i.dm_pstorage_cb_handler  device_manager_peripheral.o
    0x0001b780   0x0000007c   Code   RO          765    i.dm_register       device_manager_peripheral.o
    0x0001b7fc   0x00000054   Code   RO         1852    i.free              mc_p.l(malloc.o)
    0x0001b850   0x00000004   Code   RO          772    i.gattc_context_apply  device_manager_peripheral.o
    0x0001b854   0x00000004   Code   RO          773    i.gattc_context_load  device_manager_peripheral.o
    0x0001b858   0x00000004   Code   RO          774    i.gattc_context_store  device_manager_peripheral.o
    0x0001b85c   0x000000b4   Code   RO          775    i.gatts_context_apply  device_manager_peripheral.o
    0x0001b910   0x00000030   Code   RO          776    i.gatts_context_load  device_manager_peripheral.o
    0x0001b940   0x000000c0   Code   RO          777    i.gatts_context_store  device_manager_peripheral.o
    0x0001ba00   0x00000008   Code   RO          778    i.gattsc_context_apply  device_manager_peripheral.o
    0x0001ba08   0x00000030   Code   RO          779    i.gattsc_context_load  device_manager_peripheral.o
    0x0001ba38   0x00000008   Code   RO          780    i.gattsc_context_store  device_manager_peripheral.o
    0x0001ba40   0x00000030   Code   RO         1432    i.gpiote_event_handler  app_button.o
    0x0001ba70   0x00000018   Code   RO          507    i.leds_timer_handler  bsp.o
    0x0001ba88   0x00000514   Code   RO           14    i.main              main.o
    0x0001bf9c   0x0000006c   Code   RO         1853    i.malloc            mc_p.l(malloc.o)
    0x0001c008   0x00000004   Code   RO          781    i.no_service_context_apply  device_manager_peripheral.o
    0x0001c00c   0x00000004   Code   RO          782    i.no_service_context_load  device_manager_peripheral.o
    0x0001c010   0x00000004   Code   RO          783    i.no_service_context_store  device_manager_peripheral.o
    0x0001c014   0x00000048   Code   RO         1061    i.nrf_adc_configure  nrf_adc.o
    0x0001c05c   0x00000024   Code   RO         1091    i.nrf_delay_ms      nrf_delay.o
    0x0001c080   0x00000038   Code   RO           15    i.on_bas_evt        main.o
    0x0001c0b8   0x00000154   Code   RO           16    i.on_bms_evt        main.o
    0x0001c20c   0x00000024   Code   RO           17    i.on_conn_params_evt  main.o
    0x0001c230   0x000000a4   Code   RO         1127    i.on_uart_event     app_uart.o
    0x0001c2d4   0x00000028   Code   RO         1206    i.pstorage_access_status_get  pstorage.o
    0x0001c2fc   0x00000054   Code   RO         1207    i.pstorage_block_identifier_get  pstorage.o
    0x0001c350   0x0000006c   Code   RO         1208    i.pstorage_clear    pstorage.o
    0x0001c3bc   0x000000ac   Code   RO         1209    i.pstorage_init     pstorage.o
    0x0001c468   0x0000008c   Code   RO         1210    i.pstorage_load     pstorage.o
    0x0001c4f4   0x000000f8   Code   RO         1211    i.pstorage_register  pstorage.o
    0x0001c5ec   0x00000078   Code   RO         1212    i.pstorage_store    pstorage.o
    0x0001c664   0x000001c0   Code   RO         1213    i.pstorage_sys_event_handler  pstorage.o
    0x0001c824   0x00000078   Code   RO         1214    i.pstorage_update   pstorage.o
    0x0001c89c   0x00000064   Code   RO           18    i.reset_prepare     main.o
    0x0001c900   0x00000054   Code   RO           19    i.sampling_timer_timeout_handler  main.o
    0x0001c954   0x0000000c   Code   RO         1777    i.softdevice_assertion_handler  softdevice_handler.o
    0x0001c960   0x00000014   Code   RO         1778    i.softdevice_ble_evt_handler_set  softdevice_handler.o
    0x0001c974   0x00000038   Code   RO         1779    i.softdevice_handler_init  softdevice_handler.o
    0x0001c9ac   0x00000014   Code   RO         1781    i.softdevice_sys_evt_handler_set  softdevice_handler.o
    0x0001c9c0   0x00000002   Code   RO           20    i.spi_master_0_event_handler  main.o
    0x0001c9c2   0x00000002   PAD
    0x0001c9c4   0x00000020   Code   RO         1341    i.spi_master_evt_handler_reg  spi_master.o
    0x0001c9e4   0x00000138   Code   RO         1301    i.spi_master_open   spi_master.o
    0x0001cb1c   0x000001b0   Code   RO         1302    i.spi_master_send_recv  spi_master.o
    0x0001cccc   0x00000004   Code   RO          784    i.storage_operation_dummy_handler  device_manager_peripheral.o
    0x0001ccd0   0x000001a0   Code   RO         1215    i.swap_state_process  pstorage.o
    0x0001ce70   0x00000028   Code   RO           21    i.sys_evt_dispatch  main.o
    0x0001ce98   0x00000400   Code   RO         1620    i.timer_list_handler  app_timer.o
    0x0001d298   0x00000068   Code   RO         1014    i.update_timeout_handler  ble_conn_params.o
    0x0001d300   0x00000148   Code   RO          986    i.uuid_list_encode  ble_advdata.o
    0x0001d448   0x00000030   Data   RO           23    .constdata          main.o
    0x0001d478   0x00000010   Data   RO          329    .constdata          ble_bms.o
    0x0001d488   0x00000030   Data   RO          508    .constdata          bsp.o
    0x0001d4b8   0x00000010   Data   RO          666    .constdata          ble_dfu.o
    0x0001d4c8   0x00000030   Data   RO          786    .constdata          device_manager_peripheral.o
    0x0001d4f8   0x00000004   Data   RO         1304    .constdata          spi_master.o
    0x0001d4fc   0x00000020   Data   RO         1898    Region$$Table       anon$$obj.o


    Execution Region RW_IRAM1 (Base: 0x20002000, Size: 0x00001960, Max: 0x00006000, ABSOLUTE, COMPRESSED[0x0000002c])

    Base Addr    Size         Type   Attr      Idx    E Section Name        Object

    0x20002000   0x0000003c   Data   RW           24    .data               main.o
    0x2000203c   0x0000000b   Data   RW          407    .data               ads1291-2.o
    0x20002047   0x00000001   PAD
    0x20002048   0x0000001c   Data   RW          509    .data               bsp.o
    0x20002064   0x00000004   Data   RW          606    .data               system_nrf51.o
    0x20002068   0x00000008   Data   RW          667    .data               ble_dfu.o
    0x20002070   0x0000004a   Data   RW          708    .data               ble_dis.o
    0x200020ba   0x00000002   PAD
    0x200020bc   0x00000018   Data   RW          788    .data               device_manager_peripheral.o
    0x200020d4   0x00000018   Data   RW         1016    .data               ble_conn_params.o
    0x200020ec   0x00000010   Data   RW         1128    .data               app_uart.o
    0x200020fc   0x0000000c   Data   RW         1217    .data               pstorage.o
    0x20002108   0x00000008   Data   RW         1383    .data               dfu_app_handler.o
    0x20002110   0x00000018   Data   RW         1433    .data               app_button.o
    0x20002128   0x0000000c   Data   RW         1521    .data               app_gpiote.o
    0x20002134   0x00000010   Data   RW         1570    .data               app_scheduler.o
    0x20002144   0x00000024   Data   RW         1621    .data               app_timer.o
    0x20002168   0x00000014   Data   RW         1782    .data               softdevice_handler.o
    0x2000217c   0x00000004   Data   RW         1894    .data               mc_p.l(mvars.o)
    0x20002180   0x00000004   Data   RW         1895    .data               mc_p.l(mvars.o)
    0x20002184   0x00000548   Zero   RW           22    .bss                main.o
    0x200026cc   0x00000133   Zero   RW          785    .bss                device_manager_peripheral.o
    0x200027ff   0x00000001   PAD
    0x20002800   0x0000001c   Zero   RW         1015    .bss                ble_conn_params.o
    0x2000281c   0x000000dc   Zero   RW         1216    .bss                pstorage.o
    0x200028f8   0x00000028   Zero   RW         1303    .bss                spi_master.o
    0x20002920   0x0000003c   Zero   RW         1382    .bss                dfu_app_handler.o
    0x2000295c   0x00000004   PAD
    0x20002960   0x00000800   Zero   RW          596    HEAP                arm_startup_nrf51.o
    0x20003160   0x00000800   Zero   RW          595    STACK               arm_startup_nrf51.o


==============================================================================

Image component sizes


      Code (inc. data)   RO Data    RW Data    ZI Data      Debug   Object Name

       390         14          0         11          0       7764   ads1291-2.o
       308         52          0         24          0       8870   app_button.o
        24          8          0          0          0       6880   app_error.o
       756         80          0         12          0       6058   app_gpiote.o
       424         28          0         16          0      12007   app_scheduler.o
      2042        156          0         36          0      20163   app_timer.o
       292         42          0         16          0      11244   app_uart.o
        56         18        192          0       4096        664   arm_startup_nrf51.o
      1132          4          0          0          0       7662   ble_advdata.o
       546         18          0          0          0       5099   ble_bas.o
      1102         32         16          0          0      14550   ble_bms.o
       512         68          0         24         28       6219   ble_conn_params.o
       982         50         16          8          0       8252   ble_dfu.o
       592         88          0         74          0       3931   ble_dis.o
        30          0          0          0          0       1844   ble_srv_common.o
        76         18          0          0          0       1164   bootloader_util_arm.o
      1156        122         48         28          0      11452   bsp.o
      3222        342         48         24        307      25902   device_manager_peripheral.o
       366         52          0          8         60      10825   dfu_app_handler.o
      3032        354         48         60       1352     108789   main.o
        72          6          0          0          0       3204   nrf_adc.o
        66          6          0          0          0       1603   nrf_delay.o
      2228        134          0         12        220      17250   pstorage.o
       260         22          0         20          0       5024   softdevice_handler.o
      1008         50          4          0         40      10805   spi_master.o
       128         20          0          4          0       1507   system_nrf51.o

    ----------------------------------------------------------------------
     20822       1784        404        380       6108     318732   Object Totals
         0          0         32          0          0          0   (incl. Generated)
        20          0          0          3          5          0   (incl. Padding)

    ----------------------------------------------------------------------

      Code (inc. data)   RO Data    RW Data    ZI Data      Debug   Library Member Name

        58          0          0          0          0          0   __dczerorl.o
         0          0          0          0          0          0   entry.o
         0          0          0          0          0          0   entry10a.o
         0          0          0          0          0          0   entry11a.o
         8          4          0          0          0          0   entry2.o
         4          0          0          0          0          0   entry5.o
         0          0          0          0          0          0   entry7b.o
         0          0          0          0          0          0   entry8b.o
         8          4          0          0          0          0   entry9a.o
        30          0          0          0          0          0   handlers.o
        40          0          0          0          0         72   idiv.o
        36          8          0          0          0         68   init.o
       192         20          0          0          0        144   malloc.o
        26          0          0          0          0         72   memcmp.o
        64          0          0          0          0         68   memmovea.o
        36          0          0          0          0        100   memseta.o
         0          0          0          8          0          0   mvars.o
        14          0          0          0          0         60   strlen.o
        44          0          0          0          0         72   uidiv.o

    ----------------------------------------------------------------------
       562         36          0          8          0        656   Library Totals
         2          0          0          0          0          0   (incl. Padding)

    ----------------------------------------------------------------------

      Code (inc. data)   RO Data    RW Data    ZI Data      Debug   Library Name

       560         36          0          8          0        656   mc_p.l

    ----------------------------------------------------------------------
       562         36          0          8          0        656   Library Totals

    ----------------------------------------------------------------------

==============================================================================


      Code (inc. data)   RO Data    RW Data    ZI Data      Debug   

     21384       1820        404        388       6108     313472   Grand Totals
     21384       1820        404         44       6108     313472   ELF Image Totals (compressed)
     21384       1820        404         44          0          0   ROM Totals

==============================================================================

    Total RO  Size (Code + RO Data)                21788 (  21.28kB)
    Total RW  Size (RW Data + ZI Data)              6496 (   6.34kB)
    Total ROM Size (Code + RO Data + RW Data)      21832 (  21.32kB)

==============================================================================

