Component: ARM Compiler 5.05 update 1 (build 106) Tool: armlink [4d0efa]

==============================================================================

Section Cross References

    main.o(i.ADC_IRQHandler) refers to uidiv.o(.text) for __aeabi_uidivmod
    main.o(i.ADC_IRQHandler) refers to idiv.o(.text) for __aeabi_idivmod
    main.o(i.ADC_IRQHandler) refers to ble_bas.o(i.ble_bas_battery_level_update) for ble_bas_battery_level_update
    main.o(i.ADC_IRQHandler) refers to app_error.o(i.app_error_handler) for app_error_handler
    main.o(i.ADC_IRQHandler) refers to main.o(.bss) for .bss
    main.o(i.advertising_start) refers to pstorage.o(i.pstorage_access_status_get) for pstorage_access_status_get
    main.o(i.advertising_start) refers to app_error.o(i.app_error_handler) for app_error_handler
    main.o(i.advertising_start) refers to bsp.o(i.bsp_indication_set) for bsp_indication_set
    main.o(i.advertising_start) refers to main.o(.data) for .data
    main.o(i.app_timer_evt_get) refers to app_error.o(i.app_error_handler) for app_error_handler
    main.o(i.app_timer_evt_schedule) refers to app_scheduler.o(i.app_sched_event_put) for app_sched_event_put
    main.o(i.app_timer_evt_schedule) refers to main.o(i.app_timer_evt_get) for app_timer_evt_get
    main.o(i.assert_nrf_callback) refers to app_error.o(i.app_error_handler) for app_error_handler
    main.o(i.ble_evt_dispatch) refers to device_manager_peripheral.o(i.dm_ble_evt_handler) for dm_ble_evt_handler
    main.o(i.ble_evt_dispatch) refers to bsp.o(i.bsp_indication_set) for bsp_indication_set
    main.o(i.ble_evt_dispatch) refers to app_error.o(i.app_error_handler) for app_error_handler
    main.o(i.ble_evt_dispatch) refers to ads1291-2.o(i.ads1291_2_wake) for ads1291_2_wake
    main.o(i.ble_evt_dispatch) refers to app_timer.o(i.app_timer_stop) for app_timer_stop
    main.o(i.ble_evt_dispatch) refers to ads1291-2.o(i.ads1291_2_standby) for ads1291_2_standby
    main.o(i.ble_evt_dispatch) refers to main.o(i.advertising_start) for advertising_start
    main.o(i.ble_evt_dispatch) refers to main.o(i.__ARM_common_memcpy1_6) for __ARM_common_memcpy1_6
    main.o(i.ble_evt_dispatch) refers to memcmp.o(.text) for memcmp
    main.o(i.ble_evt_dispatch) refers to ble_conn_params.o(i.ble_conn_params_on_ble_evt) for ble_conn_params_on_ble_evt
    main.o(i.ble_evt_dispatch) refers to ble_bms.o(i.ble_bms_on_ble_evt) for ble_bms_on_ble_evt
    main.o(i.ble_evt_dispatch) refers to ble_bas.o(i.ble_bas_on_ble_evt) for ble_bas_on_ble_evt
    main.o(i.ble_evt_dispatch) refers to ble_dfu.o(i.ble_dfu_on_ble_evt) for ble_dfu_on_ble_evt
    main.o(i.ble_evt_dispatch) refers to main.o(.data) for .data
    main.o(i.ble_evt_dispatch) refers to main.o(.bss) for .bss
    main.o(i.body_voltage_meas_timeout_handler) refers to ble_bms.o(i.ble_bms_body_voltage_measurement_send) for ble_bms_body_voltage_measurement_send
    main.o(i.body_voltage_meas_timeout_handler) refers to app_error.o(i.app_error_handler) for app_error_handler
    main.o(i.body_voltage_meas_timeout_handler) refers to main.o(.data) for .data
    main.o(i.body_voltage_meas_timeout_handler) refers to main.o(.bss) for .bss
    main.o(i.conn_params_error_handler) refers to app_error.o(i.app_error_handler) for app_error_handler
    main.o(i.device_manager_evt_handler) refers to app_error.o(i.app_error_handler) for app_error_handler
    main.o(i.device_manager_evt_handler) refers to device_manager_peripheral.o(i.dm_application_context_get) for dm_application_context_get
    main.o(i.device_manager_evt_handler) refers to device_manager_peripheral.o(i.dm_application_context_delete) for dm_application_context_delete
    main.o(i.device_manager_evt_handler) refers to main.o(.data) for .data
    main.o(i.drdy_event_handler) refers to main.o(.data) for .data
    main.o(i.main) refers to softdevice_handler.o(i.softdevice_handler_init) for softdevice_handler_init
    main.o(i.main) refers to app_error.o(i.app_error_handler) for app_error_handler
    main.o(i.main) refers to softdevice_handler.o(i.softdevice_ble_evt_handler_set) for softdevice_ble_evt_handler_set
    main.o(i.main) refers to softdevice_handler.o(i.softdevice_sys_evt_handler_set) for softdevice_sys_evt_handler_set
    main.o(i.main) refers to app_timer.o(i.app_timer_init) for app_timer_init
    main.o(i.main) refers to app_timer.o(i.app_timer_create) for app_timer_create
    main.o(i.main) refers to app_gpiote.o(i.app_gpiote_init) for app_gpiote_init
    main.o(i.main) refers to app_gpiote.o(i.app_gpiote_user_register) for app_gpiote_user_register
    main.o(i.main) refers to bsp.o(i.bsp_init) for bsp_init
    main.o(i.main) refers to pstorage.o(i.pstorage_init) for pstorage_init
    main.o(i.main) refers to device_manager_peripheral.o(i.dm_init) for dm_init
    main.o(i.main) refers to main.o(i.__ARM_common_memclr1_5) for __ARM_common_memclr1_5
    main.o(i.main) refers to device_manager_peripheral.o(i.dm_register) for dm_register
[...]
    Removing device_manager_peripheral.o(i.dm_service_context_delete), (96 bytes).
    Removing device_manager_peripheral.o(i.dm_service_context_get), (208 bytes).
    Removing device_manager_peripheral.o(i.dm_service_context_set), (180 bytes).
    Removing device_manager_peripheral.o(i.dm_whitelist_create), (208 bytes).
    Removing device_manager_peripheral.o(.constdata), (4 bytes).
    Removing ble_conn_params.o(i.ble_conn_params_change_conn_params), (96 bytes).
    Removing nrf_adc.o(.rev16_text), (4 bytes).
    Removing nrf_adc.o(.revsh_text), (4 bytes).
    Removing nrf_adc.o(i.nrf_adc_convert_single), (68 bytes).
    Removing nrf_delay.o(.rev16_text), (4 bytes).
    Removing nrf_delay.o(.revsh_text), (4 bytes).
    Removing app_uart.o(.rev16_text), (4 bytes).
    Removing app_uart.o(.revsh_text), (4 bytes).
    Removing app_uart.o(i.action_tx_stop), (40 bytes).
    Removing app_uart.o(i.app_uart_close), (48 bytes).
    Removing app_uart.o(i.app_uart_flush), (4 bytes).
    Removing app_uart.o(i.app_uart_get), (40 bytes).
    Removing app_uart.o(i.app_uart_get_connection_state), (20 bytes).
    Removing app_uart.o(i.app_uart_init), (456 bytes).
    Removing app_uart.o(i.app_uart_put), (36 bytes).
    Removing app_uart.o(i.gpiote_uart_event_handler), (64 bytes).
    Removing pstorage.o(.rev16_text), (4 bytes).
    Removing pstorage.o(.revsh_text), (4 bytes).
    Removing spi_master.o(.rev16_text), (4 bytes).
    Removing spi_master.o(.revsh_text), (4 bytes).
    Removing spi_master.o(i.spi_master_close), (192 bytes).
    Removing dfu_app_handler.o(.rev16_text), (4 bytes).
    Removing dfu_app_handler.o(.revsh_text), (4 bytes).
    Removing dfu_app_handler.o(.emb_text), (30 bytes).
    Removing dfu_app_handler.o(i.dfu_app_dm_appl_instance_set), (28 bytes).
    Removing app_button.o(.rev16_text), (4 bytes).
    Removing app_button.o(.revsh_text), (4 bytes).
    Removing app_button.o(i.app_button_disable), (36 bytes).
    Removing app_button.o(i.app_button_is_pushed), (92 bytes).
    Removing app_error.o(.rev16_text), (4 bytes).
    Removing app_error.o(.revsh_text), (4 bytes).
    Removing app_gpiote.o(.rev16_text), (4 bytes).
    Removing app_gpiote.o(.revsh_text), (4 bytes).
    Removing app_gpiote.o(i.app_gpiote_user_disable), (112 bytes).
    Removing app_scheduler.o(.rev16_text), (4 bytes).
    Removing app_scheduler.o(.revsh_text), (4 bytes).
    Removing app_timer.o(.rev16_text), (4 bytes).
    Removing app_timer.o(.revsh_text), (4 bytes).
    Removing app_timer.o(i.app_timer_cnt_diff_compute), (12 bytes).
    Removing app_timer.o(i.app_timer_cnt_get), (16 bytes).
    Removing app_timer.o(i.app_timer_stop_all), (180 bytes).
    Removing retarget.o(.rev16_text), (4 bytes).
    Removing retarget.o(.revsh_text), (4 bytes).
    Removing retarget.o(i.fgetc), (18 bytes).
    Removing retarget.o(i.fputc), (14 bytes).
    Removing retarget.o(.data), (4 bytes).
    Removing retarget.o(.data), (4 bytes).
    Removing sensorsim.o(i.sensorsim_init), (24 bytes).
    Removing sensorsim.o(i.sensorsim_measure), (56 bytes).
    Removing softdevice_handler.o(.rev16_text), (4 bytes).
    Removing softdevice_handler.o(.revsh_text), (4 bytes).
    Removing softdevice_handler.o(i.intern_softdevice_events_execute), (128 bytes).
    Removing softdevice_handler.o(i.softdevice_handler_sd_disable), (24 bytes).
    Removing spi_master.o(i.spi_master_get_state), (32 bytes).

96 unused section(s) (total 4450 bytes) removed from the image.

==============================================================================

Image Symbol Table

    Local Symbols

    Symbol Name                              Value     Ov Type        Size  Object(Section)

    ../clib/../cmprslib/zerorunl.c           0x00000000   Number         0  __dczerorl.o ABSOLUTE
    ../clib/microlib/division.c              0x00000000   Number         0  idiv.o ABSOLUTE
    ../clib/microlib/division.c              0x00000000   Number         0  uidiv.o ABSOLUTE
    ../clib/microlib/init/entry.s            0x00000000   Number         0  entry.o ABSOLUTE
    ../clib/microlib/init/entry.s            0x00000000   Number         0  entry2.o ABSOLUTE
    ../clib/microlib/init/entry.s            0x00000000   Number         0  entry5.o ABSOLUTE
    ../clib/microlib/init/entry.s            0x00000000   Number         0  entry7a.o ABSOLUTE
    ../clib/microlib/init/entry.s            0x00000000   Number         0  entry7b.o ABSOLUTE
    ../clib/microlib/init/entry.s            0x00000000   Number         0  entry8a.o ABSOLUTE
    ../clib/microlib/init/entry.s            0x00000000   Number         0  entry8b.o ABSOLUTE
    ../clib/microlib/init/entry.s            0x00000000   Number         0  entry9a.o ABSOLUTE
    ../clib/microlib/init/entry.s            0x00000000   Number         0  entry9b.o ABSOLUTE
    ../clib/microlib/init/entry.s            0x00000000   Number         0  entry10a.o ABSOLUTE
    ../clib/microlib/init/entry.s            0x00000000   Number         0  entry10b.o ABSOLUTE
    ../clib/microlib/init/entry.s            0x00000000   Number         0  entry11a.o ABSOLUTE
    ../clib/microlib/init/entry.s            0x00000000   Number         0  entry11b.o ABSOLUTE
    ../clib/microlib/malloc/malloc.c         0x00000000   Number         0  malloc.o ABSOLUTE
    ../clib/microlib/malloc/malloc.c         0x00000000   Number         0  mallocr.o ABSOLUTE
    ../clib/microlib/malloc/malloc.c         0x00000000   Number         0  malloca.o ABSOLUTE
    ../clib/microlib/malloc/malloc.c         0x00000000   Number         0  mallocra.o ABSOLUTE
    ../clib/microlib/malloc/mvars.c          0x00000000   Number         0  mvars.o ABSOLUTE
    ../clib/microlib/string/memcmp.c         0x00000000   Number         0  memcmp.o ABSOLUTE
    ../clib/microlib/string/memcpy.c         0x00000000   Number         0  memmoveb.o ABSOLUTE
    ../clib/microlib/string/memcpy.c         0x00000000   Number         0  memmovea.o ABSOLUTE
    ../clib/microlib/string/memcpy.c         0x00000000   Number         0  memcpya.o ABSOLUTE
    ../clib/microlib/string/memcpy.c         0x00000000   Number         0  memcpyb.o ABSOLUTE
    ../clib/microlib/string/memset.c         0x00000000   Number         0  memseta.o ABSOLUTE
    ../clib/microlib/string/strlen.c         0x00000000   Number         0  strlen.o ABSOLUTE
    ..\..\..\main.c                          0x00000000   Number         0  main.o ABSOLUTE
    ..\\..\\..\\main.c                       0x00000000   Number         0  main.o ABSOLUTE
    C:\Keil_v5\ARM\PACK\NordicSemiconductor\nRF_BLE\2.0.0\ble_services\ble_bas\ble_bas.c 0x00000000   Number         0  ble_bas.o ABSOLUTE
    C:\Keil_v5\ARM\PACK\NordicSemiconductor\nRF_BLE\2.0.0\ble_services\ble_dfu\ble_dfu.c 0x00000000   Number         0  ble_dfu.o ABSOLUTE
    C:\Keil_v5\ARM\PACK\NordicSemiconductor\nRF_BLE\2.0.0\ble_services\ble_dis\ble_dis.c 0x00000000   Number         0  ble_dis.o ABSOLUTE
    C:\Keil_v5\ARM\PACK\NordicSemiconductor\nRF_BLE\2.0.0\common\ble_srv_common.c 0x00000000   Number         0  ble_srv_common.o ABSOLUTE
    C:\Keil_v5\ARM\PACK\NordicSemiconductor\nRF_BLE\2.0.0\device_manager\device_manager_peripheral.c 0x00000000   Number         0  device_manager_peripheral.o ABSOLUTE
    C:\Keil_v5\ARM\PACK\NordicSemiconductor\nRF_Drivers\2.0.0\hal\nrf_adc.c 0x00000000   Number         0  nrf_adc.o ABSOLUTE
    C:\Keil_v5\ARM\PACK\NordicSemiconductor\nRF_Drivers\2.0.0\hal\nrf_delay.c 0x00000000   Number         0  nrf_delay.o ABSOLUTE
    C:\Keil_v5\ARM\PACK\NordicSemiconductor\nRF_Libraries\2.0.0\bootloader_dfu\bootloader_util_arm.c 0x00000000   Number         0  bootloader_util_arm.o ABSOLUTE
    C:\Keil_v5\ARM\PACK\NordicSemiconductor\nRF_Libraries\2.0.0\bootloader_dfu\dfu_app_handler.c 0x00000000   Number         0  dfu_app_handler.o ABSOLUTE
    C:\\Keil_v5\\ARM\\PACK\\NordicSemiconductor\\nRF_BLE\\2.0.0\\device_manager\\device_manager_peripheral.c 0x00000000   Number         0  device_manager_peripheral.o ABSOLUTE
    C:\\Keil_v5\\ARM\\PACK\\NordicSemiconductor\\nRF_Drivers\\2.0.0\\hal\\nrf_adc.c 0x00000000   Number         0  nrf_adc.o ABSOLUTE
    C:\\Keil_v5\\ARM\\PACK\\NordicSemiconductor\\nRF_Drivers\\2.0.0\\hal\\nrf_delay.c 0x00000000   Number         0  nrf_delay.o ABSOLUTE
    C:\\Keil_v5\\ARM\\PACK\\NordicSemiconductor\\nRF_Libraries\\2.0.0\\bootloader_dfu\\bootloader_util_arm.c 0x00000000   Number         0  bootloader_util_arm.o ABSOLUTE
    C:\\Keil_v5\\ARM\\PACK\\NordicSemiconductor\\nRF_Libraries\\2.0.0\\bootloader_dfu\\dfu_app_handler.c 0x00000000   Number         0  dfu_app_handler.o ABSOLUTE
    RTE\Board_Support\nRF51422_xxAC\bsp.c    0x00000000   Number         0  bsp.o ABSOLUTE
    RTE\Device\nRF51422_xxAC\arm_startup_nrf51.s 0x00000000   Number         0  arm_startup_nrf51.o ABSOLUTE
    RTE\Device\nRF51422_xxAC\system_nrf51.c  0x00000000   Number         0  system_nrf51.o ABSOLUTE
    RTE\\Board_Support\\nRF51422_xxAC\\bsp.c 0x00000000   Number         0  bsp.o ABSOLUTE
    RTE\\Device\\nRF51422_xxAC\\system_nrf51.c 0x00000000   Number         0  system_nrf51.o ABSOLUTE
    RTE\\nRF_Drivers\\nRF51422_xxAC\\app_uart.c 0x00000000   Number         0  app_uart.o ABSOLUTE
    RTE\\nRF_Drivers\\nRF51422_xxAC\\pstorage.c 0x00000000   Number         0  pstorage.o ABSOLUTE
    RTE\\nRF_Drivers\\nRF51422_xxAC\\spi_master.c 0x00000000   Number         0  spi_master.o ABSOLUTE
    RTE\\nRF_Libraries\\nRF51422_xxAC\\app_button.c 0x00000000   Number         0  app_button.o ABSOLUTE
    RTE\\nRF_Libraries\\nRF51422_xxAC\\app_error.c 0x00000000   Number         0  app_error.o ABSOLUTE
    RTE\\nRF_Libraries\\nRF51422_xxAC\\app_gpiote.c 0x00000000   Number         0  app_gpiote.o ABSOLUTE
    RTE\\nRF_Libraries\\nRF51422_xxAC\\app_scheduler.c 0x00000000   Number         0  app_scheduler.o ABSOLUTE
    RTE\\nRF_Libraries\\nRF51422_xxAC\\app_timer.c 0x00000000   Number         0  app_timer.o ABSOLUTE
    RTE\\nRF_Libraries\\nRF51422_xxAC\\retarget.c 0x00000000   Number         0  retarget.o ABSOLUTE
    RTE\\nRF_SoftDevice\\nRF51422_xxAC\\softdevice_handler.c 0x00000000   Number         0  softdevice_handler.o ABSOLUTE
    RTE\ble_bms.c                            0x00000000   Number         0  ble_bms.o ABSOLUTE
    RTE\nRF_BLE\nRF51422_xxAC\ble_advdata.c  0x00000000   Number         0  ble_advdata.o ABSOLUTE
    RTE\nRF_BLE\nRF51422_xxAC\ble_conn_params.c 0x00000000   Number         0  ble_conn_params.o ABSOLUTE
    RTE\nRF_Drivers\nRF51422_xxAC\app_uart.c 0x00000000   Number         0  app_uart.o ABSOLUTE
    RTE\nRF_Drivers\nRF51422_xxAC\pstorage.c 0x00000000   Number         0  pstorage.o ABSOLUTE
    RTE\nRF_Drivers\nRF51422_xxAC\spi_master.c 0x00000000   Number         0  spi_master.o ABSOLUTE
    RTE\nRF_Libraries\nRF51422_xxAC\app_button.c 0x00000000   Number         0  app_button.o ABSOLUTE
    RTE\nRF_Libraries\nRF51422_xxAC\app_error.c 0x00000000   Number         0  app_error.o ABSOLUTE
    RTE\nRF_Libraries\nRF51422_xxAC\app_gpiote.c 0x00000000   Number         0  app_gpiote.o ABSOLUTE
    RTE\nRF_Libraries\nRF51422_xxAC\app_scheduler.c 0x00000000   Number         0  app_scheduler.o ABSOLUTE
    RTE\nRF_Libraries\nRF51422_xxAC\app_timer.c 0x00000000   Number         0  app_timer.o ABSOLUTE
    RTE\nRF_Libraries\nRF51422_xxAC\app_trace.c 0x00000000   Number         0  app_trace.o ABSOLUTE
    RTE\nRF_Libraries\nRF51422_xxAC\nrf_assert.c 0x00000000   Number         0  nrf_assert.o ABSOLUTE
    RTE\nRF_Libraries\nRF51422_xxAC\retarget.c 0x00000000   Number         0  retarget.o ABSOLUTE
    RTE\nRF_Libraries\nRF51422_xxAC\sensorsim.c 0x00000000   Number         0  sensorsim.o ABSOLUTE
    RTE\nRF_SoftDevice\nRF51422_xxAC\softdevice_handler.c 0x00000000   Number         0  softdevice_handler.o ABSOLUTE
    ads1291-2.c                              0x00000000   Number         0  ads1291-2.o ABSOLUTE
    ads1291-2.c                              0x00000000   Number         0  ads1291-2.o ABSOLUTE
    dc.s                                     0x00000000   Number         0  dc.o ABSOLUTE
    handlers.s                               0x00000000   Number         0  handlers.o ABSOLUTE
    init.s                                   0x00000000   Number         0  init.o ABSOLUTE
    RESET                                    0x00018000   Section      192  arm_startup_nrf51.o(RESET)
    .ARM.Collect$$$$00000000                 0x000180c0   Section        0  entry.o(.ARM.Collect$$$$00000000)
    .ARM.Collect$$$$00000001                 0x000180c0   Section        4  entry2.o(.ARM.Collect$$$$00000001)
    .ARM.Collect$$$$00000004                 0x000180c4   Section        4  entry5.o(.ARM.Collect$$$$00000004)
    .ARM.Collect$$$$00000008                 0x000180c8   Section        0  entry7b.o(.ARM.Collect$$$$00000008)
    .ARM.Collect$$$$0000000A                 0x000180c8   Section        0  entry8b.o(.ARM.Collect$$$$0000000A)
    .ARM.Collect$$$$0000000B                 0x000180c8   Section        8  entry9a.o(.ARM.Collect$$$$0000000B)
    .ARM.Collect$$$$0000000D                 0x000180d0   Section        0  entry10a.o(.ARM.Collect$$$$0000000D)
    .ARM.Collect$$$$0000000F                 0x000180d0   Section        0  entry11a.o(.ARM.Collect$$$$0000000F)
    .ARM.Collect$$$$00002712                 0x000180d0   Section        4  entry2.o(.ARM.Collect$$$$00002712)
    __lit__00000000                          0x000180d0   Data           4  entry2.o(.ARM.Collect$$$$00002712)
    .emb_text                                0x000180d4   Section       30  nrf_delay.o(.emb_text)
    .emb_text                                0x000180f4   Section       68  bootloader_util_arm.o(.emb_text)
    .emb_text                                0x00018138   Section       30  app_timer.o(.emb_text)
    .text                                    0x00018158   Section       56  arm_startup_nrf51.o(.text)
    .text                                    0x00018190   Section        0  uidiv.o(.text)
    .text                                    0x000181bc   Section        0  idiv.o(.text)
    .text                                    0x000181e4   Section        0  memmovea.o(.text)
    .text                                    0x00018224   Section        0  memseta.o(.text)
    .text                                    0x00018248   Section        0  strlen.o(.text)
    .text                                    0x00018256   Section        0  memcmp.o(.text)
    .text                                    0x00018270   Section       36  init.o(.text)
    .text                                    0x00018294   Section        0  __dczerorl.o(.text)
    i.ADC_IRQHandler                         0x000182d0   Section        0  main.o(i.ADC_IRQHandler)
    i.GPIOTE_IRQHandler                      0x000183c0   Section        0  app_gpiote.o(i.GPIOTE_IRQHandler)
    i.RTC1_IRQHandler                        0x00018500   Section        0  app_timer.o(i.RTC1_IRQHandler)
    i.SPI0_TWI0_IRQHandler                   0x000185a4   Section        0  spi_master.o(i.SPI0_TWI0_IRQHandler)
    i.SWI0_IRQHandler                        0x0001868c   Section        0  app_timer.o(i.SWI0_IRQHandler)
    i.SWI2_IRQHandler                        0x00018694   Section        0  softdevice_handler.o(i.SWI2_IRQHandler)
    i.SystemInit                             0x0001872c   Section        0  system_nrf51.o(i.SystemInit)
    i.UART0_IRQHandler                       0x000187ac   Section        0  app_uart.o(i.UART0_IRQHandler)
    i.__ARM_common_memclr1_5                 0x0001882c   Section        0  main.o(i.__ARM_common_memclr1_5)
    i.__ARM_common_memclr1_6                 0x0001883a   Section        0  device_manager_peripheral.o(i.__ARM_common_memclr1_6)
    i.__ARM_common_memclr1_7                 0x0001884a   Section        0  main.o(i.__ARM_common_memclr1_7)
    i.__ARM_common_memclr2_7                 0x0001885c   Section        0  device_manager_peripheral.o(i.__ARM_common_memclr2_7)
    i.__ARM_common_memcpy1_5                 0x00018868   Section        0  device_manager_peripheral.o(i.__ARM_common_memcpy1_5)
    i.__ARM_common_memcpy1_6                 0x0001887e   Section        0  main.o(i.__ARM_common_memcpy1_6)
    i.__scatterload_copy                     0x00018898   Section       14  handlers.o(i.__scatterload_copy)
    i.__scatterload_null                     0x000188a6   Section        2  handlers.o(i.__scatterload_null)
    i.__scatterload_zeroinit                 0x000188a8   Section       14  handlers.o(i.__scatterload_zeroinit)
    i.ads1291_2_calibrate                    0x000188b6   Section        0  ads1291-2.o(i.ads1291_2_calibrate)
    i.ads1291_2_init_regs                    0x000188e8   Section        0  ads1291-2.o(i.ads1291_2_init_regs)
    i.ads1291_2_powerdn                      0x00018934   Section        0  ads1291-2.o(i.ads1291_2_powerdn)
    i.ads1291_2_powerup                      0x00018940   Section        0  ads1291-2.o(i.ads1291_2_powerup)
    i.ads1291_2_rreg                         0x00018958   Section        0  ads1291-2.o(i.ads1291_2_rreg)
    i.ads1291_2_soft_start_conversion        0x000189b0   Section        0  ads1291-2.o(i.ads1291_2_soft_start_conversion)
    i.ads1291_2_standby                      0x000189ce   Section        0  ads1291-2.o(i.ads1291_2_standby)
    i.ads1291_2_start_rdatac                 0x000189ec   Section        0  ads1291-2.o(i.ads1291_2_start_rdatac)
    i.ads1291_2_stop_rdatac                  0x00018a0a   Section        0  ads1291-2.o(i.ads1291_2_stop_rdatac)
    i.ads1291_2_wake                         0x00018a28   Section        0  ads1291-2.o(i.ads1291_2_wake)
    i.ads1291_2_wreg                         0x00018a50   Section        0  ads1291-2.o(i.ads1291_2_wreg)
    i.adv_data_encode                        0x00018aac   Section        0  ble_advdata.o(i.adv_data_encode)
    adv_data_encode                          0x00018aad   Thumb Code   708  ble_advdata.o(i.adv_data_encode)
    i.advertising_start                      0x00018d74   Section        0  main.o(i.advertising_start)
    advertising_start                        0x00018d75   Thumb Code   104  main.o(i.advertising_start)
    i.alert_timer_handler                    0x00018de0   Section        0  bsp.o(i.alert_timer_handler)
    alert_timer_handler                      0x00018de1   Thumb Code    20  bsp.o(i.alert_timer_handler)
    i.app_button_enable                      0x00018df8   Section        0  app_button.o(i.app_button_enable)
    i.app_button_init                        0x00018e14   Section        0  app_button.o(i.app_button_init)
    i.app_error_handler                      0x00018e8c   Section        0  app_error.o(i.app_error_handler)
    i.app_gpiote_init                        0x00018ea4   Section        0  app_gpiote.o(i.app_gpiote_init)
    i.app_gpiote_pins_state_get              0x00018f04   Section        0  app_gpiote.o(i.app_gpiote_pins_state_get)
    i.app_gpiote_user_enable                 0x00018f38   Section        0  app_gpiote.o(i.app_gpiote_user_enable)
    i.app_gpiote_user_register               0x00018fd8   Section        0  app_gpiote.o(i.app_gpiote_user_register)
    i.app_sched_event_put                    0x00019058   Section        0  app_scheduler.o(i.app_sched_event_put)
    i.app_sched_execute                      0x00019168   Section        0  app_scheduler.o(i.app_sched_execute)
    i.app_sched_init                         0x000191d0   Section        0  app_scheduler.o(i.app_sched_init)
    i.app_timer_create                       0x00019200   Section        0  app_timer.o(i.app_timer_create)
    i.app_timer_evt_get                      0x00019258   Section        0  main.o(i.app_timer_evt_get)
    app_timer_evt_get                        0x00019259   Thumb Code    26  main.o(i.app_timer_evt_get)
    i.app_timer_evt_schedule                 0x00019274   Section        0  main.o(i.app_timer_evt_schedule)
    app_timer_evt_schedule                   0x00019275   Thumb Code    22  main.o(i.app_timer_evt_schedule)
    i.app_timer_init                         0x00019290   Section        0  app_timer.o(i.app_timer_init)
    i.app_timer_start                        0x000193b4   Section        0  app_timer.o(i.app_timer_start)
    i.app_timer_stop                         0x000194a0   Section        0  app_timer.o(i.app_timer_stop)
    i.battery_level_meas_timeout_handler     0x00019568   Section        0  main.o(i.battery_level_meas_timeout_handler)
    battery_level_meas_timeout_handler       0x00019569   Thumb Code     8  main.o(i.battery_level_meas_timeout_handler)
    i.ble_advdata_set                        0x00019574   Section        0  ble_advdata.o(i.ble_advdata_set)
    i.ble_bas_battery_level_update           0x000195d0   Section        0  ble_bas.o(i.ble_bas_battery_level_update)
    i.ble_bas_init                           0x00019640   Section        0  ble_bas.o(i.ble_bas_init)
    i.ble_bas_on_ble_evt                     0x00019798   Section        0  ble_bas.o(i.ble_bas_on_ble_evt)
    i.ble_bms_body_voltage_measurement_send  0x000197f4   Section        0  ble_bms.o(i.ble_bms_body_voltage_measurement_send)
    i.ble_bms_bvm_add                        0x00019894   Section        0  ble_bms.o(i.ble_bms_bvm_add)
    i.ble_bms_init                           0x000198e4   Section        0  ble_bms.o(i.ble_bms_init)
    i.ble_bms_on_ble_evt                     0x00019bb0   Section        0  ble_bms.o(i.ble_bms_on_ble_evt)
    i.ble_conn_params_init                   0x00019c44   Section        0  ble_conn_params.o(i.ble_conn_params_init)
    i.ble_conn_params_on_ble_evt             0x00019cb0   Section        0  ble_conn_params.o(i.ble_conn_params_on_ble_evt)
    i.ble_conn_params_stop                   0x00019d5c   Section        0  ble_conn_params.o(i.ble_conn_params_stop)
    i.ble_dfu_init                           0x00019d6c   Section        0  ble_dfu.o(i.ble_dfu_init)
    i.ble_dfu_on_ble_evt                     0x00019f5c   Section        0  ble_dfu.o(i.ble_dfu_on_ble_evt)
    i.ble_dfu_response_send                  0x0001a0dc   Section        0  ble_dfu.o(i.ble_dfu_response_send)
    i.ble_dis_init                           0x0001a144   Section        0  ble_dis.o(i.ble_dis_init)
    i.ble_evt_dispatch                       0x0001a2fc   Section        0  main.o(i.ble_evt_dispatch)
    ble_evt_dispatch                         0x0001a2fd   Thumb Code   284  main.o(i.ble_evt_dispatch)
    i.ble_srv_ascii_to_utf8                  0x0001a444   Section        0  ble_srv_common.o(i.ble_srv_ascii_to_utf8)
    i.ble_srv_report_ref_encode              0x0001a456   Section        0  ble_srv_common.o(i.ble_srv_report_ref_encode)
    i.body_voltage_meas_timeout_handler      0x0001a464   Section        0  main.o(i.body_voltage_meas_timeout_handler)
    body_voltage_meas_timeout_handler        0x0001a465   Thumb Code    46  main.o(i.body_voltage_meas_timeout_handler)
    i.bootloader_util_app_start              0x0001a4a4   Section        0  bootloader_util_arm.o(i.bootloader_util_app_start)
    i.bsp_button_event_handler               0x0001a4ac   Section        0  bsp.o(i.bsp_button_event_handler)
    bsp_button_event_handler                 0x0001a4ad   Thumb Code    54  bsp.o(i.bsp_button_event_handler)
    i.bsp_indication_set                     0x0001a4f0   Section        0  bsp.o(i.bsp_indication_set)
    i.bsp_init                               0x0001a50c   Section        0  bsp.o(i.bsp_init)
    i.bsp_led_indication                     0x0001a5a8   Section        0  bsp.o(i.bsp_led_indication)
    bsp_led_indication                       0x0001a5a9   Thumb Code   710  bsp.o(i.bsp_led_indication)
    i.char_add                               0x0001a87c   Section        0  ble_dis.o(i.char_add)
    char_add                                 0x0001a87d   Thumb Code   146  ble_dis.o(i.char_add)
    i.cmd_process                            0x0001a914   Section        0  pstorage.o(i.cmd_process)
    cmd_process                              0x0001a915   Thumb Code   232  pstorage.o(i.cmd_process)
    i.cmd_queue_enqueue                      0x0001aa08   Section        0  pstorage.o(i.cmd_queue_enqueue)
    cmd_queue_enqueue                        0x0001aa09   Thumb Code    82  pstorage.o(i.cmd_queue_enqueue)
    i.conn_params_error_handler              0x0001aa60   Section        0  main.o(i.conn_params_error_handler)
    conn_params_error_handler                0x0001aa61   Thumb Code    12  main.o(i.conn_params_error_handler)
    i.conn_params_negotiation                0x0001aa6c   Section        0  ble_conn_params.o(i.conn_params_negotiation)
    conn_params_negotiation                  0x0001aa6d   Thumb Code    94  ble_conn_params.o(i.conn_params_negotiation)
    i.detection_delay_timeout_handler        0x0001aadc   Section        0  app_button.o(i.detection_delay_timeout_handler)
    detection_delay_timeout_handler          0x0001aadd   Thumb Code   102  app_button.o(i.detection_delay_timeout_handler)
    i.device_context_store                   0x0001ab4c   Section        0  device_manager_peripheral.o(i.device_context_store)
    device_context_store                     0x0001ab4d   Thumb Code   150  device_manager_peripheral.o(i.device_context_store)
    i.device_manager_evt_handler             0x0001ac08   Section        0  main.o(i.device_manager_evt_handler)
    device_manager_evt_handler               0x0001ac09   Thumb Code   132  main.o(i.device_manager_evt_handler)
    i.dfu_app_on_dfu_evt                     0x0001aca4   Section        0  dfu_app_handler.o(i.dfu_app_on_dfu_evt)
    i.dfu_app_reset_prepare                  0x0001ae04   Section        0  dfu_app_handler.o(i.dfu_app_reset_prepare)
    dfu_app_reset_prepare                    0x0001ae05   Thumb Code     2  dfu_app_handler.o(i.dfu_app_reset_prepare)
    i.dfu_app_reset_prepare_set              0x0001ae08   Section        0  dfu_app_handler.o(i.dfu_app_reset_prepare_set)
    i.dm_application_context_delete          0x0001ae14   Section        0  device_manager_peripheral.o(i.dm_application_context_delete)
    i.dm_application_context_get             0x0001ae1c   Section        0  device_manager_peripheral.o(i.dm_application_context_get)
    i.dm_application_context_set             0x0001ae24   Section        0  device_manager_peripheral.o(i.dm_application_context_set)
    i.dm_ble_evt_handler                     0x0001ae2c   Section        0  device_manager_peripheral.o(i.dm_ble_evt_handler)
    i.dm_distributed_keys_get                0x0001b320   Section        0  device_manager_peripheral.o(i.dm_distributed_keys_get)
    i.dm_handle_get                          0x0001b3d8   Section        0  device_manager_peripheral.o(i.dm_handle_get)
    i.dm_init                                0x0001b424   Section        0  device_manager_peripheral.o(i.dm_init)
    i.dm_peer_addr_get                       0x0001b538   Section        0  device_manager_peripheral.o(i.dm_peer_addr_get)
    i.dm_pstorage_cb_handler                 0x0001b5c4   Section        0  device_manager_peripheral.o(i.dm_pstorage_cb_handler)
    dm_pstorage_cb_handler                   0x0001b5c5   Thumb Code   346  device_manager_peripheral.o(i.dm_pstorage_cb_handler)
    i.dm_register                            0x0001b740   Section        0  device_manager_peripheral.o(i.dm_register)
    i.drdy_event_handler                     0x0001b7bc   Section        0  main.o(i.drdy_event_handler)
    drdy_event_handler                       0x0001b7bd   Thumb Code     8  main.o(i.drdy_event_handler)
    i.free                                   0x0001b7c8   Section        0  malloc.o(i.free)
    i.gattc_context_apply                    0x0001b81c   Section        0  device_manager_peripheral.o(i.gattc_context_apply)
    gattc_context_apply                      0x0001b81d   Thumb Code     4  device_manager_peripheral.o(i.gattc_context_apply)
    i.gattc_context_load                     0x0001b820   Section        0  device_manager_peripheral.o(i.gattc_context_load)
    gattc_context_load                       0x0001b821   Thumb Code     4  device_manager_peripheral.o(i.gattc_context_load)
    i.gattc_context_store                    0x0001b824   Section        0  device_manager_peripheral.o(i.gattc_context_store)
    gattc_context_store                      0x0001b825   Thumb Code     4  device_manager_peripheral.o(i.gattc_context_store)
    i.gatts_context_apply                    0x0001b828   Section        0  device_manager_peripheral.o(i.gatts_context_apply)
    gatts_context_apply                      0x0001b829   Thumb Code   158  device_manager_peripheral.o(i.gatts_context_apply)
    i.gatts_context_load                     0x0001b8dc   Section        0  device_manager_peripheral.o(i.gatts_context_load)
    gatts_context_load                       0x0001b8dd   Thumb Code    44  device_manager_peripheral.o(i.gatts_context_load)
    i.gatts_context_store                    0x0001b90c   Section        0  device_manager_peripheral.o(i.gatts_context_store)
    gatts_context_store                      0x0001b90d   Thumb Code   174  device_manager_peripheral.o(i.gatts_context_store)
    i.gattsc_context_apply                   0x0001b9cc   Section        0  device_manager_peripheral.o(i.gattsc_context_apply)
    gattsc_context_apply                     0x0001b9cd   Thumb Code     8  device_manager_peripheral.o(i.gattsc_context_apply)
    i.gattsc_context_load                    0x0001b9d4   Section        0  device_manager_peripheral.o(i.gattsc_context_load)
    gattsc_context_load                      0x0001b9d5   Thumb Code    44  device_manager_peripheral.o(i.gattsc_context_load)
    i.gattsc_context_store                   0x0001ba04   Section        0  device_manager_peripheral.o(i.gattsc_context_store)
    gattsc_context_store                     0x0001ba05   Thumb Code     8  device_manager_peripheral.o(i.gattsc_context_store)
    i.gpiote_event_handler                   0x0001ba0c   Section        0  app_button.o(i.gpiote_event_handler)
    gpiote_event_handler                     0x0001ba0d   Thumb Code    38  app_button.o(i.gpiote_event_handler)
    i.leds_timer_handler                     0x0001ba3c   Section        0  bsp.o(i.leds_timer_handler)
    leds_timer_handler                       0x0001ba3d   Thumb Code    18  bsp.o(i.leds_timer_handler)
    i.main                                   0x0001ba54   Section        0  main.o(i.main)
    i.malloc                                 0x0001bfdc   Section        0  malloc.o(i.malloc)
    i.no_service_context_apply               0x0001c048   Section        0  device_manager_peripheral.o(i.no_service_context_apply)
    no_service_context_apply                 0x0001c049   Thumb Code     4  device_manager_peripheral.o(i.no_service_context_apply)
    i.no_service_context_load                0x0001c04c   Section        0  device_manager_peripheral.o(i.no_service_context_load)
    no_service_context_load                  0x0001c04d   Thumb Code     4  device_manager_peripheral.o(i.no_service_context_load)
    i.no_service_context_store               0x0001c050   Section        0  device_manager_peripheral.o(i.no_service_context_store)
    no_service_context_store                 0x0001c051   Thumb Code     4  device_manager_peripheral.o(i.no_service_context_store)
    i.nrf_adc_configure                      0x0001c054   Section        0  nrf_adc.o(i.nrf_adc_configure)
    i.nrf_delay_ms                           0x0001c09c   Section        0  nrf_delay.o(i.nrf_delay_ms)
    i.on_bas_evt                             0x0001c0c0   Section        0  main.o(i.on_bas_evt)
    on_bas_evt                               0x0001c0c1   Thumb Code    50  main.o(i.on_bas_evt)
    i.on_bms_evt                             0x0001c0f8   Section        0  main.o(i.on_bms_evt)
    on_bms_evt                               0x0001c0f9   Thumb Code   346  main.o(i.on_bms_evt)
    i.on_conn_params_evt                     0x0001c25c   Section        0  main.o(i.on_conn_params_evt)
    on_conn_params_evt                       0x0001c25d   Thumb Code    30  main.o(i.on_conn_params_evt)
    i.on_uart_event                          0x0001c280   Section        0  app_uart.o(i.on_uart_event)
    on_uart_event                            0x0001c281   Thumb Code   150  app_uart.o(i.on_uart_event)
    i.pstorage_access_status_get             0x0001c324   Section        0  pstorage.o(i.pstorage_access_status_get)
    i.pstorage_block_identifier_get          0x0001c34c   Section        0  pstorage.o(i.pstorage_block_identifier_get)
    i.pstorage_clear                         0x0001c3a0   Section        0  pstorage.o(i.pstorage_clear)
    i.pstorage_init                          0x0001c40c   Section        0  pstorage.o(i.pstorage_init)
    i.pstorage_load                          0x0001c4b8   Section        0  pstorage.o(i.pstorage_load)
    i.pstorage_register                      0x0001c544   Section        0  pstorage.o(i.pstorage_register)
    i.pstorage_store                         0x0001c63c   Section        0  pstorage.o(i.pstorage_store)
    i.pstorage_sys_event_handler             0x0001c6b4   Section        0  pstorage.o(i.pstorage_sys_event_handler)
    i.pstorage_update                        0x0001c874   Section        0  pstorage.o(i.pstorage_update)
    i.reset_prepare                          0x0001c8ec   Section        0  main.o(i.reset_prepare)
    reset_prepare                            0x0001c8ed   Thumb Code    90  main.o(i.reset_prepare)
    i.sampling_timer_timeout_handler         0x0001c950   Section        0  main.o(i.sampling_timer_timeout_handler)
    sampling_timer_timeout_handler           0x0001c951   Thumb Code    58  main.o(i.sampling_timer_timeout_handler)
    i.softdevice_assertion_handler           0x0001c99c   Section        0  softdevice_handler.o(i.softdevice_assertion_handler)
    i.softdevice_ble_evt_handler_set         0x0001c9a8   Section        0  softdevice_handler.o(i.softdevice_ble_evt_handler_set)
    i.softdevice_handler_init                0x0001c9bc   Section        0  softdevice_handler.o(i.softdevice_handler_init)
    i.softdevice_sys_evt_handler_set         0x0001c9f4   Section        0  softdevice_handler.o(i.softdevice_sys_evt_handler_set)
    i.spi_master_0_event_handler             0x0001ca08   Section        0  main.o(i.spi_master_0_event_handler)
    i.spi_master_evt_handler_reg             0x0001ca0c   Section        0  spi_master.o(i.spi_master_evt_handler_reg)
    i.spi_master_open                        0x0001ca2c   Section        0  spi_master.o(i.spi_master_open)
    i.spi_master_send_recv                   0x0001cb64   Section        0  spi_master.o(i.spi_master_send_recv)
    i.storage_operation_dummy_handler        0x0001cd14   Section        0  device_manager_peripheral.o(i.storage_operation_dummy_handler)
    storage_operation_dummy_handler          0x0001cd15   Thumb Code     4  device_manager_peripheral.o(i.storage_operation_dummy_handler)
    i.swap_state_process                     0x0001cd18   Section        0  pstorage.o(i.swap_state_process)
    swap_state_process                       0x0001cd19   Thumb Code   408  pstorage.o(i.swap_state_process)
    i.sys_evt_dispatch                       0x0001ceb8   Section        0  main.o(i.sys_evt_dispatch)
    sys_evt_dispatch                         0x0001ceb9   Thumb Code    34  main.o(i.sys_evt_dispatch)
    i.timer_list_handler                     0x0001cee0   Section        0  app_timer.o(i.timer_list_handler)
    timer_list_handler                       0x0001cee1   Thumb Code   976  app_timer.o(i.timer_list_handler)
    i.update_timeout_handler                 0x0001d2e0   Section        0  ble_conn_params.o(i.update_timeout_handler)
    update_timeout_handler                   0x0001d2e1   Thumb Code    86  ble_conn_params.o(i.update_timeout_handler)
    i.uuid_list_encode                       0x0001d348   Section        0  ble_advdata.o(i.uuid_list_encode)
    uuid_list_encode                         0x0001d349   Thumb Code   328  ble_advdata.o(i.uuid_list_encode)
    .constdata                               0x0001d490   Section       48  main.o(.constdata)
    .constdata                               0x0001d4c0   Section       16  ble_bms.o(.constdata)
    .constdata                               0x0001d4d0   Section       48  bsp.o(.constdata)
    m_buttons_list                           0x0001d4d0   Data          16  bsp.o(.constdata)
    app_buttons                              0x0001d4e0   Data          32  bsp.o(.constdata)
    .constdata                               0x0001d500   Section       16  ble_dfu.o(.constdata)
    .constdata                               0x0001d510   Section       48  device_manager_peripheral.o(.constdata)
    .constdata                               0x0001d540   Section        4  spi_master.o(.constdata)
    .data                                    0x20002000   Section       80  main.o(.data)
    m_memory_access_in_progress              0x20002000   Data           1  main.o(.data)
    m_register_rewrite_in_progress           0x20002001   Data           1  main.o(.data)
    m_drdy                                   0x20002002   Data           1  main.o(.data)
    m_app_handle                             0x20002003   Data           1  main.o(.data)
    m_sampling_gpiote_id                     0x20002004   Data           1  main.o(.data)
    m_conn_handle                            0x20002006   Data           2  main.o(.data)
    cnt                                      0x20002008   Data           4  main.o(.data)
    context_data                             0x2000200c   Data           4  main.o(.data)
    m_battery_timer_id                       0x20002010   Data           4  main.o(.data)
    m_bvm_send_timer_id                      0x20002014   Data           4  main.o(.data)
    m_sampling_timer_id                      0x20002018   Data           4  main.o(.data)
    m_sec_params                             0x2000201c   Data           5  main.o(.data)
    m_auth_status                            0x20002021   Data           6  main.o(.data)
    m_tx_data_spi                            0x20002027   Data           7  main.o(.data)
    m_rx_data_spi                            0x2000202e   Data           7  main.o(.data)
    m_keys                                   0x20002038   Data          24  main.o(.data)
    .data                                    0x20002050   Section       11  ads1291-2.o(.data)
    .data                                    0x2000205c   Section       28  bsp.o(.data)
    m_stable_state                           0x2000205c   Data           1  bsp.o(.data)
    m_app_ticks_per_100ms                    0x20002060   Data           4  bsp.o(.data)
    m_indication_type                        0x20002064   Data           4  bsp.o(.data)
    m_registered_callback                    0x20002068   Data           4  bsp.o(.data)
    m_events_list                            0x2000206c   Data           4  bsp.o(.data)
    m_leds_timer_id                          0x20002070   Data           4  bsp.o(.data)
    m_alert_timer_id                         0x20002074   Data           4  bsp.o(.data)
    .data                                    0x20002078   Section        4  system_nrf51.o(.data)
    __tagsym$$used                           0x20002078   Number         0  system_nrf51.o(.data)
    .data                                    0x2000207c   Section        8  ble_dfu.o(.data)
    m_is_dfu_service_initialized             0x2000207c   Data           1  ble_dfu.o(.data)
    m_notif_buffer                           0x2000207d   Data           7  ble_dfu.o(.data)
    .data                                    0x20002084   Section       74  ble_dis.o(.data)
    service_handle                           0x20002084   Data           2  ble_dis.o(.data)
    manufact_name_handles                    0x20002086   Data           8  ble_dis.o(.data)
    model_num_handles                        0x2000208e   Data           8  ble_dis.o(.data)
    serial_num_handles                       0x20002096   Data           8  ble_dis.o(.data)
    hw_rev_handles                           0x2000209e   Data           8  ble_dis.o(.data)
    fw_rev_handles                           0x200020a6   Data           8  ble_dis.o(.data)
    sw_rev_handles                           0x200020ae   Data           8  ble_dis.o(.data)
    sys_id_handles                           0x200020b6   Data           8  ble_dis.o(.data)
    reg_cert_data_list_handles               0x200020be   Data           8  ble_dis.o(.data)
    pnp_id_handles                           0x200020c6   Data           8  ble_dis.o(.data)
    .data                                    0x200020d0   Section       24  device_manager_peripheral.o(.data)
    m_module_initialized                     0x200020d0   Data           1  device_manager_peripheral.o(.data)
    m_peer_addr_update                       0x200020d4   Data           4  device_manager_peripheral.o(.data)
    m_irk_index_table                        0x200020d8   Data           7  device_manager_peripheral.o(.data)
    m_storage_handle                         0x200020e0   Data           8  device_manager_peripheral.o(.data)
    .data                                    0x200020e8   Section       24  ble_conn_params.o(.data)
    m_change_param                           0x200020e8   Data           1  ble_conn_params.o(.data)
    m_update_count                           0x200020e9   Data           1  ble_conn_params.o(.data)
    m_conn_handle                            0x200020ea   Data           2  ble_conn_params.o(.data)
    m_conn_params_timer_id                   0x200020ec   Data           4  ble_conn_params.o(.data)
    m_preferred_conn_params                  0x200020f0   Data           8  ble_conn_params.o(.data)
    m_current_conn_params                    0x200020f8   Data           8  ble_conn_params.o(.data)
    .data                                    0x20002100   Section       16  app_uart.o(.data)
    m_instance_counter                       0x20002100   Data           1  app_uart.o(.data)
    m_current_state                          0x20002101   Data           1  app_uart.o(.data)
    m_tx_byte                                0x20002102   Data           1  app_uart.o(.data)
    m_gpiote_uid                             0x20002103   Data           1  app_uart.o(.data)
    m_rx_byte                                0x20002104   Data           2  app_uart.o(.data)
    m_pin_cts_mask                           0x20002108   Data           4  app_uart.o(.data)
    m_event_handler                          0x2000210c   Data           4  app_uart.o(.data)
    .data                                    0x20002110   Section       12  pstorage.o(.data)
    m_module_initialized                     0x20002110   Data           1  pstorage.o(.data)
    m_swap_state                             0x20002111   Data           1  pstorage.o(.data)
    m_next_app_instance                      0x20002112   Data           2  pstorage.o(.data)
    m_round_val                              0x20002114   Data           2  pstorage.o(.data)
    m_next_page_addr                         0x20002118   Data           4  pstorage.o(.data)
    .data                                    0x2000211c   Section        8  dfu_app_handler.o(.data)
    m_reset_prepare                          0x2000211c   Data           4  dfu_app_handler.o(.data)
    m_dm_handle                              0x20002120   Data           4  dfu_app_handler.o(.data)
    .data                                    0x20002124   Section       24  app_button.o(.data)
    m_button_count                           0x20002124   Data           1  app_button.o(.data)
    m_gpiote_user_id                         0x20002125   Data           1  app_button.o(.data)
    mp_buttons                               0x20002128   Data           4  app_button.o(.data)
    m_detection_delay                        0x2000212c   Data           4  app_button.o(.data)
    m_detection_delay_timer_id               0x20002130   Data           4  app_button.o(.data)
    m_pin_transition                         0x20002134   Data           8  app_button.o(.data)
    .data                                    0x2000213c   Section       12  app_gpiote.o(.data)
    m_user_array_size                        0x2000213c   Data           1  app_gpiote.o(.data)
    m_user_count                             0x2000213d   Data           1  app_gpiote.o(.data)
    mp_users                                 0x20002140   Data           4  app_gpiote.o(.data)
    m_enabled_users_mask                     0x20002144   Data           4  app_gpiote.o(.data)
    .data                                    0x20002148   Section       16  app_scheduler.o(.data)
    m_queue_start_index                      0x20002148   Data           1  app_scheduler.o(.data)
    m_queue_end_index                        0x20002149   Data           1  app_scheduler.o(.data)
    m_queue_event_size                       0x2000214a   Data           2  app_scheduler.o(.data)
    m_queue_size                             0x2000214c   Data           2  app_scheduler.o(.data)
    m_queue_event_headers                    0x20002150   Data           4  app_scheduler.o(.data)
    m_queue_event_data                       0x20002154   Data           4  app_scheduler.o(.data)
    .data                                    0x20002158   Section       36  app_timer.o(.data)
    m_node_array_size                        0x20002158   Data           1  app_timer.o(.data)
    m_user_array_size                        0x20002159   Data           1  app_timer.o(.data)
    m_ticks_elapsed_q_read_ind               0x2000215a   Data           1  app_timer.o(.data)
    m_ticks_elapsed_q_write_ind              0x2000215b   Data           1  app_timer.o(.data)
    m_rtc1_running                           0x2000215c   Data           1  app_timer.o(.data)
    m_rtc1_reset                             0x2000215d   Data           1  app_timer.o(.data)
    mp_nodes                                 0x20002160   Data           4  app_timer.o(.data)
    mp_users                                 0x20002164   Data           4  app_timer.o(.data)
    m_timer_id_head                          0x20002168   Data           4  app_timer.o(.data)
    m_ticks_latest                           0x2000216c   Data           4  app_timer.o(.data)
    m_evt_schedule_func                      0x20002170   Data           4  app_timer.o(.data)
    m_ticks_elapsed                          0x20002174   Data           8  app_timer.o(.data)
    .data                                    0x2000217c   Section       20  softdevice_handler.o(.data)
    m_softdevice_enabled                     0x2000217c   Data           1  softdevice_handler.o(.data)
    m_ble_evt_buffer_size                    0x2000217e   Data           2  softdevice_handler.o(.data)
    m_evt_schedule_func                      0x20002180   Data           4  softdevice_handler.o(.data)
    mp_ble_evt_buffer                        0x20002184   Data           4  softdevice_handler.o(.data)
    m_ble_evt_handler                        0x20002188   Data           4  softdevice_handler.o(.data)
    m_sys_evt_handler                        0x2000218c   Data           4  softdevice_handler.o(.data)
    .data                                    0x20002190   Section        4  mvars.o(.data)
    .data                                    0x20002194   Section        4  mvars.o(.data)
    .bss                                     0x20002198   Section     1332  main.o(.bss)
    APP_TIMER_BUF                            0x20002198   Data         776  main.o(.bss)
    m_enc_key                                0x200024a0   Data          28  main.o(.bss)
    m_id_key                                 0x200024bc   Data          23  main.o(.bss)
    m_sign_key                               0x200024d3   Data          16  main.o(.bss)
    BLE_EVT_BUFFER                           0x200024e4   Data          72  main.o(.bss)
    APP_SCHED_BUF                            0x2000252c   Data         176  main.o(.bss)
    app_gpiote_buf                           0x200025dc   Data          60  main.o(.bss)
    m_bms                                    0x20002618   Data         108  main.o(.bss)
    m_bas                                    0x20002684   Data          24  main.o(.bss)
    m_dfus                                   0x2000269c   Data          48  main.o(.bss)
    .bss                                     0x200026cc   Section      307  device_manager_peripheral.o(.bss)
    m_peer_table                             0x200026cc   Data         196  device_manager_peripheral.o(.bss)
    m_bond_table                             0x20002790   Data          28  device_manager_peripheral.o(.bss)
    m_gatts_table                            0x200027ac   Data          36  device_manager_peripheral.o(.bss)
    m_connection_table                       0x200027d0   Data          12  device_manager_peripheral.o(.bss)
    m_application_table                      0x200027dc   Data          12  device_manager_peripheral.o(.bss)
    m_local_id_info                          0x200027e8   Data          23  device_manager_peripheral.o(.bss)
    .bss                                     0x20002800   Section       28  ble_conn_params.o(.bss)
    m_conn_params_config                     0x20002800   Data          28  ble_conn_params.o(.bss)
    .bss                                     0x2000281c   Section      220  pstorage.o(.bss)
    m_cmd_queue                              0x2000281c   Data         204  pstorage.o(.bss)
    m_app_table                              0x200028e8   Data          16  pstorage.o(.bss)
    .bss                                     0x200028f8   Section       40  spi_master.o(.bss)
    m_spi_master_instances                   0x200028f8   Data          40  spi_master.o(.bss)
    .bss                                     0x20002920   Section       60  dfu_app_handler.o(.bss)
    m_peer_data                              0x20002920   Data          60  dfu_app_handler.o(.bss)
    HEAP                                     0x20002960   Section     2048  arm_startup_nrf51.o(HEAP)
    STACK                                    0x20003160   Section     2048  arm_startup_nrf51.o(STACK)

    Global Symbols

    Symbol Name                              Value     Ov Type        Size  Object(Section)

    BuildAttributes$$THM_ISAv3M$S$PE$A:L22$X:L11$S22$IEEE1$IW$USESV6$~STKCKD$USESV7$~SHL$OTIME$EBA8$MICROLIB$REQ8$PRES8$EABIv2 0x00000000   Number         0  anon$$obj.o ABSOLUTE
    __ARM_use_no_argv                        0x00000000   Number         0  main.o ABSOLUTE
    __cpp_initialize__aeabi_                  - Undefined Weak Reference
    __cxa_finalize                            - Undefined Weak Reference
    _clock_init                               - Undefined Weak Reference
    _microlib_exit                            - Undefined Weak Reference
    __Vectors_Size                           0x000000c0   Number         0  arm_startup_nrf51.o ABSOLUTE
    __Vectors                                0x00018000   Data           4  arm_startup_nrf51.o(RESET)
    __Vectors_End                            0x000180c0   Data           0  arm_startup_nrf51.o(RESET)
    __main                                   0x000180c1   Thumb Code     0  entry.o(.ARM.Collect$$$$00000000)
    _main_stk                                0x000180c1   Thumb Code     0  entry2.o(.ARM.Collect$$$$00000001)
    _main_scatterload                        0x000180c5   Thumb Code     0  entry5.o(.ARM.Collect$$$$00000004)
    __main_after_scatterload                 0x000180c9   Thumb Code     0  entry5.o(.ARM.Collect$$$$00000004)
    _main_clock                              0x000180c9   Thumb Code     0  entry7b.o(.ARM.Collect$$$$00000008)
    _main_cpp_init                           0x000180c9   Thumb Code     0  entry8b.o(.ARM.Collect$$$$0000000A)
    _main_init                               0x000180c9   Thumb Code     0  entry9a.o(.ARM.Collect$$$$0000000B)
    __rt_final_cpp                           0x000180d1   Thumb Code     0  entry10a.o(.ARM.Collect$$$$0000000D)
    __rt_final_exit                          0x000180d1   Thumb Code     0  entry11a.o(.ARM.Collect$$$$0000000F)
    __asm___11_nrf_delay_c_532987f3__nrf_delay_us 0x000180d5   Thumb Code    30  nrf_delay.o(.emb_text)
    __asm___21_bootloader_util_arm_c_c13d365c__bootloader_util_reset 0x000180f5   Thumb Code    52  bootloader_util_arm.o(.emb_text)
    __asm___11_app_timer_c_cd27f9c3__nrf_delay_us 0x00018139   Thumb Code    30  app_timer.o(.emb_text)
    Reset_Handler                            0x00018159   Thumb Code    26  arm_startup_nrf51.o(.text)
    NMI_Handler                              0x00018173   Thumb Code     2  arm_startup_nrf51.o(.text)
    HardFault_Handler                        0x00018175   Thumb Code     2  arm_startup_nrf51.o(.text)
    SVC_Handler                              0x00018177   Thumb Code     2  arm_startup_nrf51.o(.text)
    PendSV_Handler                           0x00018179   Thumb Code     2  arm_startup_nrf51.o(.text)
    SysTick_Handler                          0x0001817b   Thumb Code     2  arm_startup_nrf51.o(.text)
    CCM_AAR_IRQHandler                       0x0001817d   Thumb Code     0  arm_startup_nrf51.o(.text)
    ECB_IRQHandler                           0x0001817d   Thumb Code     0  arm_startup_nrf51.o(.text)
    LPCOMP_IRQHandler                        0x0001817d   Thumb Code     0  arm_startup_nrf51.o(.text)
    POWER_CLOCK_IRQHandler                   0x0001817d   Thumb Code     0  arm_startup_nrf51.o(.text)
    QDEC_IRQHandler                          0x0001817d   Thumb Code     0  arm_startup_nrf51.o(.text)
    RADIO_IRQHandler                         0x0001817d   Thumb Code     0  arm_startup_nrf51.o(.text)
    RNG_IRQHandler                           0x0001817d   Thumb Code     0  arm_startup_nrf51.o(.text)
    RTC0_IRQHandler                          0x0001817d   Thumb Code     0  arm_startup_nrf51.o(.text)
    SPI1_TWI1_IRQHandler                     0x0001817d   Thumb Code     0  arm_startup_nrf51.o(.text)
    SWI1_IRQHandler                          0x0001817d   Thumb Code     0  arm_startup_nrf51.o(.text)
    SWI3_IRQHandler                          0x0001817d   Thumb Code     0  arm_startup_nrf51.o(.text)
    SWI4_IRQHandler                          0x0001817d   Thumb Code     0  arm_startup_nrf51.o(.text)
    SWI5_IRQHandler                          0x0001817d   Thumb Code     0  arm_startup_nrf51.o(.text)
    TEMP_IRQHandler                          0x0001817d   Thumb Code     0  arm_startup_nrf51.o(.text)
    TIMER0_IRQHandler                        0x0001817d   Thumb Code     0  arm_startup_nrf51.o(.text)
    TIMER1_IRQHandler                        0x0001817d   Thumb Code     0  arm_startup_nrf51.o(.text)
    TIMER2_IRQHandler                        0x0001817d   Thumb Code     0  arm_startup_nrf51.o(.text)
    WDT_IRQHandler                           0x0001817d   Thumb Code     0  arm_startup_nrf51.o(.text)
    __aeabi_uidiv                            0x00018191   Thumb Code     0  uidiv.o(.text)
    __aeabi_uidivmod                         0x00018191   Thumb Code    44  uidiv.o(.text)
    __aeabi_idiv                             0x000181bd   Thumb Code     0  idiv.o(.text)
    __aeabi_idivmod                          0x000181bd   Thumb Code    40  idiv.o(.text)
    ___aeabi_memcpy8$move                    0x000181e5   Thumb Code     0  memmovea.o(.text)
    __aeabi_memcpy                           0x000181e5   Thumb Code    64  memmovea.o(.text)
    __aeabi_memcpy4                          0x000181e5   Thumb Code     0  memmovea.o(.text)
    __aeabi_memmove                          0x000181e5   Thumb Code     0  memmovea.o(.text)
    __aeabi_memmove4                         0x000181e5   Thumb Code     0  memmovea.o(.text)
    __aeabi_memmove8                         0x000181e5   Thumb Code     0  memmovea.o(.text)
    __aeabi_memset                           0x00018225   Thumb Code    14  memseta.o(.text)
    __aeabi_memset4                          0x00018225   Thumb Code     0  memseta.o(.text)
    __aeabi_memset8                          0x00018225   Thumb Code     0  memseta.o(.text)
    __aeabi_memclr                           0x00018233   Thumb Code     4  memseta.o(.text)
    __aeabi_memclr4                          0x00018233   Thumb Code     0  memseta.o(.text)
    __aeabi_memclr8                          0x00018233   Thumb Code     0  memseta.o(.text)
    _memset$wrapper                          0x00018237   Thumb Code    18  memseta.o(.text)
    strlen                                   0x00018249   Thumb Code    14  strlen.o(.text)
    memcmp                                   0x00018257   Thumb Code    26  memcmp.o(.text)
    __scatterload                            0x00018271   Thumb Code    28  init.o(.text)
    __scatterload_rt2                        0x00018271   Thumb Code     0  init.o(.text)
    __decompress                             0x00018295   Thumb Code     0  __dczerorl.o(.text)
    __decompress0                            0x00018295   Thumb Code    58  __dczerorl.o(.text)
    ADC_IRQHandler                           0x000182d1   Thumb Code   200  main.o(i.ADC_IRQHandler)
    GPIOTE_IRQHandler                        0x000183c1   Thumb Code   302  app_gpiote.o(i.GPIOTE_IRQHandler)
    RTC1_IRQHandler                          0x00018501   Thumb Code   138  app_timer.o(i.RTC1_IRQHandler)
    SPI0_TWI0_IRQHandler                     0x000185a5   Thumb Code   210  spi_master.o(i.SPI0_TWI0_IRQHandler)
    SWI0_IRQHandler                          0x0001868d   Thumb Code     8  app_timer.o(i.SWI0_IRQHandler)
    SWI2_IRQHandler                          0x00018695   Thumb Code   146  softdevice_handler.o(i.SWI2_IRQHandler)
    SystemInit                               0x0001872d   Thumb Code   108  system_nrf51.o(i.SystemInit)
    UART0_IRQHandler                         0x000187ad   Thumb Code   106  app_uart.o(i.UART0_IRQHandler)
    __ARM_common_memclr1_5                   0x0001882d   Thumb Code    14  main.o(i.__ARM_common_memclr1_5)
    __ARM_common_memclr1_6                   0x0001883b   Thumb Code    16  device_manager_peripheral.o(i.__ARM_common_memclr1_6)
    __ARM_common_memclr1_7                   0x0001884b   Thumb Code    18  main.o(i.__ARM_common_memclr1_7)
    __ARM_common_memclr2_7                   0x0001885d   Thumb Code    12  device_manager_peripheral.o(i.__ARM_common_memclr2_7)
    __ARM_common_memcpy1_5                   0x00018869   Thumb Code    22  device_manager_peripheral.o(i.__ARM_common_memcpy1_5)
    __ARM_common_memcpy1_6                   0x0001887f   Thumb Code    26  main.o(i.__ARM_common_memcpy1_6)
    __scatterload_copy                       0x00018899   Thumb Code    14  handlers.o(i.__scatterload_copy)
    __scatterload_null                       0x000188a7   Thumb Code     2  handlers.o(i.__scatterload_null)
    __scatterload_zeroinit                   0x000188a9   Thumb Code    14  handlers.o(i.__scatterload_zeroinit)
    ads1291_2_calibrate                      0x000188b7   Thumb Code    48  ads1291-2.o(i.ads1291_2_calibrate)
    ads1291_2_init_regs                      0x000188e9   Thumb Code    72  ads1291-2.o(i.ads1291_2_init_regs)
    ads1291_2_powerdn                        0x00018935   Thumb Code     8  ads1291-2.o(i.ads1291_2_powerdn)
    ads1291_2_powerup                        0x00018941   Thumb Code    18  ads1291-2.o(i.ads1291_2_powerup)
    ads1291_2_rreg                           0x00018959   Thumb Code    88  ads1291-2.o(i.ads1291_2_rreg)
    ads1291_2_soft_start_conversion          0x000189b1   Thumb Code    30  ads1291-2.o(i.ads1291_2_soft_start_conversion)
    ads1291_2_standby                        0x000189cf   Thumb Code    30  ads1291-2.o(i.ads1291_2_standby)
    ads1291_2_start_rdatac                   0x000189ed   Thumb Code    30  ads1291-2.o(i.ads1291_2_start_rdatac)
    ads1291_2_stop_rdatac                    0x00018a0b   Thumb Code    30  ads1291-2.o(i.ads1291_2_stop_rdatac)
    ads1291_2_wake                           0x00018a29   Thumb Code    40  ads1291-2.o(i.ads1291_2_wake)
    ads1291_2_wreg                           0x00018a51   Thumb Code    90  ads1291-2.o(i.ads1291_2_wreg)
    app_button_enable                        0x00018df9   Thumb Code    22  app_button.o(i.app_button_enable)
    app_button_init                          0x00018e15   Thumb Code    94  app_button.o(i.app_button_init)
    app_error_handler                        0x00018e8d   Thumb Code    16  app_error.o(i.app_error_handler)
    app_gpiote_init                          0x00018ea5   Thumb Code    76  app_gpiote.o(i.app_gpiote_init)
    app_gpiote_pins_state_get                0x00018f05   Thumb Code    42  app_gpiote.o(i.app_gpiote_pins_state_get)
    app_gpiote_user_enable                   0x00018f39   Thumb Code   138  app_gpiote.o(i.app_gpiote_user_enable)
    app_gpiote_user_register                 0x00018fd9   Thumb Code   118  app_gpiote.o(i.app_gpiote_user_register)
    app_sched_event_put                      0x00019059   Thumb Code   256  app_scheduler.o(i.app_sched_event_put)
    app_sched_execute                        0x00019169   Thumb Code    98  app_scheduler.o(i.app_sched_execute)
    app_sched_init                           0x000191d1   Thumb Code    42  app_scheduler.o(i.app_sched_init)
    app_timer_create                         0x00019201   Thumb Code    82  app_timer.o(i.app_timer_create)
    app_timer_init                           0x00019291   Thumb Code   252  app_timer.o(i.app_timer_init)
    app_timer_start                          0x000193b5   Thumb Code   216  app_timer.o(i.app_timer_start)
    app_timer_stop                           0x000194a1   Thumb Code   184  app_timer.o(i.app_timer_stop)
    ble_advdata_set                          0x00019575   Thumb Code    92  ble_advdata.o(i.ble_advdata_set)
    ble_bas_battery_level_update             0x000195d1   Thumb Code   108  ble_bas.o(i.ble_bas_battery_level_update)
    ble_bas_init                             0x00019641   Thumb Code   330  ble_bas.o(i.ble_bas_init)
    ble_bas_on_ble_evt                       0x00019799   Thumb Code    90  ble_bas.o(i.ble_bas_on_ble_evt)
    ble_bms_body_voltage_measurement_send    0x000197f5   Thumb Code   154  ble_bms.o(i.ble_bms_body_voltage_measurement_send)
    ble_bms_bvm_add                          0x00019895   Thumb Code    78  ble_bms.o(i.ble_bms_bvm_add)
    ble_bms_init                             0x000198e5   Thumb Code   690  ble_bms.o(i.ble_bms_init)
    ble_bms_on_ble_evt                       0x00019bb1   Thumb Code   148  ble_bms.o(i.ble_bms_on_ble_evt)
    ble_conn_params_init                     0x00019c45   Thumb Code    88  ble_conn_params.o(i.ble_conn_params_init)
    ble_conn_params_on_ble_evt               0x00019cb1   Thumb Code   164  ble_conn_params.o(i.ble_conn_params_on_ble_evt)
    ble_conn_params_stop                     0x00019d5d   Thumb Code    12  ble_conn_params.o(i.ble_conn_params_stop)
    ble_dfu_init                             0x00019d6d   Thumb Code   470  ble_dfu.o(i.ble_dfu_init)
    ble_dfu_on_ble_evt                       0x00019f5d   Thumb Code   382  ble_dfu.o(i.ble_dfu_on_ble_evt)
    ble_dfu_response_send                    0x0001a0dd   Thumb Code    90  ble_dfu.o(i.ble_dfu_response_send)
    ble_dis_init                             0x0001a145   Thumb Code   358  ble_dis.o(i.ble_dis_init)
    ble_srv_ascii_to_utf8                    0x0001a445   Thumb Code    18  ble_srv_common.o(i.ble_srv_ascii_to_utf8)
    ble_srv_report_ref_encode                0x0001a457   Thumb Code    12  ble_srv_common.o(i.ble_srv_report_ref_encode)
    bootloader_util_app_start                0x0001a4a5   Thumb Code     8  bootloader_util_arm.o(i.bootloader_util_app_start)
    bsp_indication_set                       0x0001a4f1   Thumb Code    22  bsp.o(i.bsp_indication_set)
    bsp_init                                 0x0001a50d   Thumb Code   122  bsp.o(i.bsp_init)
    dfu_app_on_dfu_evt                       0x0001aca5   Thumb Code   306  dfu_app_handler.o(i.dfu_app_on_dfu_evt)
    dfu_app_reset_prepare_set                0x0001ae09   Thumb Code     6  dfu_app_handler.o(i.dfu_app_reset_prepare_set)
    dm_application_context_delete            0x0001ae15   Thumb Code     4  device_manager_peripheral.o(i.dm_application_context_delete)
    dm_application_context_get               0x0001ae1d   Thumb Code     4  device_manager_peripheral.o(i.dm_application_context_get)
    dm_application_context_set               0x0001ae25   Thumb Code     4  device_manager_peripheral.o(i.dm_application_context_set)
    dm_ble_evt_handler                       0x0001ae2d   Thumb Code  1248  device_manager_peripheral.o(i.dm_ble_evt_handler)
    dm_distributed_keys_get                  0x0001b321   Thumb Code   156  device_manager_peripheral.o(i.dm_distributed_keys_get)
    dm_handle_get                            0x0001b3d9   Thumb Code    60  device_manager_peripheral.o(i.dm_handle_get)
    dm_init                                  0x0001b425   Thumb Code   236  device_manager_peripheral.o(i.dm_init)
    dm_peer_addr_get                         0x0001b539   Thumb Code   114  device_manager_peripheral.o(i.dm_peer_addr_get)
    dm_register                              0x0001b741   Thumb Code    98  device_manager_peripheral.o(i.dm_register)
    free                                     0x0001b7c9   Thumb Code    80  malloc.o(i.free)
    main                                     0x0001ba55   Thumb Code  1396  main.o(i.main)
    malloc                                   0x0001bfdd   Thumb Code    92  malloc.o(i.malloc)
    nrf_adc_configure                        0x0001c055   Thumb Code    66  nrf_adc.o(i.nrf_adc_configure)
    nrf_delay_ms                             0x0001c09d   Thumb Code    30  nrf_delay.o(i.nrf_delay_ms)
    pstorage_access_status_get               0x0001c325   Thumb Code    30  pstorage.o(i.pstorage_access_status_get)
    pstorage_block_identifier_get            0x0001c34d   Thumb Code    76  pstorage.o(i.pstorage_block_identifier_get)
    pstorage_clear                           0x0001c3a1   Thumb Code   100  pstorage.o(i.pstorage_clear)
    pstorage_init                            0x0001c40d   Thumb Code   152  pstorage.o(i.pstorage_init)
    pstorage_load                            0x0001c4b9   Thumb Code   130  pstorage.o(i.pstorage_load)
    pstorage_register                        0x0001c545   Thumb Code   236  pstorage.o(i.pstorage_register)
    pstorage_store                           0x0001c63d   Thumb Code   110  pstorage.o(i.pstorage_store)
    pstorage_sys_event_handler               0x0001c6b5   Thumb Code   436  pstorage.o(i.pstorage_sys_event_handler)
    pstorage_update                          0x0001c875   Thumb Code   110  pstorage.o(i.pstorage_update)
    softdevice_assertion_handler             0x0001c99d   Thumb Code    12  softdevice_handler.o(i.softdevice_assertion_handler)
    softdevice_ble_evt_handler_set           0x0001c9a9   Thumb Code    16  softdevice_handler.o(i.softdevice_ble_evt_handler_set)
    softdevice_handler_init                  0x0001c9bd   Thumb Code    48  softdevice_handler.o(i.softdevice_handler_init)
    softdevice_sys_evt_handler_set           0x0001c9f5   Thumb Code    16  softdevice_handler.o(i.softdevice_sys_evt_handler_set)
    spi_master_0_event_handler               0x0001ca09   Thumb Code     2  main.o(i.spi_master_0_event_handler)
    spi_master_evt_handler_reg               0x0001ca0d   Thumb Code    28  spi_master.o(i.spi_master_evt_handler_reg)
    spi_master_open                          0x0001ca2d   Thumb Code   296  spi_master.o(i.spi_master_open)
    spi_master_send_recv                     0x0001cb65   Thumb Code   424  spi_master.o(i.spi_master_send_recv)
    m_service_context_store                  0x0001d510   Data          16  device_manager_peripheral.o(.constdata)
    m_service_context_load                   0x0001d520   Data          16  device_manager_peripheral.o(.constdata)
    m_service_context_apply                  0x0001d530   Data          16  device_manager_peripheral.o(.constdata)
    Region$$Table$$Base                      0x0001d544   Number         0  anon$$obj.o(Region$$Table)
    Region$$Table$$Limit                     0x0001d564   Number         0  anon$$obj.o(Region$$Table)
    ads1291_2_default_regs                   0x20002050   Data          11  ads1291-2.o(.data)
    SystemCoreClock                          0x20002078   Data           4  system_nrf51.o(.data)
    __microlib_freelist                      0x20002190   Data           4  mvars.o(.data)
    __microlib_freelist_initialised          0x20002194   Data           4  mvars.o(.data)
    __heap_base                              0x20002960   Data           0  arm_startup_nrf51.o(HEAP)
    __heap_limit                             0x20003160   Data           0  arm_startup_nrf51.o(HEAP)
    __initial_sp                             0x20003960   Data           0  arm_startup_nrf51.o(STACK)



==============================================================================

Memory Map of the image

  Image Entry point : 0x000180c1

  Load Region LR_IROM1 (Base: 0x00018000, Size: 0x000056fc, Max: 0x00028000, ABSOLUTE, COMPRESSED[0x00005590])

    Execution Region ER_IROM1 (Base: 0x00018000, Size: 0x00005564, Max: 0x00028000, ABSOLUTE)

    Base Addr    Size         Type   Attr      Idx    E Section Name        Object

    0x00018000   0x000000c0   Data   RO          610    RESET               arm_startup_nrf51.o
    0x000180c0   0x00000000   Code   RO         1844  * .ARM.Collect$$$$00000000  mc_p.l(entry.o)
    0x000180c0   0x00000004   Code   RO         1893    .ARM.Collect$$$$00000001  mc_p.l(entry2.o)
    0x000180c4   0x00000004   Code   RO         1896    .ARM.Collect$$$$00000004  mc_p.l(entry5.o)
    0x000180c8   0x00000000   Code   RO         1898    .ARM.Collect$$$$00000008  mc_p.l(entry7b.o)
    0x000180c8   0x00000000   Code   RO         1900    .ARM.Collect$$$$0000000A  mc_p.l(entry8b.o)
    0x000180c8   0x00000008   Code   RO         1901    .ARM.Collect$$$$0000000B  mc_p.l(entry9a.o)
    0x000180d0   0x00000000   Code   RO         1903    .ARM.Collect$$$$0000000D  mc_p.l(entry10a.o)
    0x000180d0   0x00000000   Code   RO         1905    .ARM.Collect$$$$0000000F  mc_p.l(entry11a.o)
    0x000180d0   0x00000004   Code   RO         1894    .ARM.Collect$$$$00002712  mc_p.l(entry2.o)
    0x000180d4   0x0000001e   Code   RO         1103    .emb_text           nrf_delay.o
    0x000180f2   0x00000002   PAD
    0x000180f4   0x00000044   Code   RO         1369    .emb_text           bootloader_util_arm.o
    0x00018138   0x0000001e   Code   RO         1623    .emb_text           app_timer.o
    0x00018156   0x00000002   PAD
    0x00018158   0x00000038   Code   RO          611    .text               arm_startup_nrf51.o
    0x00018190   0x0000002c   Code   RO         1847    .text               mc_p.l(uidiv.o)
    0x000181bc   0x00000028   Code   RO         1849    .text               mc_p.l(idiv.o)
    0x000181e4   0x00000040   Code   RO         1853    .text               mc_p.l(memmovea.o)
    0x00018224   0x00000024   Code   RO         1855    .text               mc_p.l(memseta.o)
    0x00018248   0x0000000e   Code   RO         1857    .text               mc_p.l(strlen.o)
    0x00018256   0x0000001a   Code   RO         1859    .text               mc_p.l(memcmp.o)
    0x00018270   0x00000024   Code   RO         1909    .text               mc_p.l(init.o)
    0x00018294   0x0000003a   Code   RO         1919    .text               mc_p.l(__dczerorl.o)
    0x000182ce   0x00000002   PAD
    0x000182d0   0x000000f0   Code   RO            4    i.ADC_IRQHandler    main.o
    0x000183c0   0x00000140   Code   RO         1528    i.GPIOTE_IRQHandler  app_gpiote.o
    0x00018500   0x000000a4   Code   RO         1624    i.RTC1_IRQHandler   app_timer.o
    0x000185a4   0x000000e8   Code   RO         1312    i.SPI0_TWI0_IRQHandler  spi_master.o
    0x0001868c   0x00000008   Code   RO         1625    i.SWI0_IRQHandler   app_timer.o
    0x00018694   0x00000098   Code   RO         1788    i.SWI2_IRQHandler   softdevice_handler.o
    0x0001872c   0x00000080   Code   RO          618    i.SystemInit        system_nrf51.o
    0x000187ac   0x00000080   Code   RO         1131    i.UART0_IRQHandler  app_uart.o
    0x0001882c   0x0000000e   Code   RO          122    i.__ARM_common_memclr1_5  main.o
    0x0001883a   0x00000010   Code   RO          983    i.__ARM_common_memclr1_6  device_manager_peripheral.o
    0x0001884a   0x00000012   Code   RO          120    i.__ARM_common_memclr1_7  main.o
    0x0001885c   0x0000000c   Code   RO          985    i.__ARM_common_memclr2_7  device_manager_peripheral.o
    0x00018868   0x00000016   Code   RO          981    i.__ARM_common_memcpy1_5  device_manager_peripheral.o
    0x0001887e   0x0000001a   Code   RO          124    i.__ARM_common_memcpy1_6  main.o
    0x00018898   0x0000000e   Code   RO         1913    i.__scatterload_copy  mc_p.l(handlers.o)
    0x000188a6   0x00000002   Code   RO         1914    i.__scatterload_null  mc_p.l(handlers.o)
    0x000188a8   0x0000000e   Code   RO         1915    i.__scatterload_zeroinit  mc_p.l(handlers.o)
    0x000188b6   0x00000030   Code   RO          401    i.ads1291_2_calibrate  ads1291-2.o
    0x000188e6   0x00000002   PAD
    0x000188e8   0x0000004c   Code   RO          403    i.ads1291_2_init_regs  ads1291-2.o
    0x00018934   0x0000000c   Code   RO          404    i.ads1291_2_powerdn  ads1291-2.o
    0x00018940   0x00000018   Code   RO          405    i.ads1291_2_powerup  ads1291-2.o
    0x00018958   0x00000058   Code   RO          406    i.ads1291_2_rreg    ads1291-2.o
    0x000189b0   0x0000001e   Code   RO          408    i.ads1291_2_soft_start_conversion  ads1291-2.o
    0x000189ce   0x0000001e   Code   RO          410    i.ads1291_2_standby  ads1291-2.o
    0x000189ec   0x0000001e   Code   RO          411    i.ads1291_2_start_rdatac  ads1291-2.o
    0x00018a0a   0x0000001e   Code   RO          412    i.ads1291_2_stop_rdatac  ads1291-2.o
    0x00018a28   0x00000028   Code   RO          413    i.ads1291_2_wake    ads1291-2.o
    0x00018a50   0x0000005a   Code   RO          414    i.ads1291_2_wreg    ads1291-2.o
    0x00018aaa   0x00000002   PAD
    0x00018aac   0x000002c8   Code   RO          997    i.adv_data_encode   ble_advdata.o
    0x00018d74   0x0000006c   Code   RO            5    i.advertising_start  main.o
    0x00018de0   0x00000018   Code   RO          510    i.alert_timer_handler  bsp.o
    0x00018df8   0x0000001c   Code   RO         1441    i.app_button_enable  app_button.o
    0x00018e14   0x00000078   Code   RO         1442    i.app_button_init   app_button.o
    0x00018e8c   0x00000018   Code   RO         1505    i.app_error_handler  app_error.o
    0x00018ea4   0x00000060   Code   RO         1529    i.app_gpiote_init   app_gpiote.o
    0x00018f04   0x00000034   Code   RO         1530    i.app_gpiote_pins_state_get  app_gpiote.o
    0x00018f38   0x000000a0   Code   RO         1532    i.app_gpiote_user_enable  app_gpiote.o
    0x00018fd8   0x00000080   Code   RO         1533    i.app_gpiote_user_register  app_gpiote.o
    0x00019058   0x00000110   Code   RO         1580    i.app_sched_event_put  app_scheduler.o
    0x00019168   0x00000068   Code   RO         1581    i.app_sched_execute  app_scheduler.o
    0x000191d0   0x00000030   Code   RO         1582    i.app_sched_init    app_scheduler.o
    0x00019200   0x00000058   Code   RO         1628    i.app_timer_create  app_timer.o
    0x00019258   0x0000001a   Code   RO            6    i.app_timer_evt_get  main.o
    0x00019272   0x00000002   PAD
    0x00019274   0x0000001c   Code   RO            7    i.app_timer_evt_schedule  main.o
    0x00019290   0x00000124   Code   RO         1629    i.app_timer_init    app_timer.o
    0x000193b4   0x000000ec   Code   RO         1630    i.app_timer_start   app_timer.o
    0x000194a0   0x000000c8   Code   RO         1631    i.app_timer_stop    app_timer.o
    0x00019568   0x0000000c   Code   RO            9    i.battery_level_meas_timeout_handler  main.o
    0x00019574   0x0000005c   Code   RO          998    i.ble_advdata_set   ble_advdata.o
    0x000195d0   0x00000070   Code   RO          647    i.ble_bas_battery_level_update  ble_bas.o
    0x00019640   0x00000158   Code   RO          648    i.ble_bas_init      ble_bas.o
    0x00019798   0x0000005a   Code   RO          649    i.ble_bas_on_ble_evt  ble_bas.o
    0x000197f2   0x00000002   PAD
    0x000197f4   0x000000a0   Code   RO          329    i.ble_bms_body_voltage_measurement_send  ble_bms.o
    0x00019894   0x0000004e   Code   RO          330    i.ble_bms_bvm_add   ble_bms.o
    0x000198e2   0x00000002   PAD
    0x000198e4   0x000002cc   Code   RO          333    i.ble_bms_init      ble_bms.o
    0x00019bb0   0x00000094   Code   RO          334    i.ble_bms_on_ble_evt  ble_bms.o
    0x00019c44   0x0000006c   Code   RO         1023    i.ble_conn_params_init  ble_conn_params.o
    0x00019cb0   0x000000ac   Code   RO         1024    i.ble_conn_params_on_ble_evt  ble_conn_params.o
    0x00019d5c   0x00000010   Code   RO         1025    i.ble_conn_params_stop  ble_conn_params.o
    0x00019d6c   0x000001f0   Code   RO          675    i.ble_dfu_init      ble_dfu.o
    0x00019f5c   0x0000017e   Code   RO          676    i.ble_dfu_on_ble_evt  ble_dfu.o
    0x0001a0da   0x00000002   PAD
    0x0001a0dc   0x00000068   Code   RO          678    i.ble_dfu_response_send  ble_dfu.o
    0x0001a144   0x000001b8   Code   RO          719    i.ble_dis_init      ble_dis.o
    0x0001a2fc   0x00000148   Code   RO           10    i.ble_evt_dispatch  main.o
    0x0001a444   0x00000012   Code   RO          741    i.ble_srv_ascii_to_utf8  ble_srv_common.o
    0x0001a456   0x0000000c   Code   RO          742    i.ble_srv_report_ref_encode  ble_srv_common.o
    0x0001a462   0x00000002   PAD
    0x0001a464   0x00000040   Code   RO           11    i.body_voltage_meas_timeout_handler  main.o
    0x0001a4a4   0x00000008   Code   RO         1370    i.bootloader_util_app_start  bootloader_util_arm.o
    0x0001a4ac   0x00000044   Code   RO          511    i.bsp_button_event_handler  bsp.o
    0x0001a4f0   0x0000001c   Code   RO          516    i.bsp_indication_set  bsp.o
    0x0001a50c   0x0000009c   Code   RO          518    i.bsp_init          bsp.o
    0x0001a5a8   0x000002d4   Code   RO          519    i.bsp_led_indication  bsp.o
    0x0001a87c   0x00000098   Code   RO          720    i.char_add          ble_dis.o
    0x0001a914   0x000000f4   Code   RO         1217    i.cmd_process       pstorage.o
    0x0001aa08   0x00000058   Code   RO         1218    i.cmd_queue_enqueue  pstorage.o
    0x0001aa60   0x0000000c   Code   RO           12    i.conn_params_error_handler  main.o
    0x0001aa6c   0x00000070   Code   RO         1026    i.conn_params_negotiation  ble_conn_params.o
    0x0001aadc   0x00000070   Code   RO         1444    i.detection_delay_timeout_handler  app_button.o
    0x0001ab4c   0x000000bc   Code   RO          762    i.device_context_store  device_manager_peripheral.o
    0x0001ac08   0x0000009c   Code   RO           13    i.device_manager_evt_handler  main.o
    0x0001aca4   0x00000160   Code   RO         1392    i.dfu_app_on_dfu_evt  dfu_app_handler.o
    0x0001ae04   0x00000002   Code   RO         1393    i.dfu_app_reset_prepare  dfu_app_handler.o
    0x0001ae06   0x00000002   PAD
    0x0001ae08   0x0000000c   Code   RO         1394    i.dfu_app_reset_prepare_set  dfu_app_handler.o
    0x0001ae14   0x00000008   Code   RO          763    i.dm_application_context_delete  device_manager_peripheral.o
    0x0001ae1c   0x00000008   Code   RO          764    i.dm_application_context_get  device_manager_peripheral.o
    0x0001ae24   0x00000008   Code   RO          765    i.dm_application_context_set  device_manager_peripheral.o
    0x0001ae2c   0x000004f4   Code   RO          767    i.dm_ble_evt_handler  device_manager_peripheral.o
    0x0001b320   0x000000b8   Code   RO          771    i.dm_distributed_keys_get  device_manager_peripheral.o
    0x0001b3d8   0x0000004c   Code   RO          772    i.dm_handle_get     device_manager_peripheral.o
    0x0001b424   0x00000114   Code   RO          774    i.dm_init           device_manager_peripheral.o
    0x0001b538   0x0000008c   Code   RO          775    i.dm_peer_addr_get  device_manager_peripheral.o
    0x0001b5c4   0x0000017c   Code   RO          777    i.dm_pstorage_cb_handler  device_manager_peripheral.o
    0x0001b740   0x0000007c   Code   RO          778    i.dm_register       device_manager_peripheral.o
    0x0001b7bc   0x0000000c   Code   RO           14    i.drdy_event_handler  main.o
    0x0001b7c8   0x00000054   Code   RO         1865    i.free              mc_p.l(malloc.o)
    0x0001b81c   0x00000004   Code   RO          785    i.gattc_context_apply  device_manager_peripheral.o
    0x0001b820   0x00000004   Code   RO          786    i.gattc_context_load  device_manager_peripheral.o
    0x0001b824   0x00000004   Code   RO          787    i.gattc_context_store  device_manager_peripheral.o
    0x0001b828   0x000000b4   Code   RO          788    i.gatts_context_apply  device_manager_peripheral.o
    0x0001b8dc   0x00000030   Code   RO          789    i.gatts_context_load  device_manager_peripheral.o
    0x0001b90c   0x000000c0   Code   RO          790    i.gatts_context_store  device_manager_peripheral.o
    0x0001b9cc   0x00000008   Code   RO          791    i.gattsc_context_apply  device_manager_peripheral.o
    0x0001b9d4   0x00000030   Code   RO          792    i.gattsc_context_load  device_manager_peripheral.o
    0x0001ba04   0x00000008   Code   RO          793    i.gattsc_context_store  device_manager_peripheral.o
    0x0001ba0c   0x00000030   Code   RO         1445    i.gpiote_event_handler  app_button.o
    0x0001ba3c   0x00000018   Code   RO          520    i.leds_timer_handler  bsp.o
    0x0001ba54   0x00000588   Code   RO           15    i.main              main.o
    0x0001bfdc   0x0000006c   Code   RO         1866    i.malloc            mc_p.l(malloc.o)
    0x0001c048   0x00000004   Code   RO          794    i.no_service_context_apply  device_manager_peripheral.o
    0x0001c04c   0x00000004   Code   RO          795    i.no_service_context_load  device_manager_peripheral.o
    0x0001c050   0x00000004   Code   RO          796    i.no_service_context_store  device_manager_peripheral.o
    0x0001c054   0x00000048   Code   RO         1074    i.nrf_adc_configure  nrf_adc.o
    0x0001c09c   0x00000024   Code   RO         1104    i.nrf_delay_ms      nrf_delay.o
    0x0001c0c0   0x00000038   Code   RO           16    i.on_bas_evt        main.o
    0x0001c0f8   0x00000164   Code   RO           17    i.on_bms_evt        main.o
    0x0001c25c   0x00000024   Code   RO           18    i.on_conn_params_evt  main.o
    0x0001c280   0x000000a4   Code   RO         1140    i.on_uart_event     app_uart.o
    0x0001c324   0x00000028   Code   RO         1219    i.pstorage_access_status_get  pstorage.o
    0x0001c34c   0x00000054   Code   RO         1220    i.pstorage_block_identifier_get  pstorage.o
    0x0001c3a0   0x0000006c   Code   RO         1221    i.pstorage_clear    pstorage.o
    0x0001c40c   0x000000ac   Code   RO         1222    i.pstorage_init     pstorage.o
    0x0001c4b8   0x0000008c   Code   RO         1223    i.pstorage_load     pstorage.o
    0x0001c544   0x000000f8   Code   RO         1224    i.pstorage_register  pstorage.o
    0x0001c63c   0x00000078   Code   RO         1225    i.pstorage_store    pstorage.o
    0x0001c6b4   0x000001c0   Code   RO         1226    i.pstorage_sys_event_handler  pstorage.o
    0x0001c874   0x00000078   Code   RO         1227    i.pstorage_update   pstorage.o
    0x0001c8ec   0x00000064   Code   RO           19    i.reset_prepare     main.o
    0x0001c950   0x0000004c   Code   RO           20    i.sampling_timer_timeout_handler  main.o
    0x0001c99c   0x0000000c   Code   RO         1790    i.softdevice_assertion_handler  softdevice_handler.o
    0x0001c9a8   0x00000014   Code   RO         1791    i.softdevice_ble_evt_handler_set  softdevice_handler.o
    0x0001c9bc   0x00000038   Code   RO         1792    i.softdevice_handler_init  softdevice_handler.o
    0x0001c9f4   0x00000014   Code   RO         1794    i.softdevice_sys_evt_handler_set  softdevice_handler.o
    0x0001ca08   0x00000002   Code   RO           21    i.spi_master_0_event_handler  main.o
    0x0001ca0a   0x00000002   PAD
    0x0001ca0c   0x00000020   Code   RO         1354    i.spi_master_evt_handler_reg  spi_master.o
    0x0001ca2c   0x00000138   Code   RO         1314    i.spi_master_open   spi_master.o
    0x0001cb64   0x000001b0   Code   RO         1315    i.spi_master_send_recv  spi_master.o
    0x0001cd14   0x00000004   Code   RO          797    i.storage_operation_dummy_handler  device_manager_peripheral.o
    0x0001cd18   0x000001a0   Code   RO         1228    i.swap_state_process  pstorage.o
    0x0001ceb8   0x00000028   Code   RO           22    i.sys_evt_dispatch  main.o
    0x0001cee0   0x00000400   Code   RO         1633    i.timer_list_handler  app_timer.o
    0x0001d2e0   0x00000068   Code   RO         1027    i.update_timeout_handler  ble_conn_params.o
    0x0001d348   0x00000148   Code   RO          999    i.uuid_list_encode  ble_advdata.o
    0x0001d490   0x00000030   Data   RO           24    .constdata          main.o
    0x0001d4c0   0x00000010   Data   RO          336    .constdata          ble_bms.o
    0x0001d4d0   0x00000030   Data   RO          521    .constdata          bsp.o
    0x0001d500   0x00000010   Data   RO          679    .constdata          ble_dfu.o
    0x0001d510   0x00000030   Data   RO          799    .constdata          device_manager_peripheral.o
    0x0001d540   0x00000004   Data   RO         1317    .constdata          spi_master.o
    0x0001d544   0x00000020   Data   RO         1911    Region$$Table       anon$$obj.o


    Execution Region RW_IRAM1 (Base: 0x20002000, Size: 0x00001960, Max: 0x00006000, ABSOLUTE, COMPRESSED[0x0000002c])

    Base Addr    Size         Type   Attr      Idx    E Section Name        Object

    0x20002000   0x00000050   Data   RW           25    .data               main.o
    0x20002050   0x0000000b   Data   RW          415    .data               ads1291-2.o
    0x2000205b   0x00000001   PAD
    0x2000205c   0x0000001c   Data   RW          522    .data               bsp.o
    0x20002078   0x00000004   Data   RW          619    .data               system_nrf51.o
    0x2000207c   0x00000008   Data   RW          680    .data               ble_dfu.o
    0x20002084   0x0000004a   Data   RW          721    .data               ble_dis.o
    0x200020ce   0x00000002   PAD
    0x200020d0   0x00000018   Data   RW          801    .data               device_manager_peripheral.o
    0x200020e8   0x00000018   Data   RW         1029    .data               ble_conn_params.o
    0x20002100   0x00000010   Data   RW         1141    .data               app_uart.o
    0x20002110   0x0000000c   Data   RW         1230    .data               pstorage.o
    0x2000211c   0x00000008   Data   RW         1396    .data               dfu_app_handler.o
    0x20002124   0x00000018   Data   RW         1446    .data               app_button.o
    0x2000213c   0x0000000c   Data   RW         1534    .data               app_gpiote.o
    0x20002148   0x00000010   Data   RW         1583    .data               app_scheduler.o
    0x20002158   0x00000024   Data   RW         1634    .data               app_timer.o
    0x2000217c   0x00000014   Data   RW         1795    .data               softdevice_handler.o
    0x20002190   0x00000004   Data   RW         1907    .data               mc_p.l(mvars.o)
    0x20002194   0x00000004   Data   RW         1908    .data               mc_p.l(mvars.o)
    0x20002198   0x00000534   Zero   RW           23    .bss                main.o
    0x200026cc   0x00000133   Zero   RW          798    .bss                device_manager_peripheral.o
    0x200027ff   0x00000001   PAD
    0x20002800   0x0000001c   Zero   RW         1028    .bss                ble_conn_params.o
    0x2000281c   0x000000dc   Zero   RW         1229    .bss                pstorage.o
    0x200028f8   0x00000028   Zero   RW         1316    .bss                spi_master.o
    0x20002920   0x0000003c   Zero   RW         1395    .bss                dfu_app_handler.o
    0x2000295c   0x00000004   PAD
    0x20002960   0x00000800   Zero   RW          609    HEAP                arm_startup_nrf51.o
    0x20003160   0x00000800   Zero   RW          608    STACK               arm_startup_nrf51.o


==============================================================================

Image component sizes


      Code (inc. data)   RO Data    RW Data    ZI Data      Debug   Object Name

       498         14          0         11          0       9881   ads1291-2.o
       308         52          0         24          0       9098   app_button.o
        24          8          0          0          0       6924   app_error.o
       756         80          0         12          0       6214   app_gpiote.o
       424         28          0         16          0      12123   app_scheduler.o
      2042        156          0         36          0      20395   app_timer.o
       292         42          0         16          0      11388   app_uart.o
        56         18        192          0       4096        684   arm_startup_nrf51.o
      1132          4          0          0          0       7778   ble_advdata.o
       546         18          0          0          0       5099   ble_bas.o
      1102         32         16          0          0      14694   ble_bms.o
       512         68          0         24         28       6419   ble_conn_params.o
       982         50         16          8          0       8252   ble_dfu.o
       592         88          0         74          0       3955   ble_dis.o
        30          0          0          0          0       1864   ble_srv_common.o
        76         18          0          0          0       1184   bootloader_util_arm.o
      1024        102         48         28          0      11143   bsp.o
      3222        342         48         24        307      25946   device_manager_peripheral.o
       366         52          0          8         60      10849   dfu_app_handler.o
      3126        380         48         80       1332     111845   main.o
        72          6          0          0          0       3204   nrf_adc.o
        66          6          0          0          0       1627   nrf_delay.o
      2228        134          0         12        220      17634   pstorage.o
       260         22          0         20          0       5204   softdevice_handler.o
      1008         50          4          0         40      10989   spi_master.o
       128         20          0          4          0       1579   system_nrf51.o

    ----------------------------------------------------------------------
     20894       1790        404        400       6088     325972   Object Totals
         0          0         32          0          0          0   (incl. Generated)
        22          0          0          3          5          0   (incl. Padding)

    ----------------------------------------------------------------------

      Code (inc. data)   RO Data    RW Data    ZI Data      Debug   Library Member Name

        58          0          0          0          0          0   __dczerorl.o
         0          0          0          0          0          0   entry.o
         0          0          0          0          0          0   entry10a.o
         0          0          0          0          0          0   entry11a.o
         8          4          0          0          0          0   entry2.o
         4          0          0          0          0          0   entry5.o
         0          0          0          0          0          0   entry7b.o
         0          0          0          0          0          0   entry8b.o
         8          4          0          0          0          0   entry9a.o
        30          0          0          0          0          0   handlers.o
        40          0          0          0          0         72   idiv.o
        36          8          0          0          0         68   init.o
       192         20          0          0          0        144   malloc.o
        26          0          0          0          0         72   memcmp.o
        64          0          0          0          0         68   memmovea.o
        36          0          0          0          0        100   memseta.o
         0          0          0          8          0          0   mvars.o
        14          0          0          0          0         60   strlen.o
        44          0          0          0          0         72   uidiv.o

    ----------------------------------------------------------------------
       562         36          0          8          0        656   Library Totals
         2          0          0          0          0          0   (incl. Padding)

    ----------------------------------------------------------------------

      Code (inc. data)   RO Data    RW Data    ZI Data      Debug   Library Name

       560         36          0          8          0        656   mc_p.l

    ----------------------------------------------------------------------
       562         36          0          8          0        656   Library Totals

    ----------------------------------------------------------------------

==============================================================================


      Code (inc. data)   RO Data    RW Data    ZI Data      Debug   

     21456       1826        404        408       6088     320536   Grand Totals
     21456       1826        404         44       6088     320536   ELF Image Totals (compressed)
     21456       1826        404         44          0          0   ROM Totals

==============================================================================

    Total RO  Size (Code + RO Data)                21860 (  21.35kB)
    Total RW  Size (RW Data + ZI Data)              6496 (   6.34kB)
    Total ROM Size (Code + RO Data + RW Data)      21904 (  21.39kB)

==============================================================================

