<html>
<body>
<pre>
<h1>µVision Build Log</h1>
<h2>Tool Versions:</h2>
IDE-Version: µVision V5.14.0.0
Copyright (C) 2015 ARM Ltd and ARM Germany GmbH. All rights reserved.
License Information: Graham Kelly, Virginia Commonwealth University, LIC=----
 
Tool Versions:
Toolchain:       MDK-Lite  Version: 5.14.0.0
Toolchain Path:  C:\Keil_v5\ARM\ARMCC\Bin
C Compiler:      Armcc.exe V5.05 update 1 (build 106)
Assembler:       Armasm.exe V5.05 update 1 (build 106)
Linker/Locator:  ArmLink.exe V5.05 update 1 (build 106)
Library Manager: ArmAr.exe V5.05 update 1 (build 106)
Hex Converter:   FromElf.exe V5.05 update 1 (build 106)
CPU DLL:         
Dialog DLL:      
Target DLL:      Segger\JL2CM3.dll V2.99.13.0
Dialog DLL:      TARMCM1.DLL V1.9.0.0
 
<h2>Project:</h2>
C:\Users\Graham\Documents\Nordic Semiconductor\dfu\bootloader\epbne_v1.5\dual_bank_ble_s110\arm5\dfu_dual_bank_ble_s110_epbnev1_5.uvprojx
Project File Date:  05/07/2015

<h2>Output:</h2>
Build target 'nrf51422_xxac'
compiling main.c...
compiling dfu_transport_ble.c...
linking...
Program Size: Code=13996 RO-data=340 RW-data=236 ZI-data=4992  
FromELF: creating hex file...
".\_build\nrf51422_xxac.axf" - 0 Error(s), 0 Warning(s).

<h2>Software Packages used:</h2>

Package Vendor: ARM
                http://www.keil.com/pack/ARM.CMSIS.4.2.0.pack
                ARM::CMSIS:CORE:3.40.0
                CMSIS (Cortex Microcontroller Software Interface Standard)
   * Component: CORE Version: 3.40.0

Package Vendor: NordicSemiconductor
                http://developer.nordicsemi.com/nRF51_SDK/pieces/nRF_BLE/NordicSemiconductor.nRF_BLE.2.0.0.pack
                NordicSemiconductor::nRF_BLE:BLE_Modules:ble_common:2.0.0
                Bluetooth Low Energy (Bluetooth Smart) services and software modules for Nordic Semiconductor nRF family.
   * Component: ble_common Version: 2.0.0
   * Component: ble_conn_params Version: 2.0.0
   * Component: ble_service_common Version: 2.0.0

Package Vendor: NordicSemiconductor
                http://developer.nordicsemi.com/nRF51_SDK/pieces/nRF_DeviceFamilyPack/NordicSemiconductor.nRF_DeviceFamilyPack.7.1.0.pack
                NordicSemiconductor::Device:Startup:7.1.0
                Nordic Semiconductor nRF ARM devices Device Family Pack.
   * Component: Startup Version: 7.1.0
   * Component: ble_advdata Version: 2.0.0
   * Component: ble_dfu Version: 2.0.0

Package Vendor: NordicSemiconductor
                http://developer.nordicsemi.com/nRF51_SDK/pieces/nRF_Drivers/NordicSemiconductor.nRF_Drivers.2.0.0.pack
                NordicSemiconductor::nRF_Drivers:nrf_error:default:2.0.0
                Drivers for Nordic Semiconductor nRF family.
   * Component: nrf_error Variant: default Version: 2.0.0
   * Component: nrf_delay Version: 2.0.0
   * Component: nrf_gpio Version: 2.0.0
   * Component: pstorage Variant: default Version: 2.0.0

Package Vendor: NordicSemiconductor
                http://developer.nordicsemi.com/nRF51_SDK/pieces/nRF_Examples/NordicSemiconductor.nRF_Examples.8.0.0.pack
                NordicSemiconductor::Board Support:bsp:Defines:8.0.0
                Examples and BSP for Nordic Semiconductor nRF family.
   * Component: bsp Variant: Defines Version: 8.0.0

Package Vendor: NordicSemiconductor
                http://developer.nordicsemi.com/nRF51_SDK/pieces/nRF_Libraries/NordicSemiconductor.nRF_Libraries.2.0.0.pack
                NordicSemiconductor::nRF_Libraries:hci_mem_pool:2.0.0
                Software modules for Nordic Semiconductor nRF family.
   * Component: hci_mem_pool Version: 2.0.0
   * Component: app_util Variant: default Version: 2.0.0
   * Component: dfu_bootloader_util Version: 2.0.0
   * Component: dfu_bootloader Variant: Dual_bank Version: 2.0.0
   * Component: app_timer Variant: default Version: 2.0.0
   * Component: dfu_transport Variant: Ble Version: 2.0.0
   * Component: app_error Version: 2.0.0
   * Component: nrf_assert Version: 2.0.0
   * Component: crc16 Version: 2.0.0
   * Component: app_scheduler Variant: default Version: 2.0.0
   * Component: app_timer_with_app_scheduler Version: 2.0.0
   * Component: dfu_bootloader_settings Version: 2.0.0

Package Vendor: NordicSemiconductor
                http://developer.nordicsemi.com/nRF51_SDK/pieces/nRF_SoftDevice_Common/NordicSemiconductor.nRF_SoftDevice_Common.1.1.2.pack
                NordicSemiconductor::nRF_SoftDevice:Internal:sd_handler_with_app_scheduler:1.1.2
                Common components for Nordic Semiconductor nRF family SoftDevices.
   * Component: sd_handler_with_app_scheduler Version: 1.1.2
   * Component: softdevice_present Version: 1.1.2

Package Vendor: NordicSemiconductor
                http://developer.nordicsemi.com/nRF51_SDK/pieces/nRF_SoftDevice_S110/NordicSemiconductor.nRF_SoftDevice_S110.8.0.0.pack
                NordicSemiconductor::nRF_SoftDevice:s110:default:8.0.0
                Components for Bluetooth Low Energy (Bluetooth Smart) S110 SoftDevice for Nordic Semiconductor nRF family.
   * Component: s110 Variant: default Version: 8.0.0
   * Component: sd_common Variant: default Version: 1.1.2

<h2>Collection of Component include folders:</h2>
  C:\Users\Graham\Documents\Nordic Semiconductor\dfu\bootloader\epbne_v1.5\dual_bank_ble_s110\arm5\RTE
  C:\Users\Graham\Documents\Nordic Semiconductor\dfu\bootloader\epbne_v1.5\dual_bank_ble_s110\arm5\RTE\nRF_BLE\nRF51422_xxAC
  C:\Users\Graham\Documents\Nordic Semiconductor\dfu\bootloader\epbne_v1.5\dual_bank_ble_s110\arm5\RTE\nRF_Drivers\nRF51422_xxAC
  C:\Users\Graham\Documents\Nordic Semiconductor\dfu\bootloader\epbne_v1.5\dual_bank_ble_s110\arm5\RTE\nRF_Libraries\nRF51422_xxAC
  C:\Keil_v5\ARM\PACK\ARM\CMSIS\4.2.0\CMSIS\Include
  C:\Keil_v5\ARM\PACK\NordicSemiconductor\nRF_BLE\2.0.0\ble_services\ble_dfu
  C:\Keil_v5\ARM\PACK\NordicSemiconductor\nRF_BLE\2.0.0\common
  C:\Keil_v5\ARM\PACK\NordicSemiconductor\nRF_DeviceFamilyPack\7.1.0\Device\Include
  C:\Keil_v5\ARM\PACK\NordicSemiconductor\nRF_Drivers\2.0.0\hal
  C:\Keil_v5\ARM\PACK\NordicSemiconductor\nRF_Drivers\2.0.0\pstorage
  C:\Keil_v5\ARM\PACK\NordicSemiconductor\nRF_Examples\8.0.0\bsp
  C:\Keil_v5\ARM\PACK\NordicSemiconductor\nRF_Libraries\2.0.0\bootloader_dfu
  C:\Keil_v5\ARM\PACK\NordicSemiconductor\nRF_Libraries\2.0.0\bootloader_dfu\ble_transport
  C:\Keil_v5\ARM\PACK\NordicSemiconductor\nRF_Libraries\2.0.0\crc16
  C:\Keil_v5\ARM\PACK\NordicSemiconductor\nRF_Libraries\2.0.0\hci
  C:\Keil_v5\ARM\PACK\NordicSemiconductor\nRF_Libraries\2.0.0\scheduler
  C:\Keil_v5\ARM\PACK\NordicSemiconductor\nRF_Libraries\2.0.0\timer
  C:\Keil_v5\ARM\PACK\NordicSemiconductor\nRF_Libraries\2.0.0\util
  C:\Keil_v5\ARM\PACK\NordicSemiconductor\nRF_SoftDevice_Common\1.1.2\softdevice_handler
  C:\Keil_v5\ARM\PACK\NordicSemiconductor\nRF_SoftDevice_S110\8.0.0\headers

<h2>Collection of Component Files used:</h2>

   * Component: ARM::CMSIS:CORE:3.40.0
      Source file:   CMSIS\UserCodeTemplates\ARM\ITM_Retarget.c

   * Component: NordicSemiconductor::nRF_BLE:BLE_Modules:ble_common:2.0.0

   * Component: NordicSemiconductor::nRF_BLE:BLE_Modules:ble_conn_params:2.0.0
      Source file:   common\ble_conn_params.c
      Include file:  common\ble_conn_params.h

   * Component: NordicSemiconductor::nRF_BLE:BLE_Modules:ble_service_common:2.0.0
      Source file:   common\ble_srv_common.c
      Include file:  common\ble_srv_common.h

   * Component: NordicSemiconductor::Device:Startup:7.1.0
      Source file:   Device\Source\system_nrf51.c
      Include file:  Device\Include\system_nrf51.h
      Source file:   Device\Source\arm\arm_startup_nrf51.s

   * Component: NordicSemiconductor::nRF_BLE:BLE_Modules:ble_advdata:2.0.0
      Include file:  common\ble_advdata.h
      Source file:   common\ble_advdata.c

   * Component: NordicSemiconductor::nRF_BLE:BLE_Services:ble_dfu:2.0.0
      Source file:   ble_services\ble_dfu\ble_dfu.c
      Include file:  ble_services\ble_dfu\ble_dfu.h

   * Component: NordicSemiconductor::nRF_Drivers:nrf_error:default:2.0.0

   * Component: NordicSemiconductor::nRF_Drivers:nrf_delay:2.0.0
      Source file:   hal\nrf_delay.c
      Include file:  hal\nrf_delay.h

   * Component: NordicSemiconductor::nRF_Drivers:nrf_gpio:2.0.0
      Include file:  hal\nrf_gpio.h

   * Component: NordicSemiconductor::nRF_Drivers:pstorage:default:2.0.0
      Include file:  pstorage\pstorage.h
      Source file:   pstorage\pstorage.c
      Include file:  pstorage\config\pstorage_platform.h

   * Component: NordicSemiconductor::Board Support:bsp:Defines:8.0.0

   * Component: NordicSemiconductor::nRF_Libraries:hci_mem_pool:2.0.0
      Include file:  hci\config\hci_mem_pool_internal.h
      Source file:   hci\hci_mem_pool.c

   * Component: NordicSemiconductor::nRF_Libraries:app_util:default:2.0.0

   * Component: NordicSemiconductor::nRF_Libraries:DFU:dfu_bootloader_util:2.0.0
      Source file:   bootloader_dfu\bootloader_util_arm.c
      Include file:  bootloader_dfu\bootloader_util.h

   * Component: NordicSemiconductor::nRF_Libraries:DFU:dfu_bootloader:Dual_bank:2.0.0
      Include file:  bootloader_dfu\bootloader.h
      Source file:   bootloader_dfu\dfu_init_template.c
      Source file:   bootloader_dfu\dfu_dual_bank.c
      Source file:   bootloader_dfu\bootloader.c

   * Component: NordicSemiconductor::nRF_Libraries:app_timer:default:2.0.0
      Source file:   timer\app_timer.c
      Include file:  timer\app_timer.h

   * Component: NordicSemiconductor::nRF_Libraries:DFU:dfu_transport:Ble:2.0.0
      Source file:   bootloader_dfu\dfu_transport_ble.c
      Include file:  bootloader_dfu\dfu_transport.h

   * Component: NordicSemiconductor::nRF_Libraries:app_error:2.0.0
      Include file:  util\app_error.h
      Source file:   util\app_error.c

   * Component: NordicSemiconductor::nRF_Libraries:nrf_assert:2.0.0
      Source file:   util\nrf_assert.c
      Include file:  util\nrf_assert.h

   * Component: NordicSemiconductor::nRF_Libraries:crc16:2.0.0
      Include file:  crc16\crc16.h
      Source file:   crc16\crc16.c

   * Component: NordicSemiconductor::nRF_Libraries:app_scheduler:default:2.0.0
      Source file:   scheduler\app_scheduler.c
      Include file:  scheduler\app_scheduler.h

   * Component: NordicSemiconductor::nRF_Libraries:app_timer_with_app_scheduler:2.0.0
      Include file:  timer\app_timer_appsh.h
      Source file:   timer\app_timer_appsh.c

   * Component: NordicSemiconductor::nRF_Libraries:DFU:dfu_bootloader_settings:2.0.0
      Source file:   bootloader_dfu\bootloader_settings_arm.c
      Include file:  bootloader_dfu\dfu_types.h
      Include file:  bootloader_dfu\bootloader_settings.h

   * Component: NordicSemiconductor::nRF_SoftDevice:Internal:sd_handler_with_app_scheduler:1.1.2
      Source file:   softdevice_handler\softdevice_handler_appsh.c

   * Component: NordicSemiconductor::nRF_SoftDevice:Internal:softdevice_present:1.1.2

   * Component: NordicSemiconductor::nRF_SoftDevice:s110:default:8.0.0
      Include file:  headers\ble_err.h
      Include file:  headers\ble_gattc.h
      Include file:  headers\ble_l2cap.h
      Include file:  headers\ble_gatt.h
      Include file:  headers\nrf_error.h
      Include file:  headers\ble_hci.h
      Include file:  headers\ble_types.h
      Include file:  headers\nrf_soc.h
      Include file:  headers\ble.h
      Include file:  headers\nrf_error_soc.h
      Include file:  headers\nrf_sd_def.h
      Include file:  headers\nrf_mbr.h
      Include file:  headers\ble_gap.h
      Include file:  headers\ble_ranges.h
      Include file:  headers\softdevice_assert.h
      Include file:  headers\nrf_svc.h
      Include file:  headers\nrf_error_sdm.h
      Include file:  headers\ble_gatts.h
      Include file:  headers\nrf_sdm.h

   * Component: NordicSemiconductor::nRF_SoftDevice:Internal:sd_common:default:1.1.2
      Source file:   softdevice_handler\softdevice_handler.c
</pre>
</body>
</html>
